2026-10-03T05:49:24.204Z start lap_igpu_chunk4_5cases (chrome)
2026-10-03T06:20:56.165Z lap_igpu_chunk4_5cases: 2026-10-03T06:20:53.720Z DONE
ALL DONE
kernel i915 lines: 0
FINISHED lap_igpu_chunk4_5cases
GPU: intel ANGLE (Intel, Mesa Intel(R) UHD Graphics (TGL GT1), OpenGL ES 3.2) backend webgpu {'gpuchunk': '4'}
ircad01__liver_segments_all      webgpu  fallback=None gpuErrors=0 seconds=112.1 model=0.4508849999997765 hash=f1d1533c
ircad01__liver_vessels_all       webgpu  fallback=None gpuErrors=0 seconds=101.1 model=0.433375 hash=e154d8d2
ircad01__total_liver             webgpu  fallback=None gpuErrors=0 seconds=41.0 model=0.6326699999999255 hash=de14684e
ircad02__liver_segments_all      webgpu  fallback=None gpuErrors=0 seconds=137.4 model=0.5549550000000745 hash=7e1d589f
ircad02__liver_vessels_all       webgpu  fallback=None gpuErrors=0 seconds=136.9 model=0.5202800000002608 hash=59051954
ircad02__total_liver             webgpu  fallback=None gpuErrors=0 seconds=64.0 model=0.38952999999932947 hash=caa8f835
ircad05__liver_segments_all      webgpu  fallback=None gpuErrors=0 seconds=311.3 model=0.46382000000029805 hash=c89697ef
ircad05__liver_vessels_all       webgpu  fallback=None gpuErrors=0 seconds=319.0 model=0.501929999999702 hash=db3c09ff
ircad05__total_liver             webgpu  fallback=None gpuErrors=0 seconds=64.2 model=0.42982500000018625 hash=769283e0
ircad10__liver_segments_all      webgpu  fallback=None gpuErrors=0 seconds=106.0 model=0.5272699999995529 hash=1fde0196
ircad10__liver_vessels_all       webgpu  fallback=None gpuErrors=0 seconds=106.8 model=0.45167500000074506 hash=a77ba800
ircad10__total_liver             webgpu  fallback=None gpuErrors=0 seconds=32.1 model=0.40943999999947844 hash=626cf870
ircad18__liver_segments_all      webgpu  fallback=None gpuErrors=0 seconds=155.2 model=0.3765149999987334 hash=c07a9b53
ircad18__liver_vessels_all       webgpu  fallback=None gpuErrors=0 seconds=160.6 model=0.5029950000010431 hash=cf337a9e
ircad18__total_liver             webgpu  fallback=None gpuErrors=0 seconds=33.5 model=0.429820000000298 hash=d91fb51c
start 2026-10-03 14:49:23
load at start:
 14:49:23 up 3 days,  1:44,  1 user,  load average: 1.88, 1.45, 1.55
kernel lines:
ircad01__liver_segments_all          MATCH (exact)
ircad01__liver_vessels_all           MATCH (exact)
ircad01__total_liver                 MATCH (exact)
ircad02__liver_segments_all          MATCH (exact)
ircad02__liver_vessels_all           MATCH (exact)
ircad02__total_liver                 MATCH (exact)
ircad05__liver_segments_all          DIFFERENT (copy .u8)
ircad05__liver_vessels_all           MATCH (exact)
ircad05__total_liver                 MATCH (exact)
ircad10__liver_segments_all          MATCH (exact)
ircad10__liver_vessels_all           MATCH (exact)
ircad10__total_liver                 MATCH (exact)
ircad18__liver_segments_all          SAME-AS-DESKTOP-NONEXACT (1 voxels)
ircad18__liver_vessels_all           MATCH (exact)
ircad18__total_liver                 MATCH (exact)
ALLDONE
