2026-10-03T06:21:06.702Z start lap_igpu_chunk4_r2 (chrome)
2026-10-03T06:25:21.997Z lap_igpu_chunk4_r2: 2026-10-03T06:25:19.011Z DONE
ALL DONE
kernel i915 lines: 0
FINISHED lap_igpu_chunk4_r2
GPU: intel ANGLE (Intel, Mesa Intel(R) UHD Graphics (TGL GT1), OpenGL ES 3.2) backend webgpu {'gpuchunk': '4'}
ircad01__liver_segments_all      webgpu  fallback=None gpuErrors=0 seconds=102.9 model=0.4181849999986589 hash=f1d1533c
ircad01__liver_vessels_all       webgpu  fallback=None gpuErrors=0 seconds=105.0 model=0.436875 hash=e154d8d2
ircad01__total_liver             webgpu  fallback=None gpuErrors=0 seconds=41.8 model=0.678785000000149 hash=de14684e
start 2026-10-03 15:21:06
load at start:
 15:21:06 up 3 days,  2:16,  1 user,  load average: 1.19, 0.64, 0.63
kernel lines:
ircad01__liver_segments_all          MATCH (exact)
ircad01__liver_vessels_all           MATCH (exact)
ircad01__total_liver                 MATCH (exact)
2026-10-03T06:25:32.537Z start lap_igpu_chunk8_r2 (chrome)
2026-10-03T06:30:17.847Z lap_igpu_chunk8_r2: 2026-10-03T06:30:13.733Z DONE
ALL DONE
kernel i915 lines: 0
FINISHED lap_igpu_chunk8_r2
GPU: intel ANGLE (Intel, Mesa Intel(R) UHD Graphics (TGL GT1), OpenGL ES 3.2) backend webgpu {'gpuchunk': '8'}
ircad01__liver_segments_all      webgpu  fallback=None gpuErrors=0 seconds=120.5 model=0.4578999999985099 hash=f1d1533c
ircad01__liver_vessels_all       webgpu  fallback=None gpuErrors=0 seconds=120.4 model=0.413820000000298 hash=e154d8d2
ircad01__total_liver             webgpu  fallback=None gpuErrors=0 seconds=37.5 model=0.6843000000007451 hash=de14684e
start 2026-10-03 15:25:32
load at start:
 15:25:32 up 3 days,  2:20,  1 user,  load average: 0.74, 0.59, 0.61
kernel lines:
ircad01__liver_segments_all          MATCH (exact)
ircad01__liver_vessels_all           MATCH (exact)
ircad01__total_liver                 MATCH (exact)
ALLDONE
