2026-10-03T05:33:25.719Z start lap_igpu_chunk1_nowait (chrome)
2026-10-03T05:38:31.034Z lap_igpu_chunk1_nowait: 2026-10-03T05:38:30.172Z DONE
ALL DONE
kernel i915 lines: 0
FINISHED lap_igpu_chunk1_nowait
GPU: intel ANGLE (Intel, Mesa Intel(R) UHD Graphics (TGL GT1), OpenGL ES 3.2) backend webgpu {'gpuchunk': '1', 'gpuchunkwait': '0'}
ircad01__liver_segments_all      webgpu  fallback=None gpuErrors=0 seconds=124.4 model=0.4932599999997765 hash=f1d1533c
ircad01__liver_vessels_all       webgpu  fallback=None gpuErrors=0 seconds=133.4 model=0.46487000000011175 hash=e154d8d2
ircad01__total_liver             webgpu  fallback=None gpuErrors=0 seconds=43.8 model=0.6703449999997392 hash=de14684e
start 2026-10-03 14:33:25
load at start:
 14:33:25 up 3 days,  1:28,  1 user,  load average: 1.35, 1.73, 1.91
kernel lines:
ircad01__liver_segments_all          MATCH (exact)
ircad01__liver_vessels_all           MATCH (exact)
ircad01__total_liver                 MATCH (exact)
2026-10-03T05:38:41.539Z start lap_igpu_chunk4 (chrome)
2026-10-03T05:42:46.810Z lap_igpu_chunk4: 2026-10-03T05:42:43.040Z DONE
ALL DONE
kernel i915 lines: 0
FINISHED lap_igpu_chunk4
GPU: intel ANGLE (Intel, Mesa Intel(R) UHD Graphics (TGL GT1), OpenGL ES 3.2) backend webgpu {'gpuchunk': '4'}
ircad01__liver_segments_all      webgpu  fallback=None gpuErrors=0 seconds=101.9 model=0.42687999999988824 hash=f1d1533c
ircad01__liver_vessels_all       webgpu  fallback=None gpuErrors=0 seconds=103.3 model=0.41204999999981373 hash=e154d8d2
ircad01__total_liver             webgpu  fallback=None gpuErrors=0 seconds=33.8 model=0.5889199999999255 hash=de14684e
start 2026-10-03 14:38:41
load at start:
 14:38:41 up 3 days,  1:33,  1 user,  load average: 1.29, 1.54, 1.78
kernel lines:
ircad01__liver_segments_all          MATCH (exact)
ircad01__liver_vessels_all           MATCH (exact)
ircad01__total_liver                 MATCH (exact)
2026-10-03T05:42:57.392Z start lap_igpu_chunk8 (chrome)
2026-10-03T05:47:37.696Z lap_igpu_chunk8: 2026-10-03T05:47:35.562Z DONE
ALL DONE
kernel i915 lines: 0
FINISHED lap_igpu_chunk8
GPU: intel ANGLE (Intel, Mesa Intel(R) UHD Graphics (TGL GT1), OpenGL ES 3.2) backend webgpu {'gpuchunk': '8'}
ircad01__liver_segments_all      webgpu  fallback=None gpuErrors=0 seconds=125.2 model=0.5125849999999628 hash=f1d1533c
ircad01__liver_vessels_all       webgpu  fallback=None gpuErrors=0 seconds=107.6 model=0.46466500000003724 hash=e154d8d2
ircad01__total_liver             webgpu  fallback=None gpuErrors=0 seconds=42.4 model=0.645949999999255 hash=de14684e
start 2026-10-03 14:42:57
load at start:
 14:42:57 up 3 days,  1:37,  1 user,  load average: 0.74, 0.93, 1.46
kernel lines:
ircad01__liver_segments_all          MATCH (exact)
ircad01__liver_vessels_all           MATCH (exact)
ircad01__total_liver                 MATCH (exact)
ALLDONE
