2026-10-08T01:59:48.675Z start m4probe_webgpu_lits_015__liver_segments_all (chrome)
2026-10-08T01:59:58.714Z m4probe_webgpu_lits_015__liver_segments_all: 2026-10-08T01:59:57.580Z DONE
2026-10-08T02:00:02.167Z start m4probe_webgpu_lits_022__liver_segments_all (chrome)
2026-10-08T02:00:12.189Z m4probe_webgpu_lits_022__liver_segments_all: 2026-10-08T02:00:08.275Z DONE
2026-10-08T02:00:15.688Z start m4probe_webgpu_lits_092__liver_segments_all (chrome)
2026-10-08T02:00:30.738Z m4probe_webgpu_lits_092__liver_segments_all: 2026-10-08T02:00:26.525Z DONE
2026-10-08T02:00:34.221Z start m4probe_webgpu_lits_092__total_liver (chrome)
2026-10-08T02:00:44.297Z m4probe_webgpu_lits_092__total_liver: 2026-10-08T02:00:42.025Z DONE
2026-10-08T02:00:47.739Z start m4probe_webgpu_lits_107__liver_segments_all (chrome)
2026-10-08T02:01:02.796Z m4probe_webgpu_lits_107__liver_segments_all: 2026-10-08T02:00:59.864Z DONE
2026-10-08T02:01:06.284Z start m4probe_webgpu_lits_120__liver_segments_all (chrome)
2026-10-08T02:01:21.319Z m4probe_webgpu_lits_120__liver_segments_all: 2026-10-08T02:01:17.170Z DONE
2026-10-08T02:01:24.785Z start m4probe_webgpu_lits_129__liver_segments_all (chrome)
2026-10-08T02:01:39.836Z m4probe_webgpu_lits_129__liver_segments_all: 2026-10-08T02:01:38.839Z DONE
2026-10-08T02:01:43.364Z start m4probe_webgpu_lits_129__liver_vessels_all (chrome)
2026-10-08T02:01:58.413Z m4probe_webgpu_lits_129__liver_vessels_all: 2026-10-08T02:01:58.285Z DONE
2026-10-08T02:02:01.876Z start m4probe_webgpu_lits_163__liver_segments_all (chrome)
2026-10-08T02:02:16.929Z m4probe_webgpu_lits_163__liver_segments_all: 2026-10-08T02:02:14.062Z DONE
2026-10-08T02:02:20.408Z start m4probe_webgpu_lits_185__liver_segments_all (chrome)
2026-10-08T02:02:35.455Z m4probe_webgpu_lits_185__liver_segments_all: 2026-10-08T02:02:33.913Z DONE
ALL DONE
