== lits_015__liver_segments_all 16:50:02 cpu u8 C:/Users/user/Desktop/TSC++Project/paper_jiim/paper_benchmarks/data/browser_lits_v11/lits_v11_chrome_wasm_p1/lits_015__liver_segments_all.u8
   spec 8 lines
   python probe exit 0
   node probe exit 0 COMPARE C:/Users/user/Desktop/TSC++Project/paper_jiim/paper_benchmarks/data/browser_lits_v11/lits_v11_chrome_wasm_p1/lits_015__liver_segments_all.u8: differing voxels 0 of 148111360
== lits_054__liver_vessels_all 16:54:21 cpu u8 C:/Users/user/Desktop/TSC++Project/paper_jiim/paper_benchmarks/data/browser_lits_v11/lits_v11_chrome_wasm_p3/lits_054__liver_vessels_all.u8
   spec 49 lines
   python probe exit 0
   node probe exit 0 COMPARE C:/Users/user/Desktop/TSC++Project/paper_jiim/paper_benchmarks/data/browser_lits_v11/lits_v11_chrome_wasm_p3/lits_054__liver_vessels_all.u8: differing voxels 0 of 25165824
== lits_092__total_liver 17:03:43 cpu u8 C:/Users/user/Desktop/TSC++Project/paper_jiim/paper_benchmarks/data/browser_lits_v11/lits_v11_chrome_wasm_p1/lits_092__total_liver.u8
   spec 8 lines
   python probe exit 0
   node probe exit 0 COMPARE C:/Users/user/Desktop/TSC++Project/paper_jiim/paper_benchmarks/data/browser_lits_v11/lits_v11_chrome_wasm_p1/lits_092__total_liver.u8: differing voxels 0 of 219152384
== lits_107__liver_segments_all 17:05:17 cpu u8 C:/Users/user/Desktop/TSC++Project/paper_jiim/paper_benchmarks/data/browser_lits_v11/lits_v11_chrome_wasm_p1/lits_107__liver_segments_all.u8
   spec 8 lines
   python probe exit 0
   node probe exit 0 COMPARE C:/Users/user/Desktop/TSC++Project/paper_jiim/paper_benchmarks/data/browser_lits_v11/lits_v11_chrome_wasm_p1/lits_107__liver_segments_all.u8: differing voxels 0 of 202113024
== lits_120__liver_segments_all 17:11:45 cpu u8 C:/Users/user/Desktop/TSC++Project/paper_jiim/paper_benchmarks/data/browser_lits_v11/lits_v11_chrome_wasm_p2/lits_120__liver_segments_all.u8
   spec 8 lines
   python probe exit 0
   node probe exit 0 COMPARE C:/Users/user/Desktop/TSC++Project/paper_jiim/paper_benchmarks/data/browser_lits_v11/lits_v11_chrome_wasm_p2/lits_120__liver_segments_all.u8: differing voxels 0 of 111149056
== lits_129__liver_segments_all 17:19:03 cpu u8 C:/Users/user/Desktop/TSC++Project/paper_jiim/paper_benchmarks/data/browser_lits_v11/lits_v11_chrome_wasm_p1/lits_129__liver_segments_all.u8
   spec 16 lines
   python probe exit 0
   node probe exit 0 COMPARE C:/Users/user/Desktop/TSC++Project/paper_jiim/paper_benchmarks/data/browser_lits_v11/lits_v11_chrome_wasm_p1/lits_129__liver_segments_all.u8: differing voxels 0 of 88604672
== lits_129__liver_vessels_all 17:30:59 cpu u8 C:/Users/user/Desktop/TSC++Project/paper_jiim/paper_benchmarks/data/browser_lits_v11/lits_v11_chrome_wasm_p1/lits_129__liver_vessels_all.u8
   spec 49 lines
   python probe exit 0
   node probe exit 0 COMPARE C:/Users/user/Desktop/TSC++Project/paper_jiim/paper_benchmarks/data/browser_lits_v11/lits_v11_chrome_wasm_p1/lits_129__liver_vessels_all.u8: differing voxels 0 of 88604672
== lits_163__liver_segments_all 17:43:53 cpu u8 C:/Users/user/Desktop/TSC++Project/paper_jiim/paper_benchmarks/data/browser_lits_v11/lits_v11_chrome_wasm_p2/lits_163__liver_segments_all.u8
   spec 8 lines
   python probe exit 0
   node probe exit 0 COMPARE C:/Users/user/Desktop/TSC++Project/paper_jiim/paper_benchmarks/data/browser_lits_v11/lits_v11_chrome_wasm_p2/lits_163__liver_segments_all.u8: differing voxels 0 of 123731968
== lits_185__liver_segments_all 17:52:47 cpu u8 C:/Users/user/Desktop/TSC++Project/paper_jiim/paper_benchmarks/data/browser_lits_v11/lits_v11_chrome_wasm_p1/lits_185__liver_segments_all.u8
   spec 8 lines
   python probe exit 0
   node probe exit 0 COMPARE C:/Users/user/Desktop/TSC++Project/paper_jiim/paper_benchmarks/data/browser_lits_v11/lits_v11_chrome_wasm_p1/lits_185__liver_segments_all.u8: differing voxels 0 of 164888576
ALLDONE
