== lits_015__liver_segments_all 09:48:48
   spec 16 lines
   probe exit 0
== lits_022__liver_segments_all 09:51:45
   spec 8 lines
   probe exit 0
== lits_092__liver_segments_all 09:54:09
   spec 8 lines
   probe exit 0
== lits_092__total_liver 09:57:42
   spec 8 lines
   probe exit 0
== lits_107__liver_segments_all 09:59:31
   spec 8 lines
   probe exit 0
== lits_120__liver_segments_all 10:03:46
   spec 8 lines
   probe exit 0
== lits_129__liver_segments_all 10:08:16
   spec 8 lines
   probe exit 0
== lits_129__liver_vessels_all 10:14:38
   spec 49 lines
   probe exit 0
== lits_163__liver_segments_all 10:21:51
   spec 8 lines
   probe exit 0
== lits_185__liver_segments_all 10:26:53
   spec 8 lines
   probe exit 0
ALLDONE
