[0.4s] series 1.2.826.0.1.3680043.2.1125.9647753419956608505832502991212815128: 512x512x129
[1.2s] task liver_segments, 2 model(s) loaded (1 threads)
[1.2s] resample_6mm         0%[1.2s] crop_model           0%[4.5s] crop_model         100%
[4.6s] resample_part        0%[4.8s] part_model           0%[29.3s] part_model           8%[53.6s] part_model          17%[78.2s] part_model          25%[102.5s] part_model          33%[127.0s] part_model          42%[152.1s] part_model          50%[176.6s] part_model          58%[201.4s] part_model          67%[226.0s] part_model          75%[251.1s] part_model          83%[276.0s] part_model          92%[301.3s] part_model         100%
[301.3s] done               100%

  resample 6mm                       1 ms
  crop: preprocess                  15 ms
  crop: tiles (net+accum)         2951 ms
  crop: finish/argmax              364 ms
  crop: labels -> full res          27 ms
  bbox + crop                       46 ms
  resample task spacing             58 ms
  part: preprocess                 137 ms
  part: tiles (net+accum)       295832 ms
  part: finish/argmax+merge        692 ms
  back to orig + uncrop             32 ms
  liver_segment_1                   68.4 ml    19608 triangles
  liver_segment_2                  169.0 ml    32560 triangles
  liver_segment_3                   87.6 ml    21072 triangles
  liver_segment_4                  143.9 ml    28724 triangles
  liver_segment_5                  190.3 ml    34904 triangles
  liver_segment_6                  172.5 ml    34392 triangles
  liver_segment_7                  388.3 ml    49168 triangles
  liver_segment_8                  347.4 ml    48260 triangles
[302.0s] 8 structure(s) -> out/native/case1_liver_segments_t1_labels.nii, out/native/case1_liver_segments_t1.obj, out/native/case1_liver_segments_t1.stl
