ircad01__liver_segments_all              vs python     0   vs browser(desk_chrome_wasm_20) 0
ircad01__liver_vessels_all               vs python     0   vs browser(desk_chrome_wasm_20) 0
ircad01__total_all                       vs python     0   vs browser(desk_chrome_webgpu_total_20) 0
ircad01__total_liver                     vs python     0   vs browser(desk_chrome_wasm_20) 0
ircad02__liver_segments_all              vs python     0   vs browser(desk_chrome_wasm_20) 0
ircad02__liver_vessels_all               vs python     0   vs browser(desk_chrome_wasm_20) 0
ircad02__total_all                       vs python     0   vs browser(desk_chrome_webgpu_total_20) 0
ircad02__total_liver                     vs python     0   vs browser(desk_chrome_wasm_20) 0
ircad03__liver_segments_all              vs python     0   vs browser(desk_chrome_wasm_20) 0
ircad03__liver_vessels_all               vs python     0   vs browser(desk_chrome_wasm_20) 0
ircad03__total_all                       vs python     0   vs browser(desk_chrome_webgpu_total_20) 0
ircad03__total_liver                     vs python     0   vs browser(desk_chrome_wasm_20) 0
ircad04__liver_segments_all              vs python     0   vs browser(desk_chrome_wasm_20) 0
ircad04__liver_vessels_all               vs python     0   vs browser(desk_chrome_wasm_20) 0
ircad04__total_all                       vs python     4   vs browser(desk_chrome_webgpu_total_20) 0
ircad04__total_liver                     vs python     0   vs browser(desk_chrome_wasm_20) 0
ircad05__liver_segments_all              vs python     1   vs browser(desk_chrome_wasm_20) 0
ircad05__liver_vessels_all               vs python     0   vs browser(desk_chrome_wasm_20) 0
ircad05__total_all                       vs python     4   vs browser(desk_chrome_webgpu_total_20) 0
ircad05__total_liver                     vs python     0   vs browser(desk_chrome_wasm_20) 0
ircad06__liver_segments_all              vs python     0   vs browser(desk_chrome_wasm_20) 0
ircad06__liver_vessels_all               vs python     0   vs browser(desk_chrome_wasm_20) 0
ircad06__total_all                       vs python     0   vs browser(desk_chrome_webgpu_total_20) 0
ircad06__total_liver                     vs python     0   vs browser(desk_chrome_wasm_20) 0
ircad07__liver_segments_all              vs python     0   vs browser(desk_chrome_wasm_20) 0
ircad07__liver_vessels_all               vs python     0   vs browser(desk_chrome_wasm_20) 0
ircad07__total_all                       vs python     2   vs browser(desk_chrome_webgpu_total_20) 2  <-- differs from the measured browser run
ircad07__total_liver                     vs python     0   vs browser(desk_chrome_wasm_20) 0
ircad08__liver_segments_all              vs python     0   vs browser(desk_chrome_wasm_20) 0
ircad08__liver_vessels_all               vs python     0   vs browser(desk_chrome_wasm_20) 0
ircad08__total_all                       vs python     0   vs browser(desk_chrome_webgpu_total_20) 0
ircad08__total_liver                     vs python     0   vs browser(desk_chrome_wasm_20) 0
ircad09__liver_segments_all              vs python     0   vs browser(desk_chrome_wasm_20) 0
ircad09__liver_vessels_all               vs python     0   vs browser(desk_chrome_wasm_20) 0
ircad09__total_all                       vs python     0   vs browser(desk_chrome_webgpu_total_20) 0
ircad09__total_liver                     vs python     0   vs browser(desk_chrome_wasm_20) 0
ircad10__liver_segments_all              vs python     0   vs browser(desk_chrome_wasm_20) 0
ircad10__liver_vessels_all               vs python     0   vs browser(desk_chrome_wasm_20) 0
ircad10__total_all                       vs python     0   vs browser(desk_chrome_webgpu_total_20) 0
ircad10__total_liver                     vs python     0   vs browser(desk_chrome_wasm_20) 0
ircad11__liver_segments_all              vs python     0   vs browser(desk_chrome_wasm_20) 0
ircad11__liver_vessels_all               vs python     0   vs browser(desk_chrome_wasm_20) 0
ircad11__total_all                       vs python     0   vs browser(desk_chrome_webgpu_total_20) 0
ircad11__total_liver                     vs python     0   vs browser(desk_chrome_wasm_20) 0
ircad12__liver_segments_all              vs python     0   vs browser(desk_chrome_wasm_20) 0
ircad12__liver_vessels_all               vs python     0   vs browser(desk_chrome_wasm_20) 1  <-- differs from the measured browser run
ircad12__total_all                       vs python     0   vs browser(desk_chrome_webgpu_total_20) 0
ircad12__total_liver                     vs python     0   vs browser(desk_chrome_wasm_20) 0
ircad13__liver_segments_all              vs python     0   vs browser(desk_chrome_wasm_20) 0
ircad13__liver_vessels_all               vs python     0   vs browser(desk_chrome_wasm_20) 0
ircad13__total_all                       vs python     0   vs browser(desk_chrome_webgpu_total_20) 0
ircad13__total_liver                     vs python     0   vs browser(desk_chrome_wasm_20) 0
ircad14__liver_segments_all              vs python     1   vs browser(desk_chrome_wasm_20) 1  <-- differs from the measured browser run
ircad14__liver_vessels_all               vs python     0   vs browser(desk_chrome_wasm_20) 0
ircad14__total_all                       vs python     0   vs browser(desk_chrome_webgpu_total_20) 0
ircad14__total_liver                     vs python     0   vs browser(desk_chrome_wasm_20) 0
ircad15__liver_segments_all              vs python     0   vs browser(desk_chrome_wasm_20) 0
ircad15__liver_vessels_all               vs python     0   vs browser(desk_chrome_wasm_20) 0
ircad15__total_all                       vs python     0   vs browser(desk_chrome_webgpu_total_20) 0
ircad15__total_liver                     vs python     0   vs browser(desk_chrome_wasm_20) 0
ircad16__liver_segments_all              vs python     1   vs browser(desk_chrome_wasm_20) 0
ircad16__liver_vessels_all               vs python     0   vs browser(desk_chrome_wasm_20) 0
ircad16__total_all                       vs python     0   vs browser(desk_chrome_webgpu_total_20) 0
ircad16__total_liver                     vs python     0   vs browser(desk_chrome_wasm_20) 0
ircad17__liver_segments_all              vs python     0   vs browser(desk_chrome_wasm_20) 0
ircad17__liver_vessels_all               vs python     0   vs browser(desk_chrome_wasm_20) 0
ircad17__total_all                       vs python     0   vs browser(desk_chrome_webgpu_total_20) 0
ircad17__total_liver                     vs python     0   vs browser(desk_chrome_wasm_20) 0
ircad18__liver_segments_all              vs python     1   vs browser(desk_chrome_wasm_20) 0
ircad18__liver_vessels_all               vs python     0   vs browser(desk_chrome_wasm_20) 0
ircad18__total_all                       vs python     4   vs browser(desk_chrome_webgpu_total_20) 4  <-- differs from the measured browser run
ircad18__total_liver                     vs python     0   vs browser(desk_chrome_wasm_20) 0
ircad19__liver_segments_all              vs python     0   vs browser(desk_chrome_wasm_20) 0
ircad19__liver_vessels_all               vs python     0   vs browser(desk_chrome_wasm_20) 0
ircad19__total_all                       vs python     0   vs browser(desk_chrome_webgpu_total_20) 0
ircad19__total_liver                     vs python     0   vs browser(desk_chrome_wasm_20) 0
ircad20__liver_segments_all              vs python     0   vs browser(desk_chrome_wasm_20) 0
ircad20__liver_vessels_all               vs python     0   vs browser(desk_chrome_wasm_20) 0
ircad20__total_all                       vs python     0   vs browser(desk_chrome_webgpu_total_20) 0
ircad20__total_liver                     vs python     4   vs browser(desk_chrome_wasm_20) 0
RESULT: 4 label maps differ
