PROBE env ts=2.18.0 torch=2.11.0+cu126 threads=16
PROBE pad tid=298 padded=(64, 64, 64) pad_lo=(np.int64(12), np.int64(2), np.int64(2))
PROBE begin tid=298 padded=(64, 64, 64) pad_lo=(np.int64(12), np.int64(2), np.int64(2)) tiles=1 probes net=0
PROBE pad tid=8 padded=(152, 325, 394) pad_lo=(0, 0, 0)
PROBE begin tid=8 padded=(152, 325, 394) pad_lo=(0, 0, 0) tiles=48 probes net=48
PROBE acc tid=8 net=(50,229,100) tile=4 origin=(0,66,0) g=0.0159301758 n=0->0.0159301758 c0:y=2.74048591,a=0->0.0436706543 c1:y=-5.71358585,a=0->-0.091003418 c2:y=2.97266817,a=0->0.0473632812
PROBE acc tid=8 net=(50,229,101) tile=4 origin=(0,66,0) g=0.0158081055 n=0->0.0158081055 c0:y=3.47705173,a=0->0.0549621582 c1:y=-5.77831745,a=0->-0.0913696289 c2:y=2.31436539,a=0->0.0365905762
PROBE acc tid=8 net=(50,229,102) tile=4 origin=(0,66,0) g=0.0156555176 n=0->0.0156555176 c0:y=4.22738028,a=0->0.0661621094 c1:y=-5.92442513,a=0->-0.0927734375 c2:y=1.71560323,a=0->0.0268554688
PROBE acc tid=8 net=(50,229,103) tile=4 origin=(0,66,0) g=0.0154876709 n=0->0.0154876709 c0:y=4.45883226,a=0->0.0690307617 c1:y=-5.91966343,a=0->-0.0916748047 c2:y=1.48120809,a=0->0.02293396
PROBE acc tid=8 net=(50,230,100) tile=4 origin=(0,66,0) g=0.014175415 n=0->0.014175415 c0:y=1.17019916,a=0->0.0165863037 c1:y=-5.76702213,a=0->-0.0817260742 c2:y=4.57163858,a=0->0.0648193359
PROBE acc tid=8 net=(50,230,101) tile=4 origin=(0,66,0) g=0.0140609741 n=0->0.0140609741 c0:y=1.50160646,a=0->0.0211181641 c1:y=-5.64072418,a=0->-0.079284668 c2:y=4.11580992,a=0->0.0578613281
PROBE acc tid=8 net=(50,230,102) tile=4 origin=(0,66,0) g=0.0139312744 n=0->0.0139312744 c0:y=2.19587803,a=0->0.0305938721 c1:y=-5.66872263,a=0->-0.0789794922 c2:y=3.46159649,a=0->0.0482177734
PROBE acc tid=8 net=(50,230,103) tile=4 origin=(0,66,0) g=0.0137710571 n=0->0.0137710571 c0:y=2.65949178,a=0->0.0366210938 c1:y=-5.72805738,a=0->-0.0788574219 c2:y=3.06711626,a=0->0.0422363281
PROBE acc tid=8 net=(50,231,100) tile=4 origin=(0,66,0) g=0.0125808716 n=0->0.0125808716 c0:y=0.955301523,a=0->0.0120162964 c1:y=-6.20263624,a=0->-0.0780639648 c2:y=5.2307539,a=0->0.0657958984
PROBE acc tid=8 net=(50,231,101) tile=4 origin=(0,66,0) g=0.0124893188 n=0->0.0124893188 c0:y=1.12014103,a=0->0.0139923096 c1:y=-6.05186701,a=0->-0.0755615234 c2:y=4.9096117,a=0->0.0613098145
PROBE acc tid=8 net=(50,231,102) tile=4 origin=(0,66,0) g=0.0123672485 n=0->0.0123672485 c0:y=1.23816526,a=0->0.0153121948 c1:y=-5.89298296,a=0->-0.0728759766 c2:y=4.62842751,a=0->0.0572509766
PROBE acc tid=8 net=(50,231,103) tile=4 origin=(0,66,0) g=0.0122299194 n=0->0.0122299194 c0:y=1.31733716,a=0->0.0161132812 c1:y=-5.84584188,a=0->-0.071472168 c2:y=4.49960232,a=0->0.0550231934
PROBE acc tid=8 net=(50,232,100) tile=4 origin=(0,66,0) g=0.0111541748 n=0->0.0111541748 c0:y=0.725950956,a=0->0.0080947876 c1:y=-6.67157269,a=0->-0.0744018555 c2:y=5.94253397,a=0->0.0662841797
PROBE acc tid=8 net=(50,232,101) tile=4 origin=(0,66,0) g=0.0110626221 n=0->0.0110626221 c0:y=0.890687048,a=0->0.00984954834 c1:y=-6.56186914,a=0->-0.0725708008 c2:y=5.6601572,a=0->0.0626220703
PROBE acc tid=8 net=(50,232,102) tile=4 origin=(0,66,0) g=0.0109634399 n=0->0.0109634399 c0:y=1.03734732,a=0->0.0113754272 c1:y=-6.37385559,a=0->-0.0698852539 c2:y=5.31772041,a=0->0.0582885742
PROBE acc tid=8 net=(50,232,103) tile=4 origin=(0,66,0) g=0.0108413696 n=0->0.0108413696 c0:y=1.20030236,a=0->0.0130157471 c1:y=-6.31424952,a=0->-0.0684814453 c2:y=5.08956194,a=0->0.0551757812
PROBE acc tid=8 net=(51,229,100) tile=4 origin=(0,66,0) g=0.011932373 n=0->0.011932373 c0:y=3.85717988,a=0->0.0460205078 c1:y=-6.03151655,a=0->-0.0719604492 c2:y=2.18792844,a=0->0.0261077881
PROBE acc tid=8 net=(51,229,101) tile=4 origin=(0,66,0) g=0.0118408203 n=0->0.0118408203 c0:y=4.17881632,a=0->0.0494689941 c1:y=-6.06193304,a=0->-0.0717773438 c2:y=1.8992883,a=0->0.0224914551
PROBE acc tid=8 net=(51,229,102) tile=4 origin=(0,66,0) g=0.0117263794 n=0->0.0117263794 c0:y=4.27778912,a=0->0.0501708984 c1:y=-6.08951426,a=0->-0.0714111328 c2:y=1.82486522,a=0->0.0213928223
PROBE acc tid=8 net=(51,229,103) tile=4 origin=(0,66,0) g=0.0115966797 n=0->0.0115966797 c0:y=4.43654442,a=0->0.0514526367 c1:y=-6.12206125,a=0->-0.0709838867 c2:y=1.6964066,a=0->0.0196685791
PROBE acc tid=8 net=(51,230,100) tile=4 origin=(0,66,0) g=0.0106124878 n=0->0.0106124878 c0:y=2.00197291,a=0->0.0212402344 c1:y=-6.11478329,a=0->-0.0648803711 c2:y=4.094944,a=0->0.0434570312
PROBE acc tid=8 net=(51,230,101) tile=4 origin=(0,66,0) g=0.0105285645 n=0->0.0105285645 c0:y=2.2336452,a=0->0.0235137939 c1:y=-6.06440496,a=0->-0.0638427734 c2:y=3.81762385,a=0->0.0401916504
PROBE acc tid=8 net=(51,230,102) tile=4 origin=(0,66,0) g=0.0104293823 n=0->0.0104293823 c0:y=2.44108701,a=0->0.0254516602 c1:y=-5.98662519,a=0->-0.0624389648 c2:y=3.537395,a=0->0.036895752
PROBE acc tid=8 net=(51,230,103) tile=4 origin=(0,66,0) g=0.0103149414 n=0->0.0103149414 c0:y=3.05558419,a=0->0.0315246582 c1:y=-6.19475889,a=0->-0.0639038086 c2:y=3.1342361,a=0->0.0323181152
PROBE acc tid=8 net=(51,231,100) tile=4 origin=(0,66,0) g=0.00942230225 n=0->0.00942230225 c0:y=1.32049918,a=0->0.0124435425 c1:y=-6.8974452,a=0->-0.0650024414 c2:y=5.54850197,a=0->0.0522766113
PROBE acc tid=8 net=(51,231,101) tile=4 origin=(0,66,0) g=0.0093536377 n=0->0.0093536377 c0:y=1.38233089,a=0->0.0129318237 c1:y=-6.80507231,a=0->-0.063659668 c2:y=5.39352274,a=0->0.0504455566
PROBE acc tid=8 net=(51,231,102) tile=4 origin=(0,66,0) g=0.00926208496 n=0->0.00926208496 c0:y=1.37516963,a=0->0.0127334595 c1:y=-6.42547321,a=0->-0.0595092773 c2:y=5.02125549,a=0->0.0465087891
PROBE acc tid=8 net=(51,231,103) tile=4 origin=(0,66,0) g=0.00915527344 n=0->0.00915527344 c0:y=1.83943439,a=0->0.0168457031 c1:y=-6.3083663,a=0->-0.0577697754 c2:y=4.44756222,a=0->0.0407104492
PROBE acc tid=8 net=(51,232,100) tile=4 origin=(0,66,0) g=0.00835418701 n=0->0.00835418701 c0:y=1.16604638,a=0->0.00974273682 c1:y=-7.78583574,a=0->-0.0650634766 c2:y=6.59776306,a=0->0.0551147461
PROBE acc tid=8 net=(51,232,101) tile=4 origin=(0,66,0) g=0.00828552246 n=0->0.00828552246 c0:y=1.2885865,a=0->0.0106735229 c1:y=-7.65937471,a=0->-0.0634765625 c2:y=6.34553003,a=0->0.0525817871
PROBE acc tid=8 net=(51,232,102) tile=4 origin=(0,66,0) g=0.00820922852 n=0->0.00820922852 c0:y=1.33016348,a=0->0.0109176636 c1:y=-7.0433917,a=0->-0.0578308105 c2:y=5.68554449,a=0->0.046661377
PROBE acc tid=8 net=(51,232,103) tile=4 origin=(0,66,0) g=0.00811767578 n=0->0.00811767578 c0:y=1.35893965,a=0->0.0110321045 c1:y=-6.53722382,a=0->-0.0530700684 c2:y=5.14809036,a=0->0.0417785645
PROBE acc tid=8 net=(52,229,100) tile=4 origin=(0,66,0) g=0.00879669189 n=0->0.00879669189 c0:y=4.86852646,a=0->0.0428161621 c1:y=-6.02569723,a=0->-0.0530090332 c2:y=1.18381393,a=0->0.0104141235
PROBE acc tid=8 net=(52,229,101) tile=4 origin=(0,66,0) g=0.00872802734 n=0->0.00872802734 c0:y=5.05374241,a=0->0.0440979004 c1:y=-5.96953392,a=0->-0.0520935059 c2:y=0.94440639,a=0->0.00823974609
PROBE acc tid=8 net=(52,229,102) tile=4 origin=(0,66,0) g=0.0086517334 n=0->0.0086517334 c0:y=5.02883339,a=0->0.0435180664 c1:y=-5.70794296,a=0->-0.0493774414 c2:y=0.707243085,a=0->0.00611877441
PROBE acc tid=8 net=(52,229,103) tile=4 origin=(0,66,0) g=0.00855255127 n=0->0.00855255127 c0:y=4.90411997,a=0->0.0419311523 c1:y=-5.40529728,a=0->-0.0462341309 c2:y=0.528202236,a=0->0.00451660156
PROBE acc tid=8 net=(52,230,100) tile=4 origin=(0,66,0) g=0.00782775879 n=0->0.00782775879 c0:y=4.59131432,a=0->0.035949707 c1:y=-5.92181301,a=0->-0.0463562012 c2:y=1.36262095,a=0->0.0106658936
PROBE acc tid=8 net=(52,230,101) tile=4 origin=(0,66,0) g=0.00776672363 n=0->0.00776672363 c0:y=5.17125845,a=0->0.0401611328 c1:y=-6.00528622,a=0->-0.0466308594 c2:y=0.870595753,a=0->0.00676345825
PROBE acc tid=8 net=(52,230,102) tile=4 origin=(0,66,0) g=0.00769042969 n=0->0.00769042969 c0:y=5.38825798,a=0->0.0414428711 c1:y=-5.9682188,a=0->-0.0458984375 c2:y=0.617678046,a=0->0.0047492981
PROBE acc tid=8 net=(52,230,103) tile=4 origin=(0,66,0) g=0.00760650635 n=0->0.00760650635 c0:y=5.26777077,a=0->0.0400695801 c1:y=-5.73038673,a=0->-0.0435791016 c2:y=0.498720169,a=0->0.00379371643
PROBE acc tid=8 net=(52,231,100) tile=4 origin=(0,66,0) g=0.00695037842 n=0->0.00695037842 c0:y=3.33382273,a=0->0.0231781006 c1:y=-5.63458109,a=0->-0.0391540527 c2:y=2.32468295,a=0->0.0161590576
PROBE acc tid=8 net=(52,231,101) tile=4 origin=(0,66,0) g=0.00689697266 n=0->0.00689697266 c0:y=4.21726179,a=0->0.029083252 c1:y=-5.66020298,a=0->-0.0390319824 c2:y=1.478778,a=0->0.0102005005
PROBE acc tid=8 net=(52,231,102) tile=4 origin=(0,66,0) g=0.00682830811 n=0->0.00682830811 c0:y=4.94283772,a=0->0.0337524414 c1:y=-5.80737114,a=0->-0.039642334 c2:y=0.903857768,a=0->0.00617218018
PROBE acc tid=8 net=(52,231,103) tile=4 origin=(0,66,0) g=0.00675201416 n=0->0.00675201416 c0:y=5.08284807,a=0->0.0343322754 c1:y=-5.81309891,a=0->-0.0392456055 c2:y=0.76722014,a=0->0.00518035889
PROBE acc tid=8 net=(52,232,100) tile=4 origin=(0,66,0) g=0.00616073608 n=0->0.00616073608 c0:y=1.969239,a=0->0.0121307373 c1:y=-5.6586771,a=0->-0.0348510742 c2:y=3.68884158,a=0->0.0227203369
PROBE acc tid=8 net=(52,232,101) tile=4 origin=(0,66,0) g=0.00611114502 n=0->0.00611114502 c0:y=3.04191875,a=0->0.0185852051 c1:y=-5.57196045,a=0->-0.0340576172 c2:y=2.54993987,a=0->0.015586853
PROBE acc tid=8 net=(52,232,102) tile=4 origin=(0,66,0) g=0.00605392456 n=0->0.00605392456 c0:y=3.58057666,a=0->0.0216827393 c1:y=-5.48845339,a=0->-0.0332336426 c2:y=1.93623793,a=0->0.01171875
PROBE acc tid=8 net=(52,232,103) tile=4 origin=(0,66,0) g=0.00598526001 n=0->0.00598526001 c0:y=4.0659523,a=0->0.0243377686 c1:y=-5.70572567,a=0->-0.0341491699 c2:y=1.66667628,a=0->0.00997924805
PROBE acc tid=8 net=(50,229,100) tile=5 origin=(0,66,67) g=0.000515460968 n=0.0159301758->0.0164489746 c0:y=3.18829656,a=0.0436706543->0.0453186035 c1:y=-5.79422569,a=-0.091003418->-0.0939941406 c2:y=2.61237907,a=0.0473632812->0.0487060547
PROBE acc tid=8 net=(50,229,101) tile=5 origin=(0,66,67) g=0.000574588776 n=0.0158081055->0.0163879395 c0:y=4.08416033,a=0.0549621582->0.0573120117 c1:y=-6.01185322,a=-0.0913696289->-0.0948486328 c2:y=1.94325328,a=0.0365905762->0.0377197266
PROBE acc tid=8 net=(50,229,102) tile=5 origin=(0,66,67) g=0.000638961792 n=0.0156555176->0.0162963867 c0:y=4.5009408,a=0.0661621094->0.0690307617 c1:y=-6.01440525,a=-0.0927734375->-0.0966186523 c2:y=1.53371716,a=0.0268554688->0.0278320312
PROBE acc tid=8 net=(50,229,103) tile=5 origin=(0,66,67) g=0.000710010529 n=0.0154876709->0.016204834 c0:y=4.64964437,a=0.0690307617->0.0723266602 c1:y=-5.92082071,a=-0.0916748047->-0.0958862305 c2:y=1.29339325,a=0.02293396->0.0238494873
PROBE acc tid=8 net=(50,230,100) tile=5 origin=(0,66,67) g=0.000458240509 n=0.014175415->0.0146331787 c0:y=1.52701235,a=0.0165863037->0.017288208 c1:y=-5.69486094,a=-0.0817260742->-0.0843505859 c2:y=4.14312458,a=0.0648193359->0.0667114258
PROBE acc tid=8 net=(50,230,101) tile=5 origin=(0,66,67) g=0.000510692596 n=0.0140609741->0.0145721436 c0:y=2.27563405,a=0.0211181641->0.022277832 c1:y=-5.68052006,a=-0.079284668->-0.0822143555 c2:y=3.39399981,a=0.0578613281->0.0596008301
PROBE acc tid=8 net=(50,230,102) tile=5 origin=(0,66,67) g=0.000568389893 n=0.0139312744->0.0144958496 c0:y=2.89724016,a=0.0305938721->0.0322265625 c1:y=-5.74694872,a=-0.0789794922->-0.0822753906 c2:y=2.84982991,a=0.0482177734->0.0498352051
PROBE acc tid=8 net=(50,230,103) tile=5 origin=(0,66,67) g=0.000631332397 n=0.0137710571->0.0144042969 c0:y=3.68059254,a=0.0366210938->0.0389404297 c1:y=-6.00649548,a=-0.0788574219->-0.0826416016 c2:y=2.33199954,a=0.0422363281->0.0437011719
PROBE acc tid=8 net=(50,231,100) tile=5 origin=(0,66,67) g=0.000406980515 n=0.0125808716->0.0129852295 c0:y=1.08909237,a=0.0120162964->0.0124588013 c1:y=-5.9436245,a=-0.0780639648->-0.0805053711 c2:y=4.83154821,a=0.0657958984->0.0677490234
PROBE acc tid=8 net=(50,231,101) tile=5 origin=(0,66,67) g=0.000453710556 n=0.0124893188->0.0129394531 c0:y=1.20125723,a=0.0139923096->0.0145339966 c1:y=-5.72095394,a=-0.0755615234->-0.0781860352 c2:y=4.49248457,a=0.0613098145->0.0633544922
PROBE acc tid=8 net=(50,231,102) tile=5 origin=(0,66,67) g=0.000504493713 n=0.0123672485->0.0128707886 c0:y=1.39736342,a=0.0153121948->0.0160217285 c1:y=-5.69614553,a=-0.0728759766->-0.0757446289 c2:y=4.26972723,a=0.0572509766->0.0594177246
PROBE acc tid=8 net=(50,231,103) tile=5 origin=(0,66,67) g=0.000560760498 n=0.0122299194->0.0127868652 c0:y=2.10229802,a=0.0161132812->0.017288208 c1:y=-5.8613677,a=-0.071472168->-0.0747680664 c2:y=3.74098897,a=0.0550231934->0.0571289062
PROBE acc tid=8 net=(50,232,100) tile=5 origin=(0,66,67) g=0.00036072731 n=0.0111541748->0.0115127563 c0:y=0.847971737,a=0.0080947876->0.00839996338 c1:y=-6.43470955,a=-0.0744018555->-0.0767211914 c2:y=5.57477474,a=0.0662841797->0.0682983398
PROBE acc tid=8 net=(50,232,101) tile=5 origin=(0,66,67) g=0.000401973724 n=0.0110626221->0.01146698 c0:y=1.00090265,a=0.00984954834->0.0102539062 c1:y=-6.19237041,a=-0.0725708008->-0.0750732422 c2:y=5.17247629,a=0.0626220703->0.0646972656
PROBE acc tid=8 net=(50,232,102) tile=5 origin=(0,66,67) g=0.000447273254 n=0.0109634399->0.0114135742 c0:y=1.18811035,a=0.0113754272->0.0119094849 c1:y=-6.11431837,a=-0.0698852539->-0.0726318359 c2:y=4.90069962,a=0.0582885742->0.0604858398
PROBE acc tid=8 net=(50,232,103) tile=5 origin=(0,66,67) g=0.000496864319 n=0.0108413696->0.0113372803 c0:y=1.31481719,a=0.0130157471->0.013671875 c1:y=-5.99035358,a=-0.0684814453->-0.071472168 c2:y=4.64544821,a=0.0551757812->0.0574951172
PROBE acc tid=8 net=(51,229,100) tile=5 origin=(0,66,67) g=0.00038599968 n=0.011932373->0.0123214722 c0:y=4.07631397,a=0.0460205078->0.0476074219 c1:y=-6.0335927,a=-0.0719604492->-0.0742797852 c2:y=1.97220194,a=0.0261077881->0.0268707275
PROBE acc tid=8 net=(51,229,101) tile=5 origin=(0,66,67) g=0.000430107117 n=0.0118408203->0.0122680664 c0:y=4.36831188,a=0.0494689941->0.051361084 c1:y=-5.99390125,a=-0.0717773438->-0.0743408203 c2:y=1.64451039,a=0.0224914551->0.0231933594
PROBE acc tid=8 net=(51,229,102) tile=5 origin=(0,66,67) g=0.000478744507 n=0.0117263794->0.0122070312 c0:y=4.45284748,a=0.0501708984->0.0523071289 c1:y=-5.99340248,a=-0.0714111328->-0.0742797852 c2:y=1.55851722,a=0.0213928223->0.0221405029
PROBE acc tid=8 net=(51,229,103) tile=5 origin=(0,66,67) g=0.000531673431 n=0.0115966797->0.0121307373 c0:y=4.64182615,a=0.0514526367->0.0539245605 c1:y=-5.97544956,a=-0.0709838867->-0.0741577148 c2:y=1.35088718,a=0.0196685791->0.0203857422
PROBE acc tid=8 net=(51,230,100) tile=5 origin=(0,66,67) g=0.000343322754 n=0.0106124878->0.0109558105 c0:y=2.35730481,a=0.0212402344->0.0220489502 c1:y=-5.97734261,a=-0.0648803711->-0.0669555664 c2:y=3.60715222,a=0.0434570312->0.044708252
PROBE acc tid=8 net=(51,230,101) tile=5 origin=(0,66,67) g=0.000382661819 n=0.0105285645->0.0109100342 c0:y=2.51568556,a=0.0235137939->0.0244750977 c1:y=-5.86829567,a=-0.0638427734->-0.0661010742 c2:y=3.34528327,a=0.0401916504->0.0414733887
PROBE acc tid=8 net=(51,230,102) tile=5 origin=(0,66,67) g=0.000425815582 n=0.0104293823->0.0108566284 c0:y=3.092659,a=0.0254516602->0.026763916 c1:y=-6.03322983,a=-0.0624389648->-0.0650024414 c2:y=2.93778419,a=0.036895752->0.0381469727
PROBE acc tid=8 net=(51,230,103) tile=5 origin=(0,66,67) g=0.000473022461 n=0.0103149414->0.0107879639 c0:y=3.7238543,a=0.0315246582->0.0332946777 c1:y=-6.14766884,a=-0.0639038086->-0.0668334961 c2:y=2.42706847,a=0.0323181152->0.0334777832
PROBE acc tid=8 net=(51,231,100) tile=5 origin=(0,66,67) g=0.000304698944 n=0.00942230225->0.00972747803 c0:y=1.35902774,a=0.0124435425->0.0128555298 c1:y=-6.495399,a=-0.0650024414->-0.0669555664 c2:y=5.1053133,a=0.0522766113->0.0538330078
PROBE acc tid=8 net=(51,231,101) tile=5 origin=(0,66,67) g=0.000339746475 n=0.0093536377->0.00969696045 c0:y=1.42576253,a=0.0129318237->0.0134124756 c1:y=-6.3441391,a=-0.063659668->-0.0657958984 c2:y=4.88939095,a=0.0504455566->0.0520935059
PROBE acc tid=8 net=(51,231,102) tile=5 origin=(0,66,67) g=0.000378131866 n=0.00926208496->0.00964355469 c0:y=1.89792252,a=0.0127334595->0.0134506226 c1:y=-6.25981665,a=-0.0595092773->-0.0618896484 c2:y=4.34107447,a=0.0465087891->0.0481567383
PROBE acc tid=8 net=(51,231,103) tile=5 origin=(0,66,67) g=0.000419855118 n=0.00915527344->0.00957489014 c0:y=2.33572674,a=0.0168457031->0.0178222656 c1:y=-6.08878565,a=-0.0577697754->-0.060333252 c2:y=3.74174619,a=0.0407104492->0.0422668457
PROBE acc tid=8 net=(51,232,100) tile=5 origin=(0,66,67) g=0.00027012825 n=0.00835418701->0.00862121582 c0:y=1.26433384,a=0.00974273682->0.0100860596 c1:y=-7.34372568,a=-0.0650634766->-0.0670776367 c2:y=6.05259562,a=0.0551147461->0.0567626953
PROBE acc tid=8 net=(51,232,101) tile=5 origin=(0,66,67) g=0.000301122665 n=0.00828552246->0.00858306885 c0:y=1.35409629,a=0.0106735229->0.0110778809 c1:y=-7.13432884,a=-0.0634765625->-0.065612793 c2:y=5.75184631,a=0.0525817871->0.0543212891
PROBE acc tid=8 net=(51,232,102) tile=5 origin=(0,66,67) g=0.000334978104 n=0.00820922852->0.00854492188 c0:y=1.39566875,a=0.0109176636->0.0113830566 c1:y=-6.67217493,a=-0.0578308105->-0.0600585938 c2:y=5.24600601,a=0.046661377->0.0484313965
PROBE acc tid=8 net=(51,232,103) tile=5 origin=(0,66,67) g=0.000372171402 n=0.00811767578->0.00849151611 c0:y=1.70228422,a=0.0110321045->0.0116653442 c1:y=-6.26121378,a=-0.0530700684->-0.0553894043 c2:y=4.53304338,a=0.0417785645->0.0434570312
PROBE acc tid=8 net=(52,229,100) tile=5 origin=(0,66,67) g=0.000284671783 n=0.00879669189->0.00907897949 c0:y=4.70584202,a=0.0428161621->0.0441589355 c1:y=-5.89285803,a=-0.0530090332->-0.0546875 c2:y=1.21230972,a=0.0104141235->0.0107574463
PROBE acc tid=8 net=(52,229,101) tile=5 origin=(0,66,67) g=0.000317335129 n=0.00872802734->0.00904846191 c0:y=4.84969044,a=0.0440979004->0.0456237793 c1:y=-5.73073816,a=-0.0520935059->-0.0539245605 c2:y=0.90770328,a=0.00823974609->0.00852966309
PROBE acc tid=8 net=(52,229,102) tile=5 origin=(0,66,67) g=0.000352859497 n=0.0086517334->0.00900268555 c0:y=4.8415575,a=0.0435180664->0.0452270508 c1:y=-5.49558449,a=-0.0493774414->-0.0513305664 c2:y=0.679658055,a=0.00611877441->0.00635910034
PROBE acc tid=8 net=(52,229,103) tile=5 origin=(0,66,67) g=0.000391960144 n=0.00855255127->0.00894165039 c0:y=4.76758766,a=0.0419311523->0.0437927246 c1:y=-5.19437313,a=-0.0462341309->-0.0482788086 c2:y=0.451431215,a=0.00451660156->0.00469207764
PROBE acc tid=8 net=(52,230,100) tile=5 origin=(0,66,67) g=0.000253200531 n=0.00782775879->0.00807952881 c0:y=4.54519701,a=0.035949707->0.037109375 c1:y=-5.8501811,a=-0.0463562012->-0.0478515625 c2:y=1.33423972,a=0.0106658936->0.0110015869
PROBE acc tid=8 net=(52,230,101) tile=5 origin=(0,66,67) g=0.000282049179 n=0.00776672363->0.00804901123 c0:y=4.95524883,a=0.0401611328->0.0415649414 c1:y=-5.86538696,a=-0.0466308594->-0.0482788086 c2:y=0.943002582,a=0.00676345825->0.00703048706
PROBE acc tid=8 net=(52,230,102) tile=5 origin=(0,66,67) g=0.000313997269 n=0.00769042969->0.00800323486 c0:y=5.12966251,a=0.0414428711->0.0430603027 c1:y=-5.83534384,a=-0.0458984375->-0.0477294922 c2:y=0.739827394,a=0.0047492981->0.00498199463
PROBE acc tid=8 net=(52,230,103) tile=5 origin=(0,66,67) g=0.000348806381 n=0.00760650635->0.0079574585 c0:y=5.04866457,a=0.0400695801->0.0418395996 c1:y=-5.40875101,a=-0.0435791016->-0.0454711914 c2:y=0.391603112,a=0.00379371643->0.00392913818
PROBE acc tid=8 net=(52,231,100) tile=5 origin=(0,66,67) g=0.000224709511 n=0.00695037842->0.00717544556 c0:y=3.55614519,a=0.0231781006->0.0239715576 c1:y=-5.62404633,a=-0.0391540527->-0.0404052734 c2:y=2.09331393,a=0.0161590576->0.0166320801
PROBE acc tid=8 net=(52,231,101) tile=5 origin=(0,66,67) g=0.000250577927 n=0.00689697266->0.00714874268 c0:y=4.40878439,a=0.029083252->0.0301818848 c1:y=-5.72559118,a=-0.0390319824->-0.0404663086 c2:y=1.35043716,a=0.0102005005->0.0105361938
PROBE acc tid=8 net=(52,231,102) tile=5 origin=(0,66,67) g=0.000278711319 n=0.00682830811->0.00710678101 c0:y=4.87514687,a=0.0337524414->0.0351257324 c1:y=-5.81067371,a=-0.039642334->-0.0412597656 c2:y=0.971160591,a=0.00617218018->0.00644302368
PROBE acc tid=8 net=(52,231,103) tile=5 origin=(0,66,67) g=0.000309705734 n=0.00675201416->0.00706100464 c0:y=4.92839956,a=0.0343322754->0.0358581543 c1:y=-5.64622211,a=-0.0392456055->-0.0409851074 c2:y=0.751410186,a=0.00518035889->0.00541305542
PROBE acc tid=8 net=(52,232,100) tile=5 origin=(0,66,67) g=0.000199198723 n=0.00616073608->0.00635910034 c0:y=2.66901612,a=0.0121307373->0.0126647949 c1:y=-5.7355628,a=-0.0348510742->-0.0359802246 c2:y=3.07422185,a=0.0227203369->0.0233306885
PROBE acc tid=8 net=(52,232,101) tile=5 origin=(0,66,67) g=0.000222086906 n=0.00611114502->0.00633239746 c0:y=3.42794847,a=0.0185852051->0.0193481445 c1:y=-5.60015106,a=-0.0340576172->-0.0353088379 c2:y=2.19633079,a=0.015586853->0.0160675049
PROBE acc tid=8 net=(52,232,102) tile=5 origin=(0,66,67) g=0.000247001648 n=0.00605392456->0.00630187988 c0:y=4.089252,a=0.0216827393->0.0226898193 c1:y=-5.74098539,a=-0.0332336426->-0.0346374512 c2:y=1.68066561,a=0.01171875->0.0121307373
PROBE acc tid=8 net=(52,232,103) tile=5 origin=(0,66,67) g=0.000274419785 n=0.00598526001->0.00625991821 c0:y=4.40326452,a=0.0243377686->0.0255432129 c1:y=-5.74756336,a=-0.0341491699->-0.035736084 c2:y=1.37160707,a=0.00997924805->0.0103530884
PROBE acc tid=8 net=(50,229,100) tile=8 origin=(0,133,0) g=0.784667969 n=0.0164489746->0.801269531 c0:y=3.1801393,a=0.0453186035->2.54101562 c1:y=-5.62560749,a=-0.0939941406->-4.5078125 c2:y=2.44725418,a=0.0487060547->1.96875
PROBE acc tid=8 net=(50,229,101) tile=8 origin=(0,133,0) g=0.778320312 n=0.0163879395->0.794921875 c0:y=4.02548838,a=0.0573120117->3.19140625 c1:y=-5.9149332,a=-0.0948486328->-4.69921875 c2:y=1.89936912,a=0.0377197266->1.515625
PROBE acc tid=8 net=(50,229,102) tile=8 origin=(0,133,0) g=0.770996094 n=0.0162963867->0.787109375 c0:y=4.56399345,a=0.0690307617->3.58789062 c1:y=-6.01150131,a=-0.0966186523->-4.73046875 c2:y=1.46259081,a=0.0278320312->1.15527344
PROBE acc tid=8 net=(50,229,103) tile=8 origin=(0,133,0) g=0.762695312 n=0.016204834->0.778808594 c0:y=4.72328901,a=0.0723266602->3.67382812 c1:y=-6.00282145,a=-0.0958862305->-4.67578125 c2:y=1.29647565,a=0.0238494873->1.01269531
PROBE acc tid=8 net=(50,230,100) tile=8 origin=(0,133,0) g=0.784179688 n=0.0146331787->0.798828125 c0:y=1.9050014,a=0.017288208->1.51074219 c1:y=-5.51391077,a=-0.0843505859->-4.41015625 c2:y=3.58735442,a=0.0667114258->2.87890625
PROBE acc tid=8 net=(50,230,101) tile=8 origin=(0,133,0) g=0.777832031 n=0.0145721436->0.792480469 c0:y=2.3544693,a=0.022277832->1.85351562 c1:y=-5.57273674,a=-0.0822143555->-4.41796875 c2:y=3.20418167,a=0.0596008301->2.55273438
PROBE acc tid=8 net=(50,230,102) tile=8 origin=(0,133,0) g=0.770507812 n=0.0144958496->0.78515625 c0:y=2.95380092,a=0.0322265625->2.30859375 c1:y=-5.75162172,a=-0.0822753906->-4.515625 c2:y=2.7914722,a=0.0498352051->2.20117188
PROBE acc tid=8 net=(50,230,103) tile=8 origin=(0,133,0) g=0.76171875 n=0.0144042969->0.776367188 c0:y=3.66201544,a=0.0389404297->2.828125 c1:y=-6.13870811,a=-0.0826416016->-4.7578125 c2:y=2.47540641,a=0.0437011719->1.9296875
PROBE acc tid=8 net=(50,231,100) tile=8 origin=(0,133,0) g=0.781738281 n=0.0129852295->0.794921875 c0:y=1.1817416,a=0.0124588013->0.936035156 c1:y=-5.76704979,a=-0.0805053711->-4.58984375 c2:y=4.5547328,a=0.0677490234->3.62890625
PROBE acc tid=8 net=(50,231,101) tile=8 origin=(0,133,0) g=0.775878906 n=0.0129394531->0.7890625 c0:y=1.27180648,a=0.0145339966->1.00097656 c1:y=-5.7217226,a=-0.0781860352->-4.515625 c2:y=4.41688013,a=0.0633544922->3.49023438
PROBE acc tid=8 net=(50,231,102) tile=8 origin=(0,133,0) g=0.768554688 n=0.0128707886->0.78125 c0:y=1.62945163,a=0.0160217285->1.26855469 c1:y=-5.80060577,a=-0.0757446289->-4.53515625 c2:y=4.14204884,a=0.0594177246->3.2421875
PROBE acc tid=8 net=(50,231,103) tile=8 origin=(0,133,0) g=0.759765625 n=0.0127868652->0.772460938 c0:y=2.15315413,a=0.017288208->1.65332031 c1:y=-6.0581708,a=-0.0747680664->-4.67578125 c2:y=3.88372564,a=0.0571289062->3.0078125
PROBE acc tid=8 net=(50,232,100) tile=8 origin=(0,133,0) g=0.778320312 n=0.0115127563->0.790039062 c0:y=1.03450501,a=0.00839996338->0.813476562 c1:y=-6.15241575,a=-0.0767211914->-4.8671875 c2:y=5.09367418,a=0.0682983398->4.03125
PROBE acc tid=8 net=(50,232,101) tile=8 origin=(0,133,0) g=0.772460938 n=0.01146698->0.783691406 c0:y=1.1728456,a=0.0102539062->0.916015625 c1:y=-6.12541962,a=-0.0750732422->-4.80859375 c2:y=4.92350817,a=0.0646972656->3.8671875
PROBE acc tid=8 net=(50,232,102) tile=8 origin=(0,133,0) g=0.765136719 n=0.0114135742->0.776367188 c0:y=1.2836355,a=0.0119094849->0.994140625 c1:y=-6.07437038,a=-0.0726318359->-4.71875 c2:y=4.75779915,a=0.0604858398->3.70117188
PROBE acc tid=8 net=(50,232,103) tile=8 origin=(0,133,0) g=0.756347656 n=0.0113372803->0.767578125 c0:y=1.37188029,a=0.013671875->1.05175781 c1:y=-6.11714888,a=-0.071472168->-4.69921875 c2:y=4.70988894,a=0.0574951172->3.61914062
PROBE acc tid=8 net=(51,229,100) tile=8 origin=(0,133,0) g=0.587890625 n=0.0123214722->0.600097656 c0:y=3.87319636,a=0.0476074219->2.32421875 c1:y=-5.97409964,a=-0.0742797852->-3.5859375 c2:y=2.11050606,a=0.0268707275->1.26757812
PROBE acc tid=8 net=(51,229,101) tile=8 origin=(0,133,0) g=0.583007812 n=0.0122680664->0.595214844 c0:y=4.11382341,a=0.051361084->2.44921875 c1:y=-6.01432753,a=-0.0743408203->-3.58007812 c2:y=1.91190302,a=0.0231933594->1.13769531
PROBE acc tid=8 net=(51,229,102) tile=8 origin=(0,133,0) g=0.577636719 n=0.0122070312->0.58984375 c0:y=4.27881193,a=0.0523071289->2.5234375 c1:y=-6.13244963,a=-0.0742797852->-3.6171875 c2:y=1.86264682,a=0.0221405029->1.09765625
PROBE acc tid=8 net=(51,229,103) tile=8 origin=(0,133,0) g=0.571289062 n=0.0121307373->0.583496094 c0:y=4.47864294,a=0.0539245605->2.61328125 c1:y=-6.21322346,a=-0.0741577148->-3.62304688 c2:y=1.74169469,a=0.0203857422->1.015625
PROBE acc tid=8 net=(51,230,100) tile=8 origin=(0,133,0) g=0.586914062 n=0.0109558105->0.59765625 c0:y=2.40709925,a=0.0220489502->1.43457031 c1:y=-5.95942497,a=-0.0669555664->-3.56445312 c2:y=3.54149294,a=0.044708252->2.12304688
PROBE acc tid=8 net=(51,230,101) tile=8 origin=(0,133,0) g=0.582519531 n=0.0109100342->0.593261719 c0:y=2.60097837,a=0.0244750977->1.54003906 c1:y=-6.01235962,a=-0.0661010742->-3.56835938 c2:y=3.40329385,a=0.0414733887->2.0234375
PROBE acc tid=8 net=(51,230,102) tile=8 origin=(0,133,0) g=0.577148438 n=0.0108566284->0.587890625 c0:y=3.15954709,a=0.026763916->1.85058594 c1:y=-6.21824312,a=-0.0650024414->-3.65429688 c2:y=3.05386639,a=0.0381469727->1.80078125
PROBE acc tid=8 net=(51,230,103) tile=8 origin=(0,133,0) g=0.570800781 n=0.0107879639->0.581542969 c0:y=3.74891543,a=0.0332946777->2.17382812 c1:y=-6.40315104,a=-0.0668334961->-3.72265625 c2:y=2.65261793,a=0.0334777832->1.54785156
PROBE acc tid=8 net=(51,231,100) tile=8 origin=(0,133,0) g=0.585449219 n=0.00972747803->0.595214844 c0:y=1.36967969,a=0.0128555298->0.814941406 c1:y=-6.45245123,a=-0.0669555664->-3.84375 c2:y=5.0494647,a=0.0538330078->3.00976562
PROBE acc tid=8 net=(51,231,101) tile=8 origin=(0,133,0) g=0.581054688 n=0.00969696045->0.590820312 c0:y=1.59750569,a=0.0134124756->0.941894531 c1:y=-6.49645185,a=-0.0657958984->-3.83984375 c2:y=4.87014532,a=0.0520935059->2.8828125
PROBE acc tid=8 net=(51,231,102) tile=8 origin=(0,133,0) g=0.575683594 n=0.00964355469->0.585449219 c0:y=1.93536842,a=0.0134506226->1.12792969 c1:y=-6.35620642,a=-0.0618896484->-3.72070312 c2:y=4.39978123,a=0.0481567383->2.58007812
PROBE acc tid=8 net=(51,231,103) tile=8 origin=(0,133,0) g=0.568847656 n=0.00957489014->0.578613281 c0:y=2.36077356,a=0.0178222656->1.36035156 c1:y=-6.30075932,a=-0.060333252->-3.64453125 c2:y=3.92613363,a=0.0422668457->2.27539062
PROBE acc tid=8 net=(51,232,100) tile=8 origin=(0,133,0) g=0.583007812 n=0.00862121582->0.591796875 c0:y=1.37737858,a=0.0100860596->0.812988281 c1:y=-7.2490406,a=-0.0670776367->-4.29296875 c2:y=5.83818579,a=0.0567626953->3.4609375
PROBE acc tid=8 net=(51,232,101) tile=8 origin=(0,133,0) g=0.578613281 n=0.00858306885->0.587402344 c0:y=1.43224061,a=0.0110778809->0.83984375 c1:y=-7.14992809,a=-0.065612793->-4.203125 c2:y=5.68407679,a=0.0543212891->3.34375
PROBE acc tid=8 net=(51,232,102) tile=8 origin=(0,133,0) g=0.573242188 n=0.00854492188->0.58203125 c0:y=1.38779354,a=0.0113830566->0.807128906 c1:y=-6.65088987,a=-0.0600585938->-3.87304688 c2:y=5.22975826,a=0.0484313965->3.046875
PROBE acc tid=8 net=(51,232,103) tile=8 origin=(0,133,0) g=0.56640625 n=0.00849151611->0.574707031 c0:y=1.80417085,a=0.0116653442->1.03320312 c1:y=-6.39829731,a=-0.0553894043->-3.6796875 c2:y=4.5672431,a=0.0434570312->2.63085938
PROBE acc tid=8 net=(52,229,100) tile=8 origin=(0,133,0) g=0.433349609 n=0.00907897949->0.442382812 c0:y=4.676682,a=0.0441589355->2.0703125 c1:y=-5.9273653,a=-0.0546875->-2.62304688 c2:y=1.27328527,a=0.0107574463->0.5625
PROBE acc tid=8 net=(52,229,101) tile=8 origin=(0,133,0) g=0.429931641 n=0.00904846191->0.438964844 c0:y=4.8528986,a=0.0456237793->2.1328125 c1:y=-5.85676861,a=-0.0539245605->-2.57226562 c2:y=1.02878296,a=0.00852966309->0.450927734
PROBE acc tid=8 net=(52,229,102) tile=8 origin=(0,133,0) g=0.42578125 n=0.00900268555->0.434814453 c0:y=4.86461449,a=0.0452270508->2.1171875 c1:y=-5.75332022,a=-0.0513305664->-2.50195312 c2:y=0.914780974,a=0.00635910034->0.395751953
PROBE acc tid=8 net=(52,229,103) tile=8 origin=(0,133,0) g=0.421142578 n=0.00894165039->0.430175781 c0:y=4.82683039,a=0.0437927246->2.07617188 c1:y=-5.62957716,a=-0.0482788086->-2.41992188 c2:y=0.829632342,a=0.00469207764->0.354003906
PROBE acc tid=8 net=(52,230,100) tile=8 origin=(0,133,0) g=0.432861328 n=0.00807952881->0.440917969 c0:y=4.33740377,a=0.037109375->1.91503906 c1:y=-5.7796464,a=-0.0478515625->-2.54882812 c2:y=1.46659088,a=0.0110015869->0.645996094
PROBE acc tid=8 net=(52,230,101) tile=8 origin=(0,133,0) g=0.429443359 n=0.00804901123->0.4375 c0:y=4.82490587,a=0.0415649414->2.11328125 c1:y=-5.78166294,a=-0.0482788086->-2.53125 c2:y=0.986391068,a=0.00703048706->0.430664062
PROBE acc tid=8 net=(52,230,102) tile=8 origin=(0,133,0) g=0.425537109 n=0.00800323486->0.43359375 c0:y=5.07959127,a=0.0430603027->2.20507812 c1:y=-5.74841547,a=-0.0477294922->-2.49414062 c2:y=0.70109278,a=0.00498199463->0.303222656
PROBE acc tid=8 net=(52,230,103) tile=8 origin=(0,133,0) g=0.420654297 n=0.0079574585->0.428710938 c0:y=5.01576853,a=0.0418395996->2.15234375 c1:y=-5.61471176,a=-0.0454711914->-2.40820312 c2:y=0.63060987,a=0.00392913818->0.269287109
PROBE acc tid=8 net=(52,231,100) tile=8 origin=(0,133,0) g=0.431884766 n=0.00717544556->0.438964844 c0:y=3.09402561,a=0.0239715576->1.36035156 c1:y=-5.38819933,a=-0.0404052734->-2.3671875 c2:y=2.31022549,a=0.0166320801->1.01464844
PROBE acc tid=8 net=(52,231,101) tile=8 origin=(0,133,0) g=0.428466797 n=0.00714874268->0.435546875 c0:y=3.87192845,a=0.0301818848->1.68945312 c1:y=-5.36620712,a=-0.0404663086->-2.33984375 c2:y=1.51905513,a=0.0105361938->0.661621094
PROBE acc tid=8 net=(52,231,102) tile=8 origin=(0,133,0) g=0.424316406 n=0.00710678101->0.431396484 c0:y=4.54928493,a=0.0351257324->1.96582031 c1:y=-5.52303171,a=-0.0412597656->-2.38476562 c2:y=1.00353467,a=0.00644302368->0.432373047
PROBE acc tid=8 net=(52,231,103) tile=8 origin=(0,133,0) g=0.419677734 n=0.00706100464->0.426757812 c0:y=4.80022383,a=0.0358581543->2.05078125 c1:y=-5.61963606,a=-0.0409851074->-2.40039062 c2:y=0.848246753,a=0.00541305542->0.361328125
PROBE acc tid=8 net=(52,232,100) tile=8 origin=(0,133,0) g=0.429931641 n=0.00635910034->0.436279297 c0:y=2.19938874,a=0.0126647949->0.958007812 c1:y=-5.44558668,a=-0.0359802246->-2.37695312 c2:y=3.24041033,a=0.0233306885->1.41601562
PROBE acc tid=8 net=(52,232,101) tile=8 origin=(0,133,0) g=0.426513672 n=0.00633239746->0.432861328 c0:y=2.8701849,a=0.0193481445->1.24316406 c1:y=-5.22737837,a=-0.0353088379->-2.265625 c2:y=2.36740661,a=0.0160675049->1.02539062
PROBE acc tid=8 net=(52,232,102) tile=8 origin=(0,133,0) g=0.422607422 n=0.00630187988->0.428955078 c0:y=3.46709108,a=0.0226898193->1.48828125 c1:y=-5.32854414,a=-0.0346374512->-2.28710938 c2:y=1.88025773,a=0.0121307373->0.806640625
PROBE acc tid=8 net=(52,232,103) tile=8 origin=(0,133,0) g=0.417724609 n=0.00625991821->0.424072266 c0:y=4.03176069,a=0.0255432129->1.70996094 c1:y=-5.67387342,a=-0.035736084->-2.40625 c2:y=1.66111207,a=0.0103530884->0.704101562
PROBE acc tid=8 net=(50,229,100) tile=9 origin=(0,133,67) g=0.0253753662 n=0.801269531->0.826660156 c0:y=3.13984489,a=2.54101562->2.62109375 c1:y=-5.52071524,a=-4.5078125->-4.6484375 c2:y=2.3858099,a=1.96875->2.02929688
PROBE acc tid=8 net=(50,229,101) tile=9 origin=(0,133,67) g=0.0282897949 n=0.794921875->0.823242188 c0:y=4.01402998,a=3.19140625->3.3046875 c1:y=-5.78702402,a=-4.69921875->-4.86328125 c2:y=1.78645778,a=1.515625->1.56640625
PROBE acc tid=8 net=(50,229,102) tile=9 origin=(0,133,67) g=0.031463623 n=0.787109375->0.818359375 c0:y=4.46565104,a=3.58789062->3.72851562 c1:y=-5.86259365,a=-4.73046875->-4.9140625 c2:y=1.41472161,a=1.15527344->1.20019531
PROBE acc tid=8 net=(50,229,103) tile=9 origin=(0,133,67) g=0.034942627 n=0.778808594->0.813964844 c0:y=4.69233656,a=3.67382812->3.83789062 c1:y=-5.84964371,a=-4.67578125->-4.87890625 c2:y=1.17738914,a=1.01269531->1.05371094
PROBE acc tid=8 net=(50,230,100) tile=9 origin=(0,133,67) g=0.0253601074 n=0.798828125->0.82421875 c0:y=1.74514544,a=1.51074219->1.5546875 c1:y=-5.35852909,a=-4.41015625->-4.546875 c2:y=3.59339237,a=2.87890625->2.97070312
PROBE acc tid=8 net=(50,230,101) tile=9 origin=(0,133,67) g=0.0282592773 n=0.792480469->0.820800781 c0:y=2.2218461,a=1.85351562->1.91601562 c1:y=-5.33231449,a=-4.41796875->-4.5703125 c2:y=3.09970045,a=2.55273438->2.640625
PROBE acc tid=8 net=(50,230,102) tile=9 origin=(0,133,67) g=0.0314331055 n=0.78515625->0.81640625 c0:y=2.85445356,a=2.30859375->2.3984375 c1:y=-5.53776932,a=-4.515625->-4.69140625 c2:y=2.68065381,a=2.20117188->2.28515625
PROBE acc tid=8 net=(50,230,103) tile=9 origin=(0,133,67) g=0.0349121094 n=0.776367188->0.811523438 c0:y=3.67546201,a=2.828125->2.95703125 c1:y=-5.93101072,a=-4.7578125->-4.96484375 c2:y=2.25892615,a=1.9296875->2.0078125
PROBE acc tid=8 net=(50,231,100) tile=9 origin=(0,133,67) g=0.0252838135 n=0.794921875->0.8203125 c0:y=1.04534137,a=0.936035156->0.962402344 c1:y=-5.57727003,a=-4.58984375->-4.73046875 c2:y=4.50446367,a=3.62890625->3.7421875
PROBE acc tid=8 net=(50,231,101) tile=9 origin=(0,133,67) g=0.0281829834 n=0.7890625->0.817382812 c0:y=1.10909009,a=1.00097656->1.03222656 c1:y=-5.38642502,a=-4.515625->-4.66796875 c2:y=4.2476964,a=3.49023438->3.609375
PROBE acc tid=8 net=(50,231,102) tile=9 origin=(0,133,67) g=0.0313720703 n=0.78125->0.8125 c0:y=1.5032568,a=1.26855469->1.31542969 c1:y=-5.5123105,a=-4.53515625->-4.70703125 c2:y=3.98263383,a=3.2421875->3.3671875
PROBE acc tid=8 net=(50,231,103) tile=9 origin=(0,133,67) g=0.0348205566 n=0.772460938->0.807128906 c0:y=2.08976269,a=1.65332031->1.7265625 c1:y=-5.7407608,a=-4.67578125->-4.875 c2:y=3.63391709,a=3.0078125->3.13476562
PROBE acc tid=8 net=(50,232,100) tile=9 origin=(0,133,67) g=0.025177002 n=0.790039062->0.815429688 c0:y=0.898460388,a=0.813476562->0.8359375 c1:y=-5.98947001,a=-4.8671875->-5.01953125 c2:y=5.07008314,a=4.03125->4.16015625
PROBE acc tid=8 net=(50,232,101) tile=9 origin=(0,133,67) g=0.0280609131 n=0.783691406->0.811523438 c0:y=1.01189673,a=0.916015625->0.944335938 c1:y=-5.7901597,a=-4.80859375->-4.97265625 c2:y=4.75266123,a=3.8671875->4
PROBE acc tid=8 net=(50,232,102) tile=9 origin=(0,133,67) g=0.0312194824 n=0.776367188->0.807617188 c0:y=1.14546371,a=0.994140625->1.03027344 c1:y=-5.76228046,a=-4.71875->-4.8984375 c2:y=4.58677435,a=3.70117188->3.84375
PROBE acc tid=8 net=(50,232,103) tile=9 origin=(0,133,67) g=0.0346984863 n=0.767578125->0.802246094 c0:y=1.22443616,a=1.05175781->1.09472656 c1:y=-5.7220521,a=-4.69921875->-4.8984375 c2:y=4.46505547,a=3.61914062->3.7734375
PROBE acc tid=8 net=(51,229,100) tile=9 origin=(0,133,67) g=0.0190124512 n=0.600097656->0.619140625 c0:y=3.81103563,a=2.32421875->2.39648438 c1:y=-5.85473442,a=-3.5859375->-3.69726562 c2:y=2.05519795,a=1.26757812->1.30664062
PROBE acc tid=8 net=(51,229,101) tile=9 origin=(0,133,67) g=0.0211791992 n=0.595214844->0.616210938 c0:y=4.1212368,a=2.44921875->2.53710938 c1:y=-5.86600494,a=-3.58007812->-3.70507812 c2:y=1.75903893,a=1.13769531->1.17480469
PROBE acc tid=8 net=(51,229,102) tile=9 origin=(0,133,67) g=0.0235748291 n=0.58984375->0.61328125 c0:y=4.21466064,a=2.5234375->2.62304688 c1:y=-5.96817017,a=-3.6171875->-3.7578125 c2:y=1.76516831,a=1.09765625->1.13964844
PROBE acc tid=8 net=(51,229,103) tile=9 origin=(0,133,67) g=0.026184082 n=0.583496094->0.609863281 c0:y=4.47788954,a=2.61328125->2.73046875 c1:y=-5.99171925,a=-3.62304688->-3.77929688 c2:y=1.52508414,a=1.015625->1.05566406
PROBE acc tid=8 net=(51,230,100) tile=9 origin=(0,133,67) g=0.0189819336 n=0.59765625->0.616699219 c0:y=2.29617715,a=1.43457031->1.47851562 c1:y=-5.82862091,a=-3.56445312->-3.67578125 c2:y=3.52266455,a=2.12304688->2.18945312
PROBE acc tid=8 net=(51,230,101) tile=9 origin=(0,133,67) g=0.0211639404 n=0.593261719->0.614257812 c0:y=2.46565652,a=1.54003906->1.59179688 c1:y=-5.81122923,a=-3.56835938->-3.69140625 c2:y=3.33981228,a=2.0234375->2.09375
PROBE acc tid=8 net=(51,230,102) tile=9 origin=(0,133,67) g=0.0235443115 n=0.587890625->0.611328125 c0:y=2.96948266,a=1.85058594->1.92089844 c1:y=-6.00865364,a=-3.65429688->-3.79492188 c2:y=3.03608036,a=1.80078125->1.87207031
PROBE acc tid=8 net=(51,230,103) tile=9 origin=(0,133,67) g=0.0261535645 n=0.581542969->0.607910156 c0:y=3.63381028,a=2.17382812->2.26953125 c1:y=-6.16435957,a=-3.72265625->-3.88476562 c2:y=2.53170848,a=1.54785156->1.61425781
PROBE acc tid=8 net=(51,231,100) tile=9 origin=(0,133,67) g=0.0189361572 n=0.595214844->0.614257812 c0:y=1.24273396,a=0.814941406->0.838378906 c1:y=-6.32385254,a=-3.84375->-3.96289062 c2:y=5.04958963,a=3.00976562->3.10546875
PROBE acc tid=8 net=(51,231,101) tile=9 origin=(0,133,67) g=0.0211029053 n=0.590820312->0.611816406 c0:y=1.41427171,a=0.941894531->0.971679688 c1:y=-6.32295656,a=-3.83984375->-3.97265625 c2:y=4.88165522,a=2.8828125->2.98632812
PROBE acc tid=8 net=(51,231,102) tile=9 origin=(0,133,67) g=0.0234832764 n=0.585449219->0.608886719 c0:y=1.77555907,a=1.12792969->1.16992188 c1:y=-6.2201643,a=-3.72070312->-3.8671875 c2:y=4.42430019,a=2.58007812->2.68359375
PROBE acc tid=8 net=(51,231,103) tile=9 origin=(0,133,67) g=0.0260925293 n=0.578613281->0.604492188 c0:y=2.19322872,a=1.36035156->1.41796875 c1:y=-6.07371283,a=-3.64453125->-3.80273438 c2:y=3.86918521,a=2.27539062->2.37695312
PROBE acc tid=8 net=(51,232,100) tile=9 origin=(0,133,67) g=0.0188598633 n=0.591796875->0.610839844 c0:y=1.26103234,a=0.812988281->0.836914062 c1:y=-7.1192441,a=-4.29296875->-4.42578125 c2:y=5.82756233,a=3.4609375->3.5703125
PROBE acc tid=8 net=(51,232,101) tile=9 origin=(0,133,67) g=0.0210113525 n=0.587402344->0.608398438 c0:y=1.31033373,a=0.83984375->0.8671875 c1:y=-6.98325729,a=-4.203125->-4.3515625 c2:y=5.64277124,a=3.34375->3.46289062
PROBE acc tid=8 net=(51,232,102) tile=9 origin=(0,133,67) g=0.0233917236 n=0.58203125->0.60546875 c0:y=1.29376698,a=0.807128906->0.837402344 c1:y=-6.5073967,a=-3.87304688->-4.0234375 c2:y=5.18265676,a=3.046875->3.16796875
PROBE acc tid=8 net=(51,232,103) tile=9 origin=(0,133,67) g=0.025970459 n=0.574707031->0.600585938 c0:y=1.7148608,a=1.03320312->1.078125 c1:y=-6.19064474,a=-3.6796875->-3.83984375 c2:y=4.45205975,a=2.63085938->2.74609375
PROBE acc tid=8 net=(52,229,100) tile=9 origin=(0,133,67) g=0.0140151978 n=0.442382812->0.456298828 c0:y=4.61378622,a=2.0703125->2.13476562 c1:y=-5.77654076,a=-2.62304688->-2.703125 c2:y=1.18678892,a=0.5625->0.579101562
PROBE acc tid=8 net=(52,229,101) tile=9 origin=(0,133,67) g=0.0156173706 n=0.438964844->0.454589844 c0:y=4.85113144,a=2.1328125->2.20898438 c1:y=-5.67299461,a=-2.57226562->-2.66015625 c2:y=0.848616064,a=0.450927734->0.464111328
PROBE acc tid=8 net=(52,229,102) tile=9 origin=(0,133,67) g=0.0173797607 n=0.434814453->0.452148438 c0:y=4.88218832,a=2.1171875->2.20117188 c1:y=-5.5230484,a=-2.50195312->-2.59765625 c2:y=0.668299437,a=0.395751953->0.407470703
PROBE acc tid=8 net=(52,229,103) tile=9 origin=(0,133,67) g=0.0193023682 n=0.430175781->0.449462891 c0:y=4.84645796,a=2.07617188->2.16992188 c1:y=-5.22907162,a=-2.41992188->-2.52148438 c2:y=0.410225838,a=0.354003906->0.361816406
PROBE acc tid=8 net=(52,230,100) tile=9 origin=(0,133,67) g=0.013999939 n=0.440917969->0.454833984 c0:y=4.30189753,a=1.91503906->1.97558594 c1:y=-5.64556265,a=-2.54882812->-2.62695312 c2:y=1.36983049,a=0.645996094->0.665039062
PROBE acc tid=8 net=(52,230,101) tile=9 origin=(0,133,67) g=0.0156097412 n=0.4375->0.453125 c0:y=4.83228111,a=2.11328125->2.18945312 c1:y=-5.62131691,a=-2.53125->-2.61914062 c2:y=0.820997894,a=0.430664062->0.443359375
PROBE acc tid=8 net=(52,230,102) tile=9 origin=(0,133,67) g=0.017364502 n=0.43359375->0.450927734 c0:y=5.04540777,a=2.20507812->2.29296875 c1:y=-5.60030317,a=-2.49414062->-2.59179688 c2:y=0.58910495,a=0.303222656->0.313476562
PROBE acc tid=8 net=(52,230,103) tile=9 origin=(0,133,67) g=0.0192871094 n=0.428710938->0.447998047 c0:y=5.01920652,a=2.15234375->2.25 c1:y=-5.2795558,a=-2.40820312->-2.50976562 c2:y=0.293400109,a=0.269287109->0.274902344
PROBE acc tid=8 net=(52,231,100) tile=9 origin=(0,133,67) g=0.013961792 n=0.438964844->0.452880859 c0:y=3.0940485,a=1.36035156->1.40332031 c1:y=-5.29847622,a=-2.3671875->-2.44140625 c2:y=2.22306752,a=1.01464844->1.04589844
PROBE acc tid=8 net=(52,231,101) tile=9 origin=(0,133,67) g=0.0155639648 n=0.435546875->0.451171875 c0:y=3.89086676,a=1.68945312->1.75 c1:y=-5.23308706,a=-2.33984375->-2.421875 c2:y=1.3704257,a=0.661621094->0.683105469
PROBE acc tid=8 net=(52,231,102) tile=9 origin=(0,133,67) g=0.0173187256 n=0.431396484->0.448730469 c0:y=4.48924923,a=1.96582031->2.04296875 c1:y=-5.39492321,a=-2.38476562->-2.47851562 c2:y=0.93771559,a=0.432373047->0.448730469
PROBE acc tid=8 net=(52,231,103) tile=9 origin=(0,133,67) g=0.019241333 n=0.426757812->0.446044922 c0:y=4.77208138,a=2.05078125->2.14257812 c1:y=-5.42734385,a=-2.40039062->-2.50390625 c2:y=0.687057137,a=0.361328125->0.374511719
PROBE acc tid=8 net=(52,232,100) tile=9 origin=(0,133,67) g=0.0139007568 n=0.436279297->0.450195312 c0:y=2.28235388,a=0.958007812->0.989746094 c1:y=-5.36826706,a=-2.37695312->-2.45117188 c2:y=3.08524632,a=1.41601562->1.45898438
PROBE acc tid=8 net=(52,232,101) tile=9 origin=(0,133,67) g=0.0154953003 n=0.432861328->0.448242188 c0:y=2.87934399,a=1.24316406->1.28808594 c1:y=-5.11421299,a=-2.265625->-2.34570312 c2:y=2.2496891,a=1.02539062->1.06054688
PROBE acc tid=8 net=(52,232,102) tile=9 origin=(0,133,67) g=0.0172424316 n=0.428955078->0.446289062 c0:y=3.38764668,a=1.48828125->1.546875 c1:y=-5.2305913,a=-2.28710938->-2.37695312 c2:y=1.86433733,a=0.806640625->0.838867188
PROBE acc tid=8 net=(52,232,103) tile=9 origin=(0,133,67) g=0.0191497803 n=0.424072266->0.443115234 c0:y=4.02025652,a=1.70996094->1.78710938 c1:y=-5.50111914,a=-2.40625->-2.51171875 c2:y=1.5029819,a=0.704101562->0.732910156
PROBE acc tid=8 net=(50,229,100) tile=16 origin=(29,66,0) g=0.0778198242 n=0.826660156->0.904296875 c0:y=3.41526055,a=2.62109375->2.88671875 c1:y=-5.87930536,a=-4.6484375->-5.10546875 c2:y=2.48091912,a=2.02929688->2.22265625
PROBE acc tid=8 net=(50,229,101) tile=16 origin=(29,66,0) g=0.0772094727 n=0.823242188->0.900390625 c0:y=4.38964701,a=3.3046875->3.64453125 c1:y=-6.11309767,a=-4.86328125->-5.3359375 c2:y=1.74953663,a=1.56640625->1.70117188
PROBE acc tid=8 net=(50,229,102) tile=16 origin=(29,66,0) g=0.0764770508 n=0.818359375->0.895019531 c0:y=4.82664299,a=3.72851562->4.09765625 c1:y=-6.04885101,a=-4.9140625->-5.375 c2:y=1.25182617,a=1.20019531->1.29589844
PROBE acc tid=8 net=(50,229,103) tile=16 origin=(29,66,0) g=0.0756225586 n=0.813964844->0.889648438 c0:y=4.84837341,a=3.83789062->4.203125 c1:y=-5.88863707,a=-4.87890625->-5.32421875 c2:y=1.06958544,a=1.05371094->1.13476562
PROBE acc tid=8 net=(50,230,100) tile=16 origin=(29,66,0) g=0.0692138672 n=0.82421875->0.893554688 c0:y=1.00353074,a=1.5546875->1.62402344 c1:y=-5.42472219,a=-4.546875->-4.921875 c2:y=4.40140867,a=2.97070312->3.27539062
PROBE acc tid=8 net=(50,230,101) tile=16 origin=(29,66,0) g=0.0686645508 n=0.820800781->0.889648438 c0:y=1.78939271,a=1.91601562->2.0390625 c1:y=-5.42302418,a=-4.5703125->-4.94140625 c2:y=3.62867689,a=2.640625->2.890625
PROBE acc tid=8 net=(50,230,102) tile=16 origin=(29,66,0) g=0.0680541992 n=0.81640625->0.884277344 c0:y=2.4872396,a=2.3984375->2.56835938 c1:y=-5.45579672,a=-4.69140625->-5.0625 c2:y=2.97330308,a=2.28515625->2.48828125
PROBE acc tid=8 net=(50,230,103) tile=16 origin=(29,66,0) g=0.0672607422 n=0.811523438->0.87890625 c0:y=3.2614994,a=2.95703125->3.17578125 c1:y=-5.71662045,a=-4.96484375->-5.34765625 c2:y=2.46507478,a=2.0078125->2.17382812
PROBE acc tid=8 net=(50,231,100) tile=16 origin=(29,66,0) g=0.0614624023 n=0.8203125->0.881835938 c0:y=0.697133362,a=0.962402344->1.00488281 c1:y=-5.69331121,a=-4.73046875->-5.08203125 c2:y=4.97939968,a=3.7421875->4.046875
PROBE acc tid=8 net=(50,231,101) tile=16 origin=(29,66,0) g=0.0609741211 n=0.817382812->0.878417969 c0:y=0.781543612,a=1.03222656->1.08007812 c1:y=-5.46039629,a=-4.66796875->-5 c2:y=4.65917158,a=3.609375->3.89257812
PROBE acc tid=8 net=(50,231,102) tile=16 origin=(29,66,0) g=0.0603942871 n=0.8125->0.873046875 c0:y=0.845206857,a=1.31542969->1.36621094 c1:y=-5.26181126,a=-4.70703125->-5.0234375 c2:y=4.39466286,a=3.3671875->3.6328125
PROBE acc tid=8 net=(50,231,103) tile=16 origin=(29,66,0) g=0.0597229004 n=0.807128906->0.866699219 c0:y=1.22489846,a=1.7265625->1.79980469 c1:y=-5.35557175,a=-4.875->-5.1953125 c2:y=4.1122098,a=3.13476562->3.38085938
PROBE acc tid=8 net=(50,232,100) tile=16 origin=(29,66,0) g=0.054473877 n=0.815429688->0.870117188 c0:y=0.523225248,a=0.8359375->0.864257812 c1:y=-6.16955185,a=-5.01953125->-5.35546875 c2:y=5.63833952,a=4.16015625->4.46875
PROBE acc tid=8 net=(50,232,101) tile=16 origin=(29,66,0) g=0.0540466309 n=0.811523438->0.865722656 c0:y=0.615424633,a=0.944335938->0.977539062 c1:y=-5.96654749,a=-4.97265625->-5.296875 c2:y=5.33852434,a=4->4.2890625
PROBE acc tid=8 net=(50,232,102) tile=16 origin=(29,66,0) g=0.053527832 n=0.807617188->0.861328125 c0:y=0.720637262,a=1.03027344->1.06835938 c1:y=-5.76145983,a=-4.8984375->-5.20703125 c2:y=5.02375269,a=3.84375->4.11328125
PROBE acc tid=8 net=(50,232,103) tile=16 origin=(29,66,0) g=0.0529174805 n=0.802246094->0.854980469 c0:y=0.849002481,a=1.09472656->1.13964844 c1:y=-5.71350002,a=-4.8984375->-5.19921875 c2:y=4.84331512,a=3.7734375->4.03125
PROBE acc tid=8 net=(51,229,100) tile=16 origin=(29,66,0) g=0.0916748047 n=0.619140625->0.7109375 c0:y=4.22941208,a=2.39648438->2.78515625 c1:y=-5.94502687,a=-3.69726562->-4.2421875 c2:y=1.73856616,a=1.30664062->1.46582031
PROBE acc tid=8 net=(51,229,101) tile=16 origin=(29,66,0) g=0.091003418 n=0.616210938->0.70703125 c0:y=4.43400192,a=2.53710938->2.94140625 c1:y=-5.93139648,a=-3.70507812->-4.24609375 c2:y=1.52088523,a=1.17480469->1.31347656
PROBE acc tid=8 net=(51,229,102) tile=16 origin=(29,66,0) g=0.0901489258 n=0.61328125->0.703613281 c0:y=4.49996662,a=2.62304688->3.02929688 c1:y=-5.8990984,a=-3.7578125->-4.2890625 c2:y=1.41941285,a=1.13964844->1.26757812
PROBE acc tid=8 net=(51,229,103) tile=16 origin=(29,66,0) g=0.0891113281 n=0.609863281->0.69921875 c0:y=4.54474735,a=2.73046875->3.13476562 c1:y=-5.86325693,a=-3.77929688->-4.30078125 c2:y=1.335603,a=1.05566406->1.17480469
PROBE acc tid=8 net=(51,230,100) tile=16 origin=(29,66,0) g=0.0815429688 n=0.616699219->0.698242188 c0:y=1.90667772,a=1.47851562->1.63378906 c1:y=-5.65742445,a=-3.67578125->-4.13671875 c2:y=3.7444315,a=2.18945312->2.49414062
PROBE acc tid=8 net=(51,230,101) tile=16 origin=(29,66,0) g=0.0809326172 n=0.614257812->0.6953125 c0:y=2.16302347,a=1.59179688->1.76660156 c1:y=-5.66427898,a=-3.69140625->-4.1484375 c2:y=3.49825096,a=2.09375->2.37695312
PROBE acc tid=8 net=(51,230,102) tile=16 origin=(29,66,0) g=0.0801391602 n=0.611328125->0.69140625 c0:y=2.71372294,a=1.92089844->2.13867188 c1:y=-5.80131483,a=-3.79492188->-4.26171875 c2:y=3.08787751,a=1.87207031->2.11914062
PROBE acc tid=8 net=(51,230,103) tile=16 origin=(29,66,0) g=0.079284668 n=0.607910156->0.687011719 c0:y=3.19279671,a=2.26953125->2.5234375 c1:y=-5.9314661,a=-3.88476562->-4.35546875 c2:y=2.74158001,a=1.61425781->1.83203125
PROBE acc tid=8 net=(51,231,100) tile=16 origin=(29,66,0) g=0.0723876953 n=0.614257812->0.686523438 c0:y=0.934923828,a=0.838378906->0.90625 c1:y=-6.19162464,a=-3.96289062->-4.41015625 c2:y=5.2343359,a=3.10546875->3.484375
PROBE acc tid=8 net=(51,231,101) tile=16 origin=(29,66,0) g=0.0718383789 n=0.611816406->0.68359375 c0:y=0.976692021,a=0.971679688->1.04199219 c1:y=-6.12590456,a=-3.97265625->-4.4140625 c2:y=5.12698793,a=2.98632812->3.35546875
PROBE acc tid=8 net=(51,231,102) tile=16 origin=(29,66,0) g=0.0711669922 n=0.608886719->0.680175781 c0:y=1.11920035,a=1.16992188->1.25 c1:y=-5.91853809,a=-3.8671875->-4.2890625 c2:y=4.77986431,a=2.68359375->3.0234375
PROBE acc tid=8 net=(51,231,103) tile=16 origin=(29,66,0) g=0.0703735352 n=0.604492188->0.674804688 c0:y=1.62684762,a=1.41796875->1.53222656 c1:y=-5.88868046,a=-3.80273438->-4.21875 c2:y=4.25001335,a=2.37695312->2.67578125
PROBE acc tid=8 net=(51,232,100) tile=16 origin=(29,66,0) g=0.0642089844 n=0.610839844->0.674804688 c0:y=0.846974909,a=0.836914062->0.891113281 c1:y=-6.97581196,a=-4.42578125->-4.875 c2:y=6.11082697,a=3.5703125->3.96289062
PROBE acc tid=8 net=(51,232,101) tile=16 origin=(29,66,0) g=0.063659668 n=0.608398438->0.671875 c0:y=0.923837602,a=0.8671875->0.92578125 c1:y=-6.8837676,a=-4.3515625->-4.7890625 c2:y=5.94052887,a=3.46289062->3.84179688
PROBE acc tid=8 net=(51,232,102) tile=16 origin=(29,66,0) g=0.0630493164 n=0.60546875->0.668457031 c0:y=0.940555394,a=0.837402344->0.896484375 c1:y=-6.40223646,a=-4.0234375->-4.42578125 c2:y=5.44056749,a=3.16796875->3.51171875
PROBE acc tid=8 net=(51,232,103) tile=16 origin=(29,66,0) g=0.0623779297 n=0.600585938->0.663085938 c0:y=0.973388076,a=1.078125->1.13867188 c1:y=-6.00144243,a=-3.83984375->-4.21484375 c2:y=5.00444651,a=2.74609375->3.05859375
PROBE acc tid=8 net=(52,229,100) tile=16 origin=(29,66,0) g=0.106384277 n=0.456298828->0.5625 c0:y=5.20116329,a=2.13476562->2.6875 c1:y=-5.8571496,a=-2.703125->-3.32617188 c2:y=0.691952407,a=0.579101562->0.652832031
PROBE acc tid=8 net=(52,229,101) tile=16 origin=(29,66,0) g=0.105529785 n=0.454589844->0.560058594 c0:y=5.31407928,a=2.20898438->2.76953125 c1:y=-5.78722572,a=-2.66015625->-3.27148438 c2:y=0.509912312,a=0.464111328->0.518066406
PROBE acc tid=8 net=(52,229,102) tile=16 origin=(29,66,0) g=0.104553223 n=0.452148438->0.556640625 c0:y=5.27267647,a=2.20117188->2.75195312 c1:y=-5.51969862,a=-2.59765625->-3.17382812 c2:y=0.281713963,a=0.407470703->0.437011719
PROBE acc tid=8 net=(52,229,103) tile=16 origin=(29,66,0) g=0.103393555 n=0.449462891->0.552734375 c0:y=5.13955116,a=2.16992188->2.70117188 c1:y=-5.26355171,a=-2.52148438->-3.06640625 c2:y=0.156663954,a=0.361816406->0.377929688
PROBE acc tid=8 net=(52,230,100) tile=16 origin=(29,66,0) g=0.0946044922 n=0.454833984->0.549316406 c0:y=4.97271967,a=1.97558594->2.4453125 c1:y=-5.9019866,a=-2.62695312->-3.18554688 c2:y=0.970195234,a=0.665039062->0.756835938
PROBE acc tid=8 net=(52,230,101) tile=16 origin=(29,66,0) g=0.0938720703 n=0.453125->0.546875 c0:y=5.36867237,a=2.18945312->2.69335938 c1:y=-5.9374032,a=-2.61914062->-3.17578125 c2:y=0.613268673,a=0.443359375->0.500976562
PROBE acc tid=8 net=(52,230,102) tile=16 origin=(29,66,0) g=0.092956543 n=0.450927734->0.543945312 c0:y=5.55071974,a=2.29296875->2.80859375 c1:y=-5.90532351,a=-2.59179688->-3.140625 c2:y=0.400067449,a=0.313476562->0.350585938
PROBE acc tid=8 net=(52,230,103) tile=16 origin=(29,66,0) g=0.0919189453 n=0.447998047->0.540039062 c0:y=5.43742704,a=2.25->2.75 c1:y=-5.67078638,a=-2.50976562->-3.03125 c2:y=0.276034713,a=0.274902344->0.300292969
PROBE acc tid=8 net=(52,231,100) tile=16 origin=(29,66,0) g=0.083984375 n=0.452880859->0.537109375 c0:y=3.74580073,a=1.40332031->1.71777344 c1:y=-5.60046482,a=-2.44140625->-2.91210938 c2:y=1.89155364,a=1.04589844->1.20507812
PROBE acc tid=8 net=(52,231,101) tile=16 origin=(29,66,0) g=0.0833740234 n=0.451171875->0.534667969 c0:y=4.56869793,a=1.75->2.13085938 c1:y=-5.73863125,a=-2.421875->-2.90039062 c2:y=1.21578646,a=0.683105469->0.784667969
PROBE acc tid=8 net=(52,231,102) tile=16 origin=(29,66,0) g=0.0825805664 n=0.448730469->0.53125 c0:y=5.18125153,a=2.04296875->2.47070312 c1:y=-5.85842562,a=-2.47851562->-2.96289062 c2:y=0.725726664,a=0.448730469->0.508789062
PROBE acc tid=8 net=(52,231,103) tile=16 origin=(29,66,0) g=0.0816040039 n=0.446044922->0.527832031 c0:y=5.31522274,a=2.14257812->2.57617188 c1:y=-5.81462145,a=-2.50390625->-2.97851562 c2:y=0.545204043,a=0.374511719->0.418945312
PROBE acc tid=8 net=(52,232,100) tile=16 origin=(29,66,0) g=0.0744628906 n=0.450195312->0.524414062 c0:y=2.34721708,a=0.989746094->1.1640625 c1:y=-5.56154871,a=-2.45117188->-2.86523438 c2:y=3.23013639,a=1.45898438->1.69921875
PROBE acc tid=8 net=(52,232,101) tile=16 origin=(29,66,0) g=0.0738525391 n=0.448242188->0.521972656 c0:y=3.1651926,a=1.28808594->1.52148438 c1:y=-5.5313282,a=-2.34570312->-2.75390625 c2:y=2.39944172,a=1.06054688->1.23730469
PROBE acc tid=8 net=(52,232,102) tile=16 origin=(29,66,0) g=0.0731811523 n=0.446289062->0.51953125 c0:y=3.92539501,a=1.546875->1.83398438 c1:y=-5.65629721,a=-2.37695312->-2.79101562 c2:y=1.76925421,a=0.838867188->0.968261719
PROBE acc tid=8 net=(52,232,103) tile=16 origin=(29,66,0) g=0.0723266602 n=0.443115234->0.515625 c0:y=4.39162111,a=1.78710938->2.10546875 c1:y=-5.80351543,a=-2.51171875->-2.93164062 c2:y=1.44672859,a=0.732910156->0.837402344
PROBE acc tid=8 net=(50,229,100) tile=17 origin=(29,66,67) g=0.0025177002 n=0.904296875->0.906738281 c0:y=2.23571348,a=2.88671875->2.89257812 c1:y=-5.55670071,a=-5.10546875->-5.12109375 c2:y=3.32405186,a=2.22265625->2.23046875
PROBE acc tid=8 net=(50,229,101) tile=17 origin=(29,66,67) g=0.00280570984 n=0.900390625->0.903320312 c0:y=2.55764699,a=3.64453125->3.65234375 c1:y=-5.51641178,a=-5.3359375->-5.3515625 c2:y=2.96974349,a=1.70117188->1.70996094
PROBE acc tid=8 net=(50,229,102) tile=17 origin=(29,66,67) g=0.00312232971 n=0.895019531->0.897949219 c0:y=3.10610032,a=4.09765625->4.10546875 c1:y=-5.63132763,a=-5.375->-5.39453125 c2:y=2.54086614,a=1.29589844->1.30371094
PROBE acc tid=8 net=(50,229,103) tile=17 origin=(29,66,67) g=0.00346755981 n=0.889648438->0.893066406 c0:y=3.50773549,a=4.203125->4.21484375 c1:y=-5.668293,a=-5.32421875->-5.34375 c2:y=2.17943907,a=1.13476562->1.14257812
PROBE acc tid=8 net=(50,230,100) tile=17 origin=(29,66,67) g=0.00223922729 n=0.893554688->0.895996094 c0:y=1.22248602,a=1.62402344->1.62695312 c1:y=-5.40648222,a=-4.921875->-4.93359375 c2:y=4.16919661,a=3.27539062->3.28515625
PROBE acc tid=8 net=(50,230,101) tile=17 origin=(29,66,67) g=0.00249481201 n=0.889648438->0.892089844 c0:y=1.52517509,a=2.0390625->2.04296875 c1:y=-5.34450912,a=-4.94140625->-4.953125 c2:y=3.80968022,a=2.890625->2.90039062
PROBE acc tid=8 net=(50,230,102) tile=17 origin=(29,66,67) g=0.00277709961 n=0.884277344->0.887207031 c0:y=1.87370729,a=2.56835938->2.57421875 c1:y=-5.37852001,a=-5.0625->-5.078125 c2:y=3.50093412,a=2.48828125->2.49804688
PROBE acc tid=8 net=(50,230,103) tile=17 origin=(29,66,67) g=0.00308418274 n=0.87890625->0.881835938 c0:y=2.24352264,a=3.17578125->3.18359375 c1:y=-5.42470217,a=-5.34765625->-5.36328125 c2:y=3.18393779,a=2.17382812->2.18359375
PROBE acc tid=8 net=(50,231,100) tile=17 origin=(29,66,67) g=0.00198745728 n=0.881835938->0.883789062 c0:y=0.710342526,a=1.00488281->1.00585938 c1:y=-5.2974,a=-5.08203125->-5.09375 c2:y=4.56723404,a=4.046875->4.0546875
PROBE acc tid=8 net=(50,231,101) tile=17 origin=(29,66,67) g=0.00221443176 n=0.878417969->0.880859375 c0:y=0.730389416,a=1.08007812->1.08203125 c1:y=-5.10510254,a=-5->-5.01171875 c2:y=4.35412025,a=3.89257812->3.90234375
PROBE acc tid=8 net=(50,231,102) tile=17 origin=(29,66,67) g=0.00246429443 n=0.873046875->0.875488281 c0:y=1.0057689,a=1.36621094->1.36914062 c1:y=-5.17871475,a=-5.0234375->-5.03515625 c2:y=4.15471697,a=3.6328125->3.64257812
PROBE acc tid=8 net=(50,231,103) tile=17 origin=(29,66,67) g=0.00273704529 n=0.866699219->0.869628906 c0:y=1.45795417,a=1.79980469->1.80371094 c1:y=-5.35129404,a=-5.1953125->-5.2109375 c2:y=3.88156199,a=3.38085938->3.390625
PROBE acc tid=8 net=(50,232,100) tile=17 origin=(29,66,67) g=0.00176143646 n=0.870117188->0.872070312 c0:y=0.618545353,a=0.864257812->0.865234375 c1:y=-5.56617069,a=-5.35546875->-5.3671875 c2:y=4.93201399,a=4.46875->4.4765625
PROBE acc tid=8 net=(50,232,101) tile=17 origin=(29,66,67) g=0.00196266174 n=0.865722656->0.867675781 c0:y=0.652359307,a=0.977539062->0.979003906 c1:y=-5.35664749,a=-5.296875->-5.30859375 c2:y=4.68698263,a=4.2890625->4.296875
PROBE acc tid=8 net=(50,232,102) tile=17 origin=(29,66,67) g=0.00218391418 n=0.861328125->0.86328125 c0:y=0.728413343,a=1.06835938->1.0703125 c1:y=-5.35315323,a=-5.20703125->-5.21875 c2:y=4.60499334,a=4.11328125->4.125
PROBE acc tid=8 net=(50,232,103) tile=17 origin=(29,66,67) g=0.00242614746 n=0.854980469->0.857421875 c0:y=0.796508789,a=1.13964844->1.14160156 c1:y=-5.36245394,a=-5.19921875->-5.2109375 c2:y=4.54411554,a=4.03125->4.04296875
PROBE acc tid=8 net=(51,229,100) tile=17 origin=(29,66,67) g=0.00296592712 n=0.7109375->0.713867188 c0:y=2.68802047,a=2.78515625->2.79296875 c1:y=-5.45258808,a=-4.2421875->-4.2578125 c2:y=2.77671027,a=1.46582031->1.47363281
PROBE acc tid=8 net=(51,229,101) tile=17 origin=(29,66,67) g=0.00330543518 n=0.70703125->0.710449219 c0:y=2.9846828,a=2.94140625->2.95117188 c1:y=-5.52934027,a=-4.24609375->-4.265625 c2:y=2.55839419,a=1.31347656->1.32226562
PROBE acc tid=8 net=(51,229,102) tile=17 origin=(29,66,67) g=0.00367736816 n=0.703613281->0.707519531 c0:y=3.17849445,a=3.02929688->3.04101562 c1:y=-5.65836668,a=-4.2890625->-4.30859375 c2:y=2.49221396,a=1.26757812->1.27636719
PROBE acc tid=8 net=(51,229,103) tile=17 origin=(29,66,67) g=0.00408554077 n=0.69921875->0.703125 c0:y=3.46394324,a=3.13476562->3.1484375 c1:y=-5.75328302,a=-4.30078125->-4.32421875 c2:y=2.3008101,a=1.17480469->1.18457031
PROBE acc tid=8 net=(51,230,100) tile=17 origin=(29,66,67) g=0.00263786316 n=0.698242188->0.700683594 c0:y=1.80562139,a=1.63378906->1.63867188 c1:y=-5.65724707,a=-4.13671875->-4.15234375 c2:y=3.84564424,a=2.49414062->2.50390625
PROBE acc tid=8 net=(51,230,101) tile=17 origin=(29,66,67) g=0.00293922424 n=0.6953125->0.698242188 c0:y=1.87832069,a=1.76660156->1.77246094 c1:y=-5.6278162,a=-4.1484375->-4.1640625 c2:y=3.74613237,a=2.37695312->2.38867188
PROBE acc tid=8 net=(51,230,102) tile=17 origin=(29,66,67) g=0.00327110291 n=0.69140625->0.694824219 c0:y=2.0278945,a=2.13867188->2.14453125 c1:y=-5.65659046,a=-4.26171875->-4.28125 c2:y=3.6273551,a=2.11914062->2.13085938
PROBE acc tid=8 net=(51,230,103) tile=17 origin=(29,66,67) g=0.00363349915 n=0.687011719->0.690429688 c0:y=2.3563323,a=2.5234375->2.53125 c1:y=-5.7166996,a=-4.35546875->-4.375 c2:y=3.36166,a=1.83203125->1.84472656
PROBE acc tid=8 net=(51,231,100) tile=17 origin=(29,66,67) g=0.00234222412 n=0.686523438->0.688964844 c0:y=0.946294188,a=0.90625->0.908691406 c1:y=-5.93906641,a=-4.41015625->-4.42578125 c2:y=4.97149611,a=3.484375->3.49609375
PROBE acc tid=8 net=(51,231,101) tile=17 origin=(29,66,67) g=0.00261116028 n=0.68359375->0.686035156 c0:y=1.15188396,a=1.04199219->1.04492188 c1:y=-5.97028637,a=-4.4140625->-4.4296875 c2:y=4.80112171,a=3.35546875->3.3671875
PROBE acc tid=8 net=(51,231,102) tile=17 origin=(29,66,67) g=0.00290489197 n=0.680175781->0.683105469 c0:y=1.39367867,a=1.25->1.25390625 c1:y=-5.9773221,a=-4.2890625->-4.3046875 c2:y=4.5697093,a=3.0234375->3.03710938
PROBE acc tid=8 net=(51,231,103) tile=17 origin=(29,66,67) g=0.00322532654 n=0.674804688->0.678222656 c0:y=1.71248937,a=1.53222656->1.53808594 c1:y=-5.95355225,a=-4.21875->-4.23828125 c2:y=4.23239183,a=2.67578125->2.68945312
PROBE acc tid=8 net=(51,232,100) tile=17 origin=(29,66,67) g=0.00207519531 n=0.674804688->0.676757812 c0:y=0.875094116,a=0.891113281->0.893066406 c1:y=-6.51494646,a=-4.875->-4.88671875 c2:y=5.6194315,a=3.96289062->3.97460938
PROBE acc tid=8 net=(51,232,101) tile=17 origin=(29,66,67) g=0.00231361389 n=0.671875->0.674316406 c0:y=0.945519269,a=0.92578125->0.927734375 c1:y=-6.45493031,a=-4.7890625->-4.8046875 c2:y=5.48970366,a=3.84179688->3.85546875
PROBE acc tid=8 net=(51,232,102) tile=17 origin=(29,66,67) g=0.00257492065 n=0.668457031->0.670898438 c0:y=0.931409121,a=0.896484375->0.898925781 c1:y=-6.19241095,a=-4.42578125->-4.44140625 c2:y=5.23992491,a=3.51171875->3.52539062
PROBE acc tid=8 net=(51,232,103) tile=17 origin=(29,66,67) g=0.0028591156 n=0.663085938->0.666015625 c0:y=1.16307199,a=1.13867188->1.14160156 c1:y=-5.98680782,a=-4.21484375->-4.23046875 c2:y=4.80545521,a=3.05859375->3.07226562
PROBE acc tid=8 net=(52,229,100) tile=17 origin=(29,66,67) g=0.00344085693 n=0.5625->0.565917969 c0:y=3.87922835,a=2.6875->2.70117188 c1:y=-5.63135958,a=-3.32617188->-3.34570312 c2:y=1.77756679,a=0.652832031->0.659179688
PROBE acc tid=8 net=(52,229,101) tile=17 origin=(29,66,67) g=0.00383377075 n=0.560058594->0.563964844 c0:y=4.16915178,a=2.76953125->2.78515625 c1:y=-5.66732454,a=-3.27148438->-3.29296875 c2:y=1.52612174,a=0.518066406->0.523925781
PROBE acc tid=8 net=(52,229,102) tile=17 origin=(29,66,67) g=0.00426483154 n=0.556640625->0.561035156 c0:y=4.26442051,a=2.75195312->2.76953125 c1:y=-5.71535397,a=-3.17382812->-3.19726562 c2:y=1.47929084,a=0.437011719->0.443359375
PROBE acc tid=8 net=(52,229,103) tile=17 origin=(29,66,67) g=0.004737854 n=0.552734375->0.557617188 c0:y=4.29792738,a=2.70117188->2.72070312 c1:y=-5.61882591,a=-3.06640625->-3.09375 c2:y=1.3490417,a=0.377929688->0.384277344
PROBE acc tid=8 net=(52,230,100) tile=17 origin=(29,66,67) g=0.00305938721 n=0.549316406->0.552246094 c0:y=3.39798021,a=2.4453125->2.45507812 c1:y=-5.54126215,a=-3.18554688->-3.203125 c2:y=2.16834283,a=0.756835938->0.763671875
PROBE acc tid=8 net=(52,230,101) tile=17 origin=(29,66,67) g=0.00341033936 n=0.546875->0.550292969 c0:y=3.88174033,a=2.69335938->2.70703125 c1:y=-5.63594627,a=-3.17578125->-3.1953125 c2:y=1.78450775,a=0.500976562->0.506835938
PROBE acc tid=8 net=(52,230,102) tile=17 origin=(29,66,67) g=0.00379562378 n=0.543945312->0.547851562 c0:y=4.21475315,a=2.80859375->2.82421875 c1:y=-5.73130846,a=-3.140625->-3.16210938 c2:y=1.54919481,a=0.350585938->0.356445312
PROBE acc tid=8 net=(52,230,103) tile=17 origin=(29,66,67) g=0.00421524048 n=0.540039062->0.544433594 c0:y=4.37557983,a=2.75->2.76757812 c1:y=-5.72999191,a=-3.03125->-3.0546875 c2:y=1.38819003,a=0.300292969->0.306152344
PROBE acc tid=8 net=(52,231,100) tile=17 origin=(29,66,67) g=0.00271606445 n=0.537109375->0.540039062 c0:y=2.64905834,a=1.71777344->1.72460938 c1:y=-5.49586391,a=-2.91210938->-2.92773438 c2:y=2.86509109,a=1.20507812->1.21289062
PROBE acc tid=8 net=(52,231,101) tile=17 origin=(29,66,67) g=0.00302886963 n=0.534667969->0.537597656 c0:y=2.92895603,a=2.13085938->2.140625 c1:y=-5.36253595,a=-2.90039062->-2.91601562 c2:y=2.46097779,a=0.784667969->0.791992188
PROBE acc tid=8 net=(52,231,102) tile=17 origin=(29,66,67) g=0.00336837769 n=0.53125->0.534667969 c0:y=3.52968383,a=2.47070312->2.48242188 c1:y=-5.50987625,a=-2.96289062->-2.98242188 c2:y=2.0114677,a=0.508789062->0.515625
PROBE acc tid=8 net=(52,231,103) tile=17 origin=(29,66,67) g=0.00374221802 n=0.527832031->0.531738281 c0:y=4.05893421,a=2.57617188->2.59179688 c1:y=-5.62448549,a=-2.97851562->-3 c2:y=1.59893203,a=0.418945312->0.425048828
PROBE acc tid=8 net=(52,232,100) tile=17 origin=(29,66,67) g=0.00240707397 n=0.524414062->0.526855469 c0:y=2.01591206,a=1.1640625->1.16894531 c1:y=-5.63215637,a=-2.86523438->-2.87890625 c2:y=3.62104654,a=1.69921875->1.70800781
PROBE acc tid=8 net=(52,232,101) tile=17 origin=(29,66,67) g=0.00268363953 n=0.521972656->0.524414062 c0:y=2.47969365,a=1.52148438->1.52832031 c1:y=-5.52951193,a=-2.75390625->-2.76953125 c2:y=3.06678152,a=1.23730469->1.24511719
PROBE acc tid=8 net=(52,232,102) tile=17 origin=(29,66,67) g=0.00298690796 n=0.51953125->0.522460938 c0:y=2.7684226,a=1.83398438->1.84179688 c1:y=-5.49439335,a=-2.79101562->-2.80664062 c2:y=2.7472229,a=0.968261719->0.9765625
PROBE acc tid=8 net=(52,232,103) tile=17 origin=(29,66,67) g=0.00331687927 n=0.515625->0.519042969 c0:y=3.2914412,a=2.10546875->2.1171875 c1:y=-5.60214567,a=-2.93164062->-2.95117188 c2:y=2.33430624,a=0.837402344->0.845214844
PROBE acc tid=8 net=(50,229,100) tile=20 origin=(29,133,0) g=3.83203125 n=0.906738281->4.73828125 c0:y=2.24640107,a=2.89257812->11.5 c1:y=-5.47446346,a=-5.12109375->-26.09375 c2:y=3.22678781,a=2.23046875->14.59375
PROBE acc tid=8 net=(50,229,101) tile=20 origin=(29,133,0) g=3.80273438 n=0.903320312->4.70703125 c0:y=2.80644512,a=3.65234375->14.328125 c1:y=-5.51964998,a=-5.3515625->-26.34375 c2:y=2.72156167,a=1.70996094->12.0625
PROBE acc tid=8 net=(50,229,102) tile=20 origin=(29,133,0) g=3.765625 n=0.897949219->4.6640625 c0:y=3.47604632,a=4.10546875->17.1875 c1:y=-5.62592459,a=-5.39453125->-26.578125 c2:y=2.16430473,a=1.30371094->9.453125
PROBE acc tid=8 net=(50,229,103) tile=20 origin=(29,133,0) g=3.72460938 n=0.893066406->4.6171875 c0:y=3.78950071,a=4.21484375->18.328125 c1:y=-5.65732431,a=-5.34375->-26.421875 c2:y=1.88501167,a=1.14257812->8.1640625
PROBE acc tid=8 net=(50,230,100) tile=20 origin=(29,133,0) g=3.828125 n=0.895996094->4.72265625 c0:y=0.915267944,a=1.62695312->5.12890625 c1:y=-5.23457384,a=-4.93359375->-24.96875 c2:y=4.29601288,a=3.28515625->19.734375
PROBE acc tid=8 net=(50,230,101) tile=20 origin=(29,133,0) g=3.79882812 n=0.892089844->4.69140625 c0:y=1.33202589,a=2.04296875->7.1015625 c1:y=-5.21369553,a=-4.953125->-24.765625 c2:y=3.86464119,a=2.90039062->17.578125
PROBE acc tid=8 net=(50,230,102) tile=20 origin=(29,133,0) g=3.76367188 n=0.887207031->4.65234375 c0:y=1.72308469,a=2.57421875->9.0625 c1:y=-5.18644476,a=-5.078125->-24.59375 c2:y=3.4533205,a=2.49804688->15.4921875
PROBE acc tid=8 net=(50,230,103) tile=20 origin=(29,133,0) g=3.72070312 n=0.881835938->4.6015625 c0:y=2.0498395,a=3.18359375->10.8125 c1:y=-5.2762804,a=-5.36328125->-25 c2:y=3.22245216,a=2.18359375->14.171875
PROBE acc tid=8 net=(50,231,100) tile=20 origin=(29,133,0) g=3.81835938 n=0.883789062->4.703125 c0:y=0.75911355,a=1.00585938->3.90429688 c1:y=-5.54536772,a=-5.09375->-26.265625 c2:y=4.76601791,a=4.0546875->22.25
PROBE acc tid=8 net=(50,231,101) tile=20 origin=(29,133,0) g=3.7890625 n=0.880859375->4.671875 c0:y=0.806850553,a=1.08203125->4.140625 c1:y=-5.36668444,a=-5.01171875->-25.34375 c2:y=4.53789711,a=3.90234375->21.09375
PROBE acc tid=8 net=(50,231,102) tile=20 origin=(29,133,0) g=3.75390625 n=0.875488281->4.62890625 c0:y=0.852473617,a=1.36914062->4.5703125 c1:y=-5.22467661,a=-5.03515625->-24.640625 c2:y=4.34869099,a=3.64257812->19.96875
PROBE acc tid=8 net=(50,231,103) tile=20 origin=(29,133,0) g=3.7109375 n=0.869628906->4.58203125 c0:y=1.01481223,a=1.80371094->5.5703125 c1:y=-5.31050444,a=-5.2109375->-24.921875 c2:y=4.2718997,a=3.390625->19.25
PROBE acc tid=8 net=(50,232,100) tile=20 origin=(29,133,0) g=3.80273438 n=0.872070312->4.67578125 c0:y=0.644520044,a=0.865234375->3.31640625 c1:y=-5.88915396,a=-5.3671875->-27.765625 c2:y=5.22956896,a=4.4765625->24.359375
PROBE acc tid=8 net=(50,232,101) tile=20 origin=(29,133,0) g=3.7734375 n=0.867675781->4.640625 c0:y=0.713397264,a=0.979003906->3.671875 c1:y=-5.7366724,a=-5.30859375->-26.953125 c2:y=5.00552511,a=4.296875->23.1875
PROBE acc tid=8 net=(50,232,102) tile=20 origin=(29,133,0) g=3.73632812 n=0.86328125->4.6015625 c0:y=0.775456786,a=1.0703125->3.96679688 c1:y=-5.54993677,a=-5.21875->-25.953125 c2:y=4.75376844,a=4.125->21.890625
PROBE acc tid=8 net=(50,232,103) tile=20 origin=(29,133,0) g=3.6953125 n=0.857421875->4.5546875 c0:y=0.874825418,a=1.14160156->4.375 c1:y=-5.56687164,a=-5.2109375->-25.78125 c2:y=4.66817713,a=4.04296875->21.296875
PROBE acc tid=8 net=(51,229,100) tile=20 origin=(29,133,0) g=4.515625 n=0.713867188->5.23046875 c0:y=3.03683805,a=2.79296875->16.5 c1:y=-5.67281866,a=-4.2578125->-29.875 c2:y=2.64620304,a=1.47363281->13.421875
PROBE acc tid=8 net=(51,229,101) tile=20 origin=(29,133,0) g=4.48046875 n=0.710449219->5.19140625 c0:y=3.25727463,a=2.95117188->17.546875 c1:y=-5.70305634,a=-4.265625->-29.8125 c2:y=2.45700455,a=1.32226562->12.328125
PROBE acc tid=8 net=(51,229,102) tile=20 origin=(29,133,0) g=4.4375 n=0.707519531->5.14453125 c0:y=3.41470098,a=3.04101562->18.1875 c1:y=-5.77022219,a=-4.30859375->-29.90625 c2:y=2.36457896,a=1.27636719->11.765625
PROBE acc tid=8 net=(51,229,103) tile=20 origin=(29,133,0) g=4.38671875 n=0.703125->5.08984375 c0:y=3.65433764,a=3.1484375->19.171875 c1:y=-5.87800264,a=-4.32421875->-30.109375 c2:y=2.23089051,a=1.18457031->10.96875
PROBE acc tid=8 net=(51,230,100) tile=20 origin=(29,133,0) g=4.51171875 n=0.700683594->5.2109375 c0:y=1.72090387,a=1.63867188->9.40625 c1:y=-5.76580858,a=-4.15234375->-30.171875 c2:y=4.03350115,a=2.50390625->20.703125
PROBE acc tid=8 net=(51,230,101) tile=20 origin=(29,133,0) g=4.4765625 n=0.698242188->5.17578125 c0:y=1.80193722,a=1.77246094->9.8359375 c1:y=-5.77760649,a=-4.1640625->-30.03125 c2:y=3.9668982,a=2.38867188->20.140625
PROBE acc tid=8 net=(51,230,102) tile=20 origin=(29,133,0) g=4.43359375 n=0.694824219->5.12890625 c0:y=1.94444323,a=2.14453125->10.765625 c1:y=-5.7161994,a=-4.28125->-29.625 c2:y=3.76662207,a=2.13085938->18.828125
PROBE acc tid=8 net=(51,230,103) tile=20 origin=(29,133,0) g=4.3828125 n=0.690429688->5.07421875 c0:y=2.37485766,a=2.53125->12.9375 c1:y=-5.84599781,a=-4.375->-30 c2:y=3.46883345,a=1.84472656->17.046875
PROBE acc tid=8 net=(51,231,100) tile=20 origin=(29,133,0) g=4.5 n=0.688964844->5.1875 c0:y=0.99442184,a=0.908691406->5.3828125 c1:y=-6.38291693,a=-4.42578125->-33.15625 c2:y=5.36392593,a=3.49609375->27.640625
PROBE acc tid=8 net=(51,231,101) tile=20 origin=(29,133,0) g=4.46484375 n=0.686035156->5.15234375 c0:y=1.02977097,a=1.04492188->5.64453125 c1:y=-6.43256855,a=-4.4296875->-33.15625 c2:y=5.37901545,a=3.3671875->27.390625
PROBE acc tid=8 net=(51,231,102) tile=20 origin=(29,133,0) g=4.421875 n=0.683105469->5.10546875 c0:y=1.01394844,a=1.25390625->5.73828125 c1:y=-6.17193556,a=-4.3046875->-31.59375 c2:y=5.13442469,a=3.03710938->25.734375
PROBE acc tid=8 net=(51,231,103) tile=20 origin=(29,133,0) g=4.37109375 n=0.678222656->5.05078125 c0:y=1.45999551,a=1.53808594->7.91796875 c1:y=-6.12665033,a=-4.23828125->-31.015625 c2:y=4.64939213,a=2.68945312->23.015625
PROBE acc tid=8 net=(51,232,100) tile=20 origin=(29,133,0) g=4.48046875 n=0.676757812->5.15625 c0:y=0.987538099,a=0.893066406->5.31640625 c1:y=-7.0274415,a=-4.88671875->-36.375 c2:y=6.01738501,a=3.97460938->30.9375
PROBE acc tid=8 net=(51,232,101) tile=20 origin=(29,133,0) g=4.4453125 n=0.674316406->5.12109375 c0:y=1.03324568,a=0.927734375->5.51953125 c1:y=-7.01750803,a=-4.8046875->-36 c2:y=5.96189785,a=3.85546875->30.359375
PROBE acc tid=8 net=(51,232,102) tile=20 origin=(29,133,0) g=4.40234375 n=0.670898438->5.07421875 c0:y=1.00113118,a=0.898925781->5.3046875 c1:y=-6.51346254,a=-4.44140625->-33.125 c2:y=5.48918581,a=3.52539062->27.6875
PROBE acc tid=8 net=(51,232,103) tile=20 origin=(29,133,0) g=4.35546875 n=0.666015625->5.0234375 c0:y=1.00915051,a=1.14160156->5.53515625 c1:y=-6.12150812,a=-4.23046875->-30.890625 c2:y=5.08687973,a=3.07226562->25.234375
PROBE acc tid=8 net=(52,229,100) tile=20 origin=(29,133,0) g=5.23828125 n=0.565917969->5.8046875 c0:y=4.40523148,a=2.70117188->25.78125 c1:y=-5.69554186,a=-3.34570312->-33.1875 c2:y=1.31676316,a=0.659179688->7.55859375
PROBE acc tid=8 net=(52,229,101) tile=20 origin=(29,133,0) g=5.1953125 n=0.563964844->5.7578125 c0:y=4.65900612,a=2.78515625->26.984375 c1:y=-5.68060446,a=-3.29296875->-32.8125 c2:y=1.05053115,a=0.523925781->5.98046875
PROBE acc tid=8 net=(52,229,102) tile=20 origin=(29,133,0) g=5.1484375 n=0.561035156->5.7109375 c0:y=4.68680906,a=2.76953125->26.90625 c1:y=-5.62009239,a=-3.19726562->-32.125 c2:y=0.962830126,a=0.443359375->5.40234375
PROBE acc tid=8 net=(52,229,103) tile=20 origin=(29,133,0) g=5.08984375 n=0.557617188->5.6484375 c0:y=4.60661364,a=2.72070312->26.171875 c1:y=-5.41596556,a=-3.09375->-30.65625 c2:y=0.837490857,a=0.384277344->4.6484375
PROBE acc tid=8 net=(52,230,100) tile=20 origin=(29,133,0) g=5.234375 n=0.552246094->5.78515625 c0:y=3.98763537,a=2.45507812->23.328125 c1:y=-5.60466671,a=-3.203125->-32.53125 c2:y=1.64540291,a=0.763671875->9.375
PROBE acc tid=8 net=(52,230,101) tile=20 origin=(29,133,0) g=5.19140625 n=0.550292969->5.7421875 c0:y=4.50477791,a=2.70703125->26.09375 c1:y=-5.68900442,a=-3.1953125->-32.71875 c2:y=1.21802104,a=0.506835938->6.828125
PROBE acc tid=8 net=(52,230,102) tile=20 origin=(29,133,0) g=5.14453125 n=0.547851562->5.69140625 c0:y=4.79826689,a=2.82421875->27.515625 c1:y=-5.71197271,a=-3.16210938->-32.5625 c2:y=0.950292945,a=0.356445312->5.24609375
PROBE acc tid=8 net=(52,230,103) tile=20 origin=(29,133,0) g=5.0859375 n=0.544433594->5.62890625 c0:y=4.80221796,a=2.76757812->27.1875 c1:y=-5.65013075,a=-3.0546875->-31.796875 c2:y=0.883944631,a=0.306152344->4.80078125
PROBE acc tid=8 net=(52,231,100) tile=20 origin=(29,133,0) g=5.21875 n=0.540039062->5.7578125 c0:y=2.89212847,a=1.72460938->16.8125 c1:y=-5.45829582,a=-2.92773438->-31.40625 c2:y=2.58673525,a=1.21289062->14.7109375
PROBE acc tid=8 net=(52,231,101) tile=20 origin=(29,133,0) g=5.1796875 n=0.537597656->5.71875 c0:y=3.41492367,a=2.140625->19.828125 c1:y=-5.38184404,a=-2.91601562->-30.796875 c2:y=1.99738991,a=0.791992188->11.140625
PROBE acc tid=8 net=(52,231,102) tile=20 origin=(29,133,0) g=5.12890625 n=0.534667969->5.6640625 c0:y=4.1053462,a=2.48242188->23.53125 c1:y=-5.50961924,a=-2.98242188->-31.234375 c2:y=1.4396795,a=0.515625->7.8984375
PROBE acc tid=8 net=(52,231,103) tile=20 origin=(29,133,0) g=5.0703125 n=0.531738281->5.6015625 c0:y=4.46747351,a=2.59179688->25.25 c1:y=-5.58842897,a=-3->-31.328125 c2:y=1.15582955,a=0.425048828->6.28515625
PROBE acc tid=8 net=(52,232,100) tile=20 origin=(29,133,0) g=5.1953125 n=0.526855469->5.72265625 c0:y=2.04229021,a=1.16894531->11.78125 c1:y=-5.55054188,a=-2.87890625->-31.71875 c2:y=3.51069236,a=1.70800781->19.953125
PROBE acc tid=8 net=(52,232,101) tile=20 origin=(29,133,0) g=5.15625 n=0.524414062->5.6796875 c0:y=2.58611417,a=1.52832031->14.859375 c1:y=-5.4638052,a=-2.76953125->-30.9375 c2:y=2.89328098,a=1.24511719->16.15625
PROBE acc tid=8 net=(52,232,102) tile=20 origin=(29,133,0) g=5.109375 n=0.522460938->5.6328125 c0:y=2.96405768,a=1.84179688->16.984375 c1:y=-5.37858582,a=-2.80664062->-30.28125 c2:y=2.4372592,a=0.9765625->13.4296875
PROBE acc tid=8 net=(52,232,103) tile=20 origin=(29,133,0) g=5.05078125 n=0.519042969->5.5703125 c0:y=3.46848464,a=2.1171875->19.640625 c1:y=-5.56117773,a=-2.95117188->-31.046875 c2:y=2.1156671,a=0.845214844->11.53125
PROBE acc tid=8 net=(50,229,100) tile=21 origin=(29,133,67) g=0.123901367 n=4.73828125->4.86328125 c0:y=1.83943224,a=11.5->11.7265625 c1:y=-5.61535358,a=-26.09375->-26.796875 c2:y=3.77164054,a=14.59375->15.0625
PROBE acc tid=8 net=(50,229,101) tile=21 origin=(29,133,67) g=0.138183594 n=4.70703125->4.84375 c0:y=2.15092826,a=14.328125->14.625 c1:y=-5.51516914,a=-26.34375->-27.109375 c2:y=3.36819696,a=12.0625->12.53125
PROBE acc tid=8 net=(50,229,102) tile=21 origin=(29,133,67) g=0.153686523 n=4.6640625->4.81640625 c0:y=2.43133092,a=17.1875->17.5625 c1:y=-5.44578552,a=-26.578125->-27.421875 c2:y=3.024755,a=9.453125->9.921875
PROBE acc tid=8 net=(50,229,103) tile=21 origin=(29,133,67) g=0.170776367 n=4.6171875->4.7890625 c0:y=2.91943812,a=18.328125->18.828125 c1:y=-5.51078653,a=-26.421875->-27.359375 c2:y=2.60583925,a=8.1640625->8.609375
PROBE acc tid=8 net=(50,230,100) tile=21 origin=(29,133,67) g=0.123840332 n=4.72265625->4.84765625 c0:y=0.927002192,a=5.12890625->5.2421875 c1:y=-5.44198847,a=-24.96875->-25.640625 c2:y=4.49656773,a=19.734375->20.296875
PROBE acc tid=8 net=(50,230,101) tile=21 origin=(29,133,67) g=0.138061523 n=4.69140625->4.828125 c0:y=1.21345723,a=7.1015625->7.26953125 c1:y=-5.32556295,a=-24.765625->-25.5 c2:y=4.0985961,a=17.578125->18.140625
PROBE acc tid=8 net=(50,230,102) tile=21 origin=(29,133,67) g=0.153564453 n=4.65234375->4.8046875 c0:y=1.5505414,a=9.0625->9.296875 c1:y=-5.33479452,a=-24.59375->-25.40625 c2:y=3.77575469,a=15.4921875->16.078125
PROBE acc tid=8 net=(50,230,103) tile=21 origin=(29,133,67) g=0.170532227 n=4.6015625->4.7734375 c0:y=1.85057771,a=10.8125->11.125 c1:y=-5.35478878,a=-25->-25.90625 c2:y=3.50136232,a=14.171875->14.765625
PROBE acc tid=8 net=(50,231,100) tile=21 origin=(29,133,67) g=0.123474121 n=4.703125->4.828125 c0:y=0.692739427,a=3.90429688->3.99023438 c1:y=-5.53786469,a=-26.265625->-26.953125 c2:y=4.82675838,a=22.25->22.84375
PROBE acc tid=8 net=(50,231,101) tile=21 origin=(29,133,67) g=0.137695312 n=4.671875->4.80859375 c0:y=0.704482853,a=4.140625->4.23828125 c1:y=-5.30371952,a=-25.34375->-26.078125 c2:y=4.58009481,a=21.09375->21.71875
PROBE acc tid=8 net=(50,231,102) tile=21 origin=(29,133,67) g=0.153198242 n=4.62890625->4.78125 c0:y=0.760986567,a=4.5703125->4.6875 c1:y=-5.28612757,a=-24.640625->-25.453125 c2:y=4.50439739,a=19.96875->20.65625
PROBE acc tid=8 net=(50,231,103) tile=21 origin=(29,133,67) g=0.170166016 n=4.58203125->4.75390625 c0:y=1.13936532,a=5.5703125->5.765625 c1:y=-5.42570448,a=-24.921875->-25.84375 c2:y=4.27016687,a=19.25->19.984375
PROBE acc tid=8 net=(50,232,100) tile=21 origin=(29,133,67) g=0.12298584 n=4.67578125->4.796875 c0:y=0.632930219,a=3.31640625->3.39453125 c1:y=-5.78906965,a=-27.765625->-28.484375 c2:y=5.14094019,a=24.359375->24.984375
PROBE acc tid=8 net=(50,232,101) tile=21 origin=(29,133,67) g=0.137084961 n=4.640625->4.77734375 c0:y=0.653362751,a=3.671875->3.76171875 c1:y=-5.56759357,a=-26.953125->-27.71875 c2:y=4.89771223,a=23.1875->23.859375
PROBE acc tid=8 net=(50,232,102) tile=21 origin=(29,133,67) g=0.15246582 n=4.6015625->4.75390625 c0:y=0.720781922,a=3.96679688->4.078125 c1:y=-5.571455,a=-25.953125->-26.796875 c2:y=4.83172417,a=21.890625->22.625
PROBE acc tid=8 net=(50,232,103) tile=21 origin=(29,133,67) g=0.169433594 n=4.5546875->4.72265625 c0:y=0.782820761,a=4.375->4.5078125 c1:y=-5.55971622,a=-25.78125->-26.71875 c2:y=4.75590086,a=21.296875->22.109375
PROBE acc tid=8 net=(51,229,100) tile=21 origin=(29,133,67) g=0.145996094 n=5.23046875->5.375 c0:y=2.27394056,a=16.5->16.828125 c1:y=-5.50222683,a=-29.875->-30.671875 c2:y=3.23419976,a=13.421875->13.890625
PROBE acc tid=8 net=(51,229,101) tile=21 origin=(29,133,67) g=0.162719727 n=5.19140625->5.35546875 c0:y=2.29525208,a=17.546875->17.921875 c1:y=-5.44636679,a=-29.8125->-30.703125 c2:y=3.15856481,a=12.328125->12.84375
PROBE acc tid=8 net=(51,229,102) tile=21 origin=(29,133,67) g=0.181152344 n=5.14453125->5.32421875 c0:y=2.52678156,a=18.1875->18.640625 c1:y=-5.62257862,a=-29.90625->-30.921875 c2:y=3.10162568,a=11.765625->12.328125
PROBE acc tid=8 net=(51,229,103) tile=21 origin=(29,133,67) g=0.201171875 n=5.08984375->5.2890625 c0:y=2.97532558,a=19.171875->19.765625 c1:y=-5.78282642,a=-30.109375->-31.265625 c2:y=2.81375456,a=10.96875->11.53125
PROBE acc tid=8 net=(51,230,100) tile=21 origin=(29,133,67) g=0.145874023 n=5.2109375->5.35546875 c0:y=1.52596593,a=9.40625->9.625 c1:y=-5.76217175,a=-30.171875->-31.015625 c2:y=4.22665262,a=20.703125->21.3125
PROBE acc tid=8 net=(51,230,101) tile=21 origin=(29,133,67) g=0.162597656 n=5.17578125->5.33984375 c0:y=1.59821832,a=9.8359375->10.09375 c1:y=-5.76460361,a=-30.03125->-30.96875 c2:y=4.15932178,a=20.140625->20.8125
PROBE acc tid=8 net=(51,230,102) tile=21 origin=(29,133,67) g=0.180908203 n=5.12890625->5.30859375 c0:y=1.79432118,a=10.765625->11.09375 c1:y=-5.83265448,a=-29.625->-30.6875 c2:y=4.03361464,a=18.828125->19.5625
PROBE acc tid=8 net=(51,230,103) tile=21 origin=(29,133,67) g=0.200927734 n=5.07421875->5.2734375 c0:y=1.98186743,a=12.9375->13.3359375 c1:y=-5.80447245,a=-30->-31.171875 c2:y=3.82121325,a=17.046875->17.8125
PROBE acc tid=8 net=(51,231,100) tile=21 origin=(29,133,67) g=0.145507812 n=5.1875->5.33203125 c0:y=0.882055819,a=5.3828125->5.51171875 c1:y=-6.32825851,a=-33.15625->-34.0625 c2:y=5.42501831,a=27.640625->28.4375
PROBE acc tid=8 net=(51,231,101) tile=21 origin=(29,133,67) g=0.162231445 n=5.15234375->5.31640625 c0:y=0.94659847,a=5.64453125->5.796875 c1:y=-6.328897,a=-33.15625->-34.1875 c2:y=5.36273766,a=27.390625->28.265625
PROBE acc tid=8 net=(51,231,102) tile=21 origin=(29,133,67) g=0.180419922 n=5.10546875->5.28515625 c0:y=1.11625051,a=5.73828125->5.94140625 c1:y=-6.2797513,a=-31.59375->-32.71875 c2:y=5.14575529,a=25.734375->26.65625
PROBE acc tid=8 net=(51,231,103) tile=21 origin=(29,133,67) g=0.200439453 n=5.05078125->5.25 c0:y=1.47916448,a=7.91796875->8.2109375 c1:y=-6.2282114,a=-31.015625->-32.25 c2:y=4.73660326,a=23.015625->23.96875
PROBE acc tid=8 net=(51,232,100) tile=21 origin=(29,133,67) g=0.144897461 n=5.15625->5.30078125 c0:y=0.916481853,a=5.31640625->5.44921875 c1:y=-6.96593714,a=-36.375->-37.375 c2:y=6.02950716,a=30.9375->31.8125
PROBE acc tid=8 net=(51,232,101) tile=21 origin=(29,133,67) g=0.161499023 n=5.12109375->5.28125 c0:y=0.973753631,a=5.51953125->5.67578125 c1:y=-6.89390612,a=-36->-37.125 c2:y=5.90144157,a=30.359375->31.3125
PROBE acc tid=8 net=(51,232,102) tile=21 origin=(29,133,67) g=0.1796875 n=5.07421875->5.25390625 c0:y=0.936901927,a=5.3046875->5.47265625 c1:y=-6.55960321,a=-33.125->-34.3125 c2:y=5.60252953,a=27.6875->28.6875
PROBE acc tid=8 net=(51,232,103) tile=21 origin=(29,133,67) g=0.199584961 n=5.0234375->5.22265625 c0:y=0.934743524,a=5.53515625->5.72265625 c1:y=-6.19147539,a=-30.890625->-32.125 c2:y=5.23501873,a=25.234375->26.28125
PROBE acc tid=8 net=(52,229,100) tile=21 origin=(29,133,67) g=0.169433594 n=5.8046875->5.97265625 c0:y=3.51488185,a=25.78125->26.375 c1:y=-5.50534105,a=-33.1875->-34.125 c2:y=2.01272488,a=7.55859375->7.8984375
PROBE acc tid=8 net=(52,229,101) tile=21 origin=(29,133,67) g=0.188842773 n=5.7578125->5.9453125 c0:y=3.91871452,a=26.984375->27.71875 c1:y=-5.57254314,a=-32.8125->-33.875 c2:y=1.67962825,a=5.98046875->6.296875
PROBE acc tid=8 net=(52,229,102) tile=21 origin=(29,133,67) g=0.210083008 n=5.7109375->5.921875 c0:y=4.10398483,a=26.90625->27.765625 c1:y=-5.64109707,a=-32.125->-33.3125 c2:y=1.5642854,a=5.40234375->5.73046875
PROBE acc tid=8 net=(52,229,103) tile=21 origin=(29,133,67) g=0.233398438 n=5.6484375->5.8828125 c0:y=4.21394777,a=26.171875->27.15625 c1:y=-5.61956072,a=-30.65625->-31.96875 c2:y=1.43370616,a=4.6484375->4.984375
PROBE acc tid=8 net=(52,230,100) tile=21 origin=(29,133,67) g=0.169189453 n=5.78515625->5.953125 c0:y=2.79051924,a=23.328125->23.796875 c1:y=-5.26075315,a=-32.53125->-33.40625 c2:y=2.49146318,a=9.375->9.796875
PROBE acc tid=8 net=(52,230,101) tile=21 origin=(29,133,67) g=0.188598633 n=5.7421875->5.9296875 c0:y=3.38272595,a=26.09375->26.734375 c1:y=-5.38748789,a=-32.71875->-33.75 c2:y=2.03238344,a=6.828125->7.2109375
PROBE acc tid=8 net=(52,230,102) tile=21 origin=(29,133,67) g=0.209838867 n=5.69140625->5.90234375 c0:y=3.87431455,a=27.515625->28.328125 c1:y=-5.55827188,a=-32.5625->-33.71875 c2:y=1.71516502,a=5.24609375->5.60546875
PROBE acc tid=8 net=(52,230,103) tile=21 origin=(29,133,67) g=0.233154297 n=5.62890625->5.86328125 c0:y=4.18774176,a=27.1875->28.15625 c1:y=-5.63419533,a=-31.796875->-33.125 c2:y=1.47979271,a=4.80078125->5.14453125
PROBE acc tid=8 net=(52,231,100) tile=21 origin=(29,133,67) g=0.168823242 n=5.7578125->5.92578125 c0:y=2.40716457,a=16.8125->17.21875 c1:y=-5.57017422,a=-31.40625->-32.34375 c2:y=3.17675209,a=14.7109375->15.25
PROBE acc tid=8 net=(52,231,101) tile=21 origin=(29,133,67) g=0.188110352 n=5.71875->5.90625 c0:y=2.73285627,a=19.828125->20.34375 c1:y=-5.4043417,a=-30.796875->-31.8125 c2:y=2.6954608,a=11.140625->11.6484375
PROBE acc tid=8 net=(52,231,102) tile=21 origin=(29,133,67) g=0.209350586 n=5.6640625->5.875 c0:y=3.13298941,a=23.53125->24.1875 c1:y=-5.38273239,a=-31.234375->-32.375 c2:y=2.27915454,a=7.8984375->8.375
PROBE acc tid=8 net=(52,231,103) tile=21 origin=(29,133,67) g=0.232543945 n=5.6015625->5.8359375 c0:y=3.78668571,a=25.25->26.125 c1:y=-5.52415085,a=-31.328125->-32.625 c2:y=1.7695502,a=6.28515625->6.6953125
PROBE acc tid=8 net=(52,232,100) tile=21 origin=(29,133,67) g=0.16809082 n=5.72265625->5.890625 c0:y=1.86045694,a=11.78125->12.09375 c1:y=-5.7460928,a=-31.71875->-32.6875 c2:y=3.88751173,a=19.953125->20.609375
PROBE acc tid=8 net=(52,232,101) tile=21 origin=(29,133,67) g=0.18737793 n=5.6796875->5.8671875 c0:y=2.2760458,a=14.859375->15.2890625 c1:y=-5.60829687,a=-30.9375->-31.984375 c2:y=3.34569097,a=16.15625->16.78125
PROBE acc tid=8 net=(52,232,102) tile=21 origin=(29,133,67) g=0.208496094 n=5.6328125->5.83984375 c0:y=2.59784389,a=16.984375->17.53125 c1:y=-5.55777359,a=-30.28125->-31.4375 c2:y=2.97808123,a=13.4296875->14.046875
PROBE acc tid=8 net=(52,232,103) tile=21 origin=(29,133,67) g=0.231567383 n=5.5703125->5.80078125 c0:y=2.87660694,a=19.640625->20.3125 c1:y=-5.48258209,a=-31.046875->-32.3125 c2:y=2.62712288,a=11.53125->12.140625
PROBE final tid=8 net=(50,229,100) n=4.86328125 c0=2.41210938 c1=-5.51171875 c2=3.09765625
PROBE final tid=8 net=(50,229,101) n=4.84375 c0=3.01953125 c1=-5.59765625 c2=2.58789062
PROBE final tid=8 net=(50,229,102) n=4.81640625 c0=3.64648438 c1=-5.6953125 c2=2.06054688
PROBE final tid=8 net=(50,229,103) n=4.7890625 c0=3.93164062 c1=-5.7109375 c2=1.79785156
PROBE final tid=8 net=(50,230,100) n=4.84765625 c0=1.08105469 c1=-5.2890625 c2=4.1875
PROBE final tid=8 net=(50,230,101) n=4.828125 c0=1.50585938 c1=-5.28125 c2=3.7578125
PROBE final tid=8 net=(50,230,102) n=4.8046875 c0=1.93457031 c1=-5.2890625 c2=3.34570312
PROBE final tid=8 net=(50,230,103) n=4.7734375 c0=2.33007812 c1=-5.42578125 c2=3.09375
PROBE final tid=8 net=(50,231,100) n=4.828125 c0=0.826660156 c1=-5.58203125 c2=4.73046875
PROBE final tid=8 net=(50,231,101) n=4.80859375 c0=0.881347656 c1=-5.421875 c2=4.515625
PROBE final tid=8 net=(50,231,102) n=4.78125 c0=0.98046875 c1=-5.32421875 c2=4.3203125
PROBE final tid=8 net=(50,231,103) n=4.75390625 c0=1.21289062 c1=-5.4375 c2=4.203125
PROBE final tid=8 net=(50,232,100) n=4.796875 c0=0.707519531 c1=-5.9375 c2=5.20703125
PROBE final tid=8 net=(50,232,101) n=4.77734375 c0=0.787597656 c1=-5.80078125 c2=4.99609375
PROBE final tid=8 net=(50,232,102) n=4.75390625 c0=0.857910156 c1=-5.63671875 c2=4.7578125
PROBE final tid=8 net=(50,232,103) n=4.72265625 c0=0.954589844 c1=-5.65625 c2=4.6796875
PROBE final tid=8 net=(51,229,100) n=5.375 c0=3.13085938 c1=-5.70703125 c2=2.58398438
PROBE final tid=8 net=(51,229,101) n=5.35546875 c0=3.34570312 c1=-5.734375 c2=2.3984375
PROBE final tid=8 net=(51,229,102) n=5.32421875 c0=3.50195312 c1=-5.80859375 c2=2.31640625
PROBE final tid=8 net=(51,229,103) n=5.2890625 c0=3.73632812 c1=-5.91015625 c2=2.1796875
PROBE final tid=8 net=(51,230,100) n=5.35546875 c0=1.796875 c1=-5.79296875 c2=3.98046875
PROBE final tid=8 net=(51,230,101) n=5.33984375 c0=1.890625 c1=-5.80078125 c2=3.8984375
PROBE final tid=8 net=(51,230,102) n=5.30859375 c0=2.08984375 c1=-5.78125 c2=3.68554688
PROBE final tid=8 net=(51,230,103) n=5.2734375 c0=2.52929688 c1=-5.91015625 c2=3.37695312
PROBE final tid=8 net=(51,231,100) n=5.33203125 c0=1.03417969 c1=-6.38671875 c2=5.33203125
PROBE final tid=8 net=(51,231,101) n=5.31640625 c0=1.09082031 c1=-6.4296875 c2=5.31640625
PROBE final tid=8 net=(51,231,102) n=5.28515625 c0=1.12402344 c1=-6.19140625 c2=5.04296875
PROBE final tid=8 net=(51,231,103) n=5.25 c0=1.56445312 c1=-6.14453125 c2=4.56640625
PROBE final tid=8 net=(51,232,100) n=5.30078125 c0=1.02832031 c1=-7.05078125 c2=6
PROBE final tid=8 net=(51,232,101) n=5.28125 c0=1.07421875 c1=-7.03125 c2=5.9296875
PROBE final tid=8 net=(51,232,102) n=5.25390625 c0=1.04199219 c1=-6.53125 c2=5.4609375
PROBE final tid=8 net=(51,232,103) n=5.22265625 c0=1.09570312 c1=-6.15234375 c2=5.03125
PROBE final tid=8 net=(52,229,100) n=5.97265625 c0=4.4140625 c1=-5.71484375 c2=1.32226562
PROBE final tid=8 net=(52,229,101) n=5.9453125 c0=4.6640625 c1=-5.69921875 c2=1.05957031
PROBE final tid=8 net=(52,229,102) n=5.921875 c0=4.6875 c1=-5.625 c2=0.967773438
PROBE final tid=8 net=(52,229,103) n=5.8828125 c0=4.6171875 c1=-5.43359375 c2=0.847167969
PROBE final tid=8 net=(52,230,100) n=5.953125 c0=3.99804688 c1=-5.61328125 c2=1.64550781
PROBE final tid=8 net=(52,230,101) n=5.9296875 c0=4.5078125 c1=-5.69140625 c2=1.21582031
PROBE final tid=8 net=(52,230,102) n=5.90234375 c0=4.80078125 c1=-5.7109375 c2=0.949707031
PROBE final tid=8 net=(52,230,103) n=5.86328125 c0=4.80078125 c1=-5.6484375 c2=0.877441406
PROBE final tid=8 net=(52,231,100) n=5.92578125 c0=2.90625 c1=-5.45703125 c2=2.57421875
PROBE final tid=8 net=(52,231,101) n=5.90625 c0=3.4453125 c1=-5.38671875 c2=1.97265625
PROBE final tid=8 net=(52,231,102) n=5.875 c0=4.1171875 c1=-5.51171875 c2=1.42578125
PROBE final tid=8 net=(52,231,103) n=5.8359375 c0=4.4765625 c1=-5.58984375 c2=1.14746094
PROBE final tid=8 net=(52,232,100) n=5.890625 c0=2.05273438 c1=-5.55078125 c2=3.49804688
PROBE final tid=8 net=(52,232,101) n=5.8671875 c0=2.60546875 c1=-5.453125 c2=2.859375
PROBE final tid=8 net=(52,232,102) n=5.83984375 c0=3.00195312 c1=-5.3828125 c2=2.40625
PROBE final tid=8 net=(52,232,103) n=5.80078125 c0=3.50195312 c1=-5.5703125 c2=2.09375
