A=C:/Users/user/Desktop/TSC++Project/data/bench_refs/ts218_cpu_lits/lits_129__liver_segments_all.npy | B=C:/Users/user/Desktop/TSC++Project/paper_jiim/paper_benchmarks/data/browser_lits_v11/lits_v11_chrome_wasm_p1/lits_129__liver_segments_all.u8 | dump=C:/Users/user/Desktop/TSC++Project/paper_jiim/paper_benchmarks/data/native/m4_lits/lits_129__liver_segments_all/dump model 570: 4 differing voxels (orig grid, canonical x,y,z)
  orig (319, 337, 179): A=8 B=4 -> network grid [231.37 216.92  77.59] (affine only: [231.32 217.3   77.93])
    net (231,216,77) dump argmax=4 (seg 4) top=6.1680 2nd=8:5.7773 gap=0.3906 = 100 fp16-ulp
    net (232,216,77) dump argmax=4 (seg 4) top=6.2227 2nd=8:6.0391 gap=0.1836 = 47 fp16-ulp
    net (231,217,77) dump argmax=4 (seg 4) top=6.4297 2nd=8:5.6328 gap=0.7969 = 204 fp16-ulp
    net (232,217,77) dump argmax=4 (seg 4) top=6.3711 2nd=8:5.8633 gap=0.5078 = 130 fp16-ulp
    net (231,216,78) dump argmax=8 (seg 8) top=6.1680 2nd=4:5.9141 gap=0.2539 = 65 fp16-ulp
    net (232,216,78) dump argmax=8 (seg 8) top=6.2344 2nd=4:5.7031 gap=0.5312 = 136 fp16-ulp
    net (231,217,78) dump argmax=8 (seg 8) top=6.0273 2nd=4:6.0234 gap=0.0039 = 1 fp16-ulp
    net (232,217,78) dump argmax=8 (seg 8) top=6.1523 2nd=4:5.8633 gap=0.2891 = 74 fp16-ulp
  orig (319, 337, 180): A=8 B=4 -> network grid [231.37 216.92  78.06] (affine only: [231.32 217.3   78.4 ])
  orig (435, 243, 296): A=8 B=0 -> network grid [333.03 134.7  131.95] (affine only: [332.96 134.94 132.53])
    net (333,134,131) dump argmax=8 (seg 8) top=7.9453 2nd=7:7.2461 gap=0.6992 = 179 fp16-ulp
    net (334,134,131) dump argmax=8 (seg 8) top=7.6719 2nd=7:7.0312 gap=0.6406 = 164 fp16-ulp
    net (333,135,131) dump argmax=8 (seg 8) top=7.9844 2nd=7:6.9688 gap=1.0156 = 260 fp16-ulp
    net (334,135,131) dump argmax=8 (seg 8) top=7.5703 2nd=7:6.6836 gap=0.8867 = 227 fp16-ulp
    net (333,134,132) dump argmax=8 (seg 8) top=6.6758 2nd=0:6.6055 gap=0.0703 = 18 fp16-ulp
    net (334,134,132) dump argmax=0 (seg 0) top=8.8359 2nd=8:5.9609 gap=2.8750 = 368 fp16-ulp
    net (333,135,132) dump argmax=8 (seg 8) top=6.6055 2nd=0:6.5977 gap=0.0078 = 2 fp16-ulp
    net (334,135,132) dump argmax=0 (seg 0) top=8.7500 2nd=8:5.9219 gap=2.8281 = 362 fp16-ulp
  orig (435, 243, 297): A=8 B=0 -> network grid [333.03 134.7  132.42] (affine only: [332.96 134.94 133.  ])
