model 298 loaded (total6mm_298.tsw)
model 8 loaded (liver_vessels_8.tsw)
version tsc 0.4 (TotalSegmentator 2.13/2.18 tasks + portal/hepatic split + custom models, C++/WASM), threads 24, task liver_vessels, roi -
PROBE begin tid=298 net=(43,58,58) padded=(64,64,64) pad_lo=(10,3,3) crop=(43,58,58) lo=(0,0,0) tiles=1 probes net=0 crop=0
PROBE begin tid=8 net=(164,225,294) padded=(164,225,294) pad_lo=(0,0,0) crop=(246,265,345) lo=(0,0,0) tiles=30 probes net=48 crop=1
PROBE acc tid=8 net=(135,81,212) tile=19 origin=(75,0,51) g=0.000459432602 n=0->0.000459432602 c0:y=1.39221668,a=0->0.000639438629 c1:y=5.05292988,a=0->0.00232124329 c2:y=-6.47170305,a=0->-0.00297355652
PROBE acc tid=8 net=(135,81,213) tile=19 origin=(75,0,51) g=0.000410079956 n=0->0.000410079956 c0:y=1.98539531,a=0->0.000813961029 c1:y=4.46694851,a=0->0.00183200836 c2:y=-6.46893263,a=0->-0.00265312195
PROBE acc tid=8 net=(135,81,214) tile=19 origin=(75,0,51) g=0.000365495682 n=0->0.000365495682 c0:y=4.30366182,a=0->0.00157260895 c1:y=2.78396964,a=0->0.0010175705 c2:y=-7.09151077,a=0->-0.00259208679
PROBE acc tid=8 net=(135,81,215) tile=19 origin=(75,0,51) g=0.000324964523 n=0->0.000324964523 c0:y=6.10554457,a=0->0.00198364258 c1:y=1.35871565,a=0->0.000441551208 c2:y=-7.45680857,a=0->-0.00242233276
PROBE acc tid=8 net=(135,82,212) tile=19 origin=(75,0,51) g=0.000471353531 n=0->0.000471353531 c0:y=0.944325805,a=0->0.000445127487 c1:y=6.47286415,a=0->0.00305175781 c2:y=-7.45732069,a=0->-0.00351524353
PROBE acc tid=8 net=(135,82,213) tile=19 origin=(75,0,51) g=0.000420570374 n=0->0.000420570374 c0:y=1.08623421,a=0->0.000456809998 c1:y=6.14341021,a=0->0.0025844574 c2:y=-7.26623344,a=0->-0.00305557251
PROBE acc tid=8 net=(135,82,214) tile=19 origin=(75,0,51) g=0.000374794006 n=0->0.000374794006 c0:y=1.31856191,a=0->0.000494003296 c1:y=5.54101849,a=0->0.00207710266 c2:y=-6.89025784,a=0->-0.00258255005
PROBE acc tid=8 net=(135,82,215) tile=19 origin=(75,0,51) g=0.000333309174 n=0->0.000333309174 c0:y=1.63858449,a=0->0.000545978546 c1:y=4.80693722,a=0->0.00160217285 c2:y=-6.46701241,a=0->-0.00215530396
PROBE acc tid=8 net=(135,83,212) tile=19 origin=(75,0,51) g=0.000482559204 n=0->0.000482559204 c0:y=0.598636866,a=0->0.000288963318 c1:y=6.46177006,a=0->0.00311851501 c2:y=-7.10284758,a=0->-0.00342750549
PROBE acc tid=8 net=(135,83,213) tile=19 origin=(75,0,51) g=0.000430583954 n=0->0.000430583954 c0:y=0.638230801,a=0->0.000274896622 c1:y=6.38229752,a=0->0.00274848938 c2:y=-7.0623641,a=0->-0.00304031372
PROBE acc tid=8 net=(135,83,214) tile=19 origin=(75,0,51) g=0.000383615494 n=0->0.000383615494 c0:y=0.757203937,a=0->0.000290393829 c1:y=6.19964504,a=0->0.00237846375 c2:y=-6.99714327,a=0->-0.00268363953
PROBE acc tid=8 net=(135,83,215) tile=19 origin=(75,0,51) g=0.000341176987 n=0->0.000341176987 c0:y=0.787342906,a=0->0.000268697739 c1:y=5.9129777,a=0->0.00201797485 c2:y=-6.73855257,a=0->-0.0022983551
PROBE acc tid=8 net=(135,84,212) tile=19 origin=(75,0,51) g=0.000493049622 n=0->0.000493049622 c0:y=0.553383946,a=0->0.000272750854 c1:y=5.18193626,a=0->0.00255584717 c2:y=-5.76878977,a=0->-0.00284385681
PROBE acc tid=8 net=(135,84,213) tile=19 origin=(75,0,51) g=0.000440120697 n=0->0.000440120697 c0:y=0.584418416,a=0->0.000257253647 c1:y=5.24758244,a=0->0.00230979919 c2:y=-5.86593342,a=0->-0.00258255005
PROBE acc tid=8 net=(135,84,214) tile=19 origin=(75,0,51) g=0.000391960144 n=0->0.000391960144 c0:y=0.712930679,a=0->0.000279426575 c1:y=5.58037329,a=0->0.00218772888 c2:y=-6.32944345,a=0->-0.00248146057
PROBE acc tid=8 net=(135,84,215) tile=19 origin=(75,0,51) g=0.000348806381 n=0->0.000348806381 c0:y=0.730553031,a=0->0.000254869461 c1:y=5.83829069,a=0->0.00203704834 c2:y=-6.60689783,a=0->-0.00230407715
PROBE acc tid=8 net=(136,81,212) tile=19 origin=(75,0,51) g=0.000294446945 n=0->0.000294446945 c0:y=0.686690331,a=0->0.000202178955 c1:y=6.17591047,a=0->0.00181865692 c2:y=-6.90294313,a=0->-0.00203323364
PROBE acc tid=8 net=(136,81,213) tile=19 origin=(75,0,51) g=0.000262737274 n=0->0.000262737274 c0:y=0.692324281,a=0->0.000181913376 c1:y=6.79107666,a=0->0.00178432465 c2:y=-7.52755976,a=0->-0.00197792053
PROBE acc tid=8 net=(136,81,214) tile=19 origin=(75,0,51) g=0.000234127045 n=0->0.000234127045 c0:y=0.731714487,a=0->0.000171303749 c1:y=7.05728579,a=0->0.00165271759 c2:y=-7.83461428,a=0->-0.00183391571
PROBE acc tid=8 net=(136,81,215) tile=19 origin=(75,0,51) g=0.000208258629 n=0->0.000208258629 c0:y=0.689259291,a=0->0.000143527985 c1:y=6.87335205,a=0->0.00143146515 c2:y=-7.60722589,a=0->-0.00158405304
PROBE acc tid=8 net=(136,82,212) tile=19 origin=(75,0,51) g=0.000301837921 n=0->0.000301837921 c0:y=0.563990116,a=0->0.000170230865 c1:y=6.52896166,a=0->0.00197029114 c2:y=-7.13631105,a=0->-0.00215339661
PROBE acc tid=8 net=(136,82,213) tile=19 origin=(75,0,51) g=0.000269412994 n=0->0.000269412994 c0:y=0.518005729,a=0->0.000139594078 c1:y=6.69663286,a=0->0.00180435181 c2:y=-7.25909948,a=0->-0.00195503235
PROBE acc tid=8 net=(136,82,214) tile=19 origin=(75,0,51) g=0.000240087509 n=0->0.000240087509 c0:y=0.532834649,a=0->0.000127911568 c1:y=6.51383877,a=0->0.00156402588 c2:y=-7.08980465,a=0->-0.00170230865
PROBE acc tid=8 net=(136,82,215) tile=19 origin=(75,0,51) g=0.000213503838 n=0->0.000213503838 c0:y=0.51578021,a=0->0.000110149384 c1:y=5.94368219,a=0->0.00126934052 c2:y=-6.49838829,a=0->-0.00138759613
PROBE acc tid=8 net=(136,83,212) tile=19 origin=(75,0,51) g=0.000308990479 n=0->0.000308990479 c0:y=0.841241002,a=0->0.000259876251 c1:y=4.926229,a=0->0.00152206421 c2:y=-5.80270195,a=0->-0.00179290771
PROBE acc tid=8 net=(136,83,213) tile=19 origin=(75,0,51) g=0.000275850296 n=0->0.000275850296 c0:y=0.690257549,a=0->0.000190377235 c1:y=4.75111437,a=0->0.00131034851 c2:y=-5.47415304,a=0->-0.00150966644
PROBE acc tid=8 net=(136,83,214) tile=19 origin=(75,0,51) g=0.000245809555 n=0->0.000245809555 c0:y=0.986083031,a=0->0.000242352486 c1:y=4.2423296,a=0->0.00104236603 c2:y=-5.2549839,a=0->-0.00129127502
PROBE acc tid=8 net=(136,83,215) tile=19 origin=(75,0,51) g=0.000218629837 n=0->0.000218629837 c0:y=2.92587876,a=0->0.000639915466 c1:y=2.79146242,a=0->0.000610351562 c2:y=-5.73189211,a=0->-0.00125312805
PROBE acc tid=8 net=(136,84,212) tile=19 origin=(75,0,51) g=0.000315904617 n=0->0.000315904617 c0:y=5.32547522,a=0->0.00168228149 c1:y=1.08502245,a=0->0.000342845917 c2:y=-6.41937828,a=0->-0.0020275116
PROBE acc tid=8 net=(136,84,213) tile=19 origin=(75,0,51) g=0.00028181076 n=0->0.00028181076 c0:y=5.5277133,a=0->0.00155735016 c1:y=0.711610496,a=0->0.000200510025 c2:y=-6.24461651,a=0->-0.00175952911
PROBE acc tid=8 net=(136,84,214) tile=19 origin=(75,0,51) g=0.000251054764 n=0->0.000251054764 c0:y=6.00490093,a=0->0.00150775909 c1:y=0.225454986,a=0->5.66244125e-05 c2:y=-6.23182964,a=0->-0.00156497955
PROBE acc tid=8 net=(136,84,215) tile=19 origin=(75,0,51) g=0.000223398209 n=0->0.000223398209 c0:y=6.29130411,a=0->0.00140571594 c1:y=-0.180527031,a=0->-4.03523445e-05 c2:y=-6.11176729,a=0->-0.00136566162
PROBE acc tid=8 net=(137,81,212) tile=19 origin=(75,0,51) g=0.000185728073 n=0->0.000185728073 c0:y=3.23456812,a=0->0.000600814819 c1:y=3.38237524,a=0->0.000627994537 c2:y=-6.64347363,a=0->-0.00123405457
PROBE acc tid=8 net=(137,81,213) tile=19 origin=(75,0,51) g=0.000165700912 n=0->0.000165700912 c0:y=1.11747277,a=0->0.000185132027 c1:y=4.96723461,a=0->0.000823020935 c2:y=-6.12273788,a=0->-0.00101470947
PROBE acc tid=8 net=(137,81,214) tile=19 origin=(75,0,51) g=0.00014770031 n=0->0.00014770031 c0:y=0.655928493,a=0->9.68575478e-05 c1:y=5.76882505,a=0->0.000852108002 c2:y=-6.46259546,a=0->-0.000954627991
PROBE acc tid=8 net=(137,81,215) tile=19 origin=(75,0,51) g=0.000131368637 n=0->0.000131368637 c0:y=0.692489266,a=0->9.09566879e-05 c1:y=6.16734266,a=0->0.000810146332 c2:y=-6.90040684,a=0->-0.000906467438
PROBE acc tid=8 net=(137,82,212) tile=19 origin=(75,0,51) g=0.000190377235 n=0->0.000190377235 c0:y=4.10065126,a=0->0.000780582428 c1:y=2.75861239,a=0->0.000524997711 c2:y=-6.88964462,a=0->-0.00131130219
PROBE acc tid=8 net=(137,82,213) tile=19 origin=(75,0,51) g=0.000169992447 n=0->0.000169992447 c0:y=2.5244751,a=0->0.000429153442 c1:y=3.99772286,a=0->0.00067949295 c2:y=-6.55785036,a=0->-0.00111484528
PROBE acc tid=8 net=(137,82,214) tile=19 origin=(75,0,51) g=0.000151395798 n=0->0.000151395798 c0:y=1.26713741,a=0->0.000191807747 c1:y=4.95891619,a=0->0.000750541687 c2:y=-6.26298809,a=0->-0.000947952271
PROBE acc tid=8 net=(137,82,215) tile=19 origin=(75,0,51) g=0.000134706497 n=0->0.000134706497 c0:y=0.765944719,a=0->0.00010317564 c1:y=5.26556444,a=0->0.000709533691 c2:y=-6.06540298,a=0->-0.000816822052
PROBE acc tid=8 net=(137,83,212) tile=19 origin=(75,0,51) g=0.000194907188 n=0->0.000194907188 c0:y=5.55981302,a=0->0.00108337402 c1:y=0.691335618,a=0->0.000134706497 c2:y=-6.26123095,a=0->-0.00122070312
PROBE acc tid=8 net=(137,83,213) tile=19 origin=(75,0,51) g=0.000173926353 n=0->0.000173926353 c0:y=5.25855637,a=0->0.000914573669 c1:y=1.22992456,a=0->0.000213861465 c2:y=-6.49726105,a=0->-0.00113010406
PROBE acc tid=8 net=(137,83,214) tile=19 origin=(75,0,51) g=0.000154972076 n=0->0.000154972076 c0:y=5.04899788,a=0->0.000782489777 c1:y=1.42818367,a=0->0.000221371651 c2:y=-6.48190165,a=0->-0.00100421906
PROBE acc tid=8 net=(137,83,215) tile=19 origin=(75,0,51) g=0.000137805939 n=0->0.000137805939 c0:y=5.10812569,a=0->0.000703811646 c1:y=1.23120439,a=0->0.000169634819 c2:y=-6.33739185,a=0->-0.000873565674
PROBE acc tid=8 net=(137,84,212) tile=19 origin=(75,0,51) g=0.000199198723 n=0->0.000199198723 c0:y=5.8416872,a=0->0.00116348267 c1:y=-1.37123191,a=0->-0.000273227692 c2:y=-4.46073008,a=0->-0.000888347626
PROBE acc tid=8 net=(137,84,213) tile=19 origin=(75,0,51) g=0.000177741051 n=0->0.000177741051 c0:y=5.79835558,a=0->0.00103092194 c1:y=-1.18203557,a=0->-0.000210046768 c2:y=-4.60730457,a=0->-0.000818729401
PROBE acc tid=8 net=(137,84,214) tile=19 origin=(75,0,51) g=0.000158429146 n=0->0.000158429146 c0:y=5.77610064,a=0->0.000915050507 c1:y=-1.02667439,a=0->-0.000162601471 c2:y=-4.73942184,a=0->-0.000751018524
PROBE acc tid=8 net=(137,84,215) tile=19 origin=(75,0,51) g=0.00014090538 n=0->0.00014090538 c0:y=5.72224236,a=0->0.000806331635 c1:y=-1.00658238,a=0->-0.000141859055 c2:y=-4.70444202,a=0->-0.00066280365
PROBE acc tid=8 net=(135,81,212) tile=20 origin=(75,0,102) g=0.0151748657 n=0.000459432602->0.0156402588 c0:y=1.53260291,a=0.000639438629->0.0238952637 c1:y=4.78984165,a=0.00232124329->0.075012207 c2:y=-6.34661007,a=-0.00297355652->-0.0993041992
PROBE acc tid=8 net=(135,81,213) tile=20 origin=(75,0,102) g=0.0148010254 n=0.000410079956->0.0152130127 c0:y=3.57671905,a=0.000813961029->0.0537414551 c1:y=3.3538537,a=0.00183200836->0.0514831543 c2:y=-6.94070482,a=-0.00265312195->-0.105407715
PROBE acc tid=8 net=(135,81,214) tile=20 origin=(75,0,102) g=0.0144119263 n=0.000365495682->0.0147781372 c0:y=5.60064888,a=0.00157260895->0.0822753906 c1:y=1.84234083,a=0.0010175705->0.0275726318 c2:y=-7.44000912,a=-0.00259208679->-0.109802246
PROBE acc tid=8 net=(135,81,215) tile=20 origin=(75,0,102) g=0.013999939 n=0.000324964523->0.0143280029 c0:y=7.37618113,a=0.00198364258->0.105224609 c1:y=0.424509555,a=0.000441551208->0.00638580322 c2:y=-7.7855382,a=-0.00242233276->-0.11138916
PROBE acc tid=8 net=(135,82,212) tile=20 origin=(75,0,102) g=0.0155639648 n=0.000471353531->0.0160369873 c0:y=1.15675914,a=0.000445127487->0.018447876 c1:y=6.2731204,a=0.00305175781->0.100708008 c2:y=-7.46783876,a=-0.00351524353->-0.119750977
PROBE acc tid=8 net=(135,82,213) tile=20 origin=(75,0,102) g=0.0151748657 n=0.000420570374->0.0155944824 c0:y=1.37153387,a=0.000456809998->0.021270752 c1:y=5.81710052,a=0.0025844574->0.0908813477 c2:y=-7.22186756,a=-0.00305557251->-0.112670898
PROBE acc tid=8 net=(135,82,214) tile=20 origin=(75,0,102) g=0.0147781372 n=0.000374794006->0.0151519775 c0:y=1.51896656,a=0.000494003296->0.02293396 c1:y=5.25641251,a=0.00207710266->0.0797729492 c2:y=-6.80329323,a=-0.00258255005->-0.103149414
PROBE acc tid=8 net=(135,82,215) tile=20 origin=(75,0,102) g=0.0143585205 n=0.000333309174->0.0146942139 c0:y=2.97252512,a=0.000545978546->0.0432128906 c1:y=3.83067894,a=0.00160217285->0.0566101074 c2:y=-6.81747007,a=-0.00215530396->-0.100036621
PROBE acc tid=8 net=(135,83,212) tile=20 origin=(75,0,102) g=0.0159301758 n=0.000482559204->0.016418457 c0:y=0.814448595,a=0.000288963318->0.0132598877 c1:y=6.33720493,a=0.00311851501->0.104064941 c2:y=-7.19275618,a=-0.00342750549->-0.117980957
PROBE acc tid=8 net=(135,83,213) tile=20 origin=(75,0,102) g=0.0155410767 n=0.000430583954->0.0159759521 c0:y=0.934769034,a=0.000274896622->0.0148010254 c1:y=6.17687273,a=0.00274848938->0.0987548828 c2:y=-7.15130424,a=-0.00304031372->-0.114196777
PROBE acc tid=8 net=(135,83,214) tile=20 origin=(75,0,102) g=0.0151290894 n=0.000383615494->0.0155105591 c0:y=0.959997654,a=0.000290393829->0.0148162842 c1:y=6.05884695,a=0.00237846375->0.0940551758 c2:y=-7.05767536,a=-0.00268363953->-0.109436035
PROBE acc tid=8 net=(135,83,215) tile=20 origin=(75,0,102) g=0.0147018433 n=0.000341176987->0.015045166 c0:y=1.06712615,a=0.000268697739->0.0159606934 c1:y=5.72561789,a=0.00201797485->0.0861816406 c2:y=-6.82881069,a=-0.0022983551->-0.102722168
PROBE acc tid=8 net=(135,84,212) tile=20 origin=(75,0,102) g=0.0162811279 n=0.000493049622->0.0167694092 c0:y=0.736320019,a=0.000272750854->0.012260437 c1:y=5.04264021,a=0.00255584717->0.0846557617 c2:y=-5.81106615,a=-0.00284385681->-0.0974731445
PROBE acc tid=8 net=(135,84,213) tile=20 origin=(75,0,102) g=0.0158843994 n=0.000440120697->0.0163269043 c0:y=0.837239504,a=0.000257253647->0.0135574341 c1:y=5.13162613,a=0.00230979919->0.0838012695 c2:y=-6.00141811,a=-0.00258255005->-0.0979003906
PROBE acc tid=8 net=(135,84,214) tile=20 origin=(75,0,102) g=0.0154571533 n=0.000391960144->0.0158538818 c0:y=0.891032338,a=0.000279426575->0.0140533447 c1:y=5.45695353,a=0.00218772888->0.0865478516 c2:y=-6.38287258,a=-0.00248146057->-0.101135254
PROBE acc tid=8 net=(135,84,215) tile=20 origin=(75,0,102) g=0.0150222778 n=0.000348806381->0.01537323 c0:y=0.984445214,a=0.000254869461->0.015045166 c1:y=5.78099728,a=0.00203704834->0.0888671875 c2:y=-6.80253458,a=-0.00230407715->-0.104492188
PROBE acc tid=8 net=(136,81,212) tile=20 origin=(75,0,102) g=0.00972747803 n=0.000294446945->0.0100250244 c0:y=0.842831135,a=0.000202178955->0.00839996338 c1:y=5.9907918,a=0.00181865692->0.0600891113 c2:y=-6.87223625,a=-0.00203323364->-0.0689086914
PROBE acc tid=8 net=(136,81,213) tile=20 origin=(75,0,102) g=0.0094833374 n=0.000262737274->0.00974273682 c0:y=0.904864788,a=0.000181913376->0.00876617432 c1:y=6.47746086,a=0.00178432465->0.0632324219 c2:y=-7.42368889,a=-0.00197792053->-0.0723876953
PROBE acc tid=8 net=(136,81,214) tile=20 origin=(75,0,102) g=0.00923156738 n=0.000234127045->0.00946807861 c0:y=0.89250505,a=0.000171303749->0.00840759277 c1:y=6.64287233,a=0.00165271759->0.0629882812 c2:y=-7.57746077,a=-0.00183391571->-0.0717773438
PROBE acc tid=8 net=(136,81,215) tile=20 origin=(75,0,102) g=0.00897216797 n=0.000208258629->0.00917816162 c0:y=0.871519923,a=0.000143527985->0.00796508789 c1:y=6.4118247,a=0.00143146515->0.0589599609 c2:y=-7.32402945,a=-0.00158405304->-0.0673217773
PROBE acc tid=8 net=(136,82,212) tile=20 origin=(75,0,102) g=0.00997161865 n=0.000301837921->0.0102767944 c0:y=0.707479954,a=0.000170230865->0.00722503662 c1:y=6.35043383,a=0.00197029114->0.0653076172 c2:y=-7.0996666,a=-0.00215339661->-0.0729370117
PROBE acc tid=8 net=(136,82,213) tile=20 origin=(75,0,102) g=0.00972747803 n=0.000269412994->0.00999450684 c0:y=0.718232989,a=0.000139594078->0.00712585449 c1:y=6.44191313,a=0.00180435181->0.064453125 c2:y=-7.20243216,a=-0.00195503235->-0.0720214844
PROBE acc tid=8 net=(136,82,214) tile=20 origin=(75,0,102) g=0.00946807861 n=0.000240087509->0.00970458984 c0:y=0.655546069,a=0.000127911568->0.00633621216 c1:y=6.21361017,a=0.00156402588->0.0603942871 c2:y=-6.90980101,a=-0.00170230865->-0.0671386719
PROBE acc tid=8 net=(136,82,215) tile=20 origin=(75,0,102) g=0.0092010498 n=0.000213503838->0.00941467285 c0:y=0.689668298,a=0.000110149384->0.00645446777 c1:y=5.6107955,a=0.00126934052->0.0528869629 c2:y=-6.33650589,a=-0.00138759613->-0.0596923828
PROBE acc tid=8 net=(136,83,212) tile=20 origin=(75,0,102) g=0.0102081299 n=0.000308990479->0.0105133057 c0:y=0.958787203,a=0.000259876251->0.0100479126 c1:y=4.70166779,a=0.00152206421->0.0495300293 c2:y=-5.69361019,a=-0.00179290771->-0.0599060059
PROBE acc tid=8 net=(136,83,213) tile=20 origin=(75,0,102) g=0.00995635986 n=0.000275850296->0.0102310181 c0:y=0.884477496,a=0.000190377235->0.00899505615 c1:y=4.48625422,a=0.00131034851->0.0459899902 c2:y=-5.40133953,a=-0.00150966644->-0.0552978516
PROBE acc tid=8 net=(136,83,214) tile=20 origin=(75,0,102) g=0.00968933105 n=0.000245809555->0.00993347168 c0:y=1.41647184,a=0.000242352486->0.0139694214 c1:y=3.79353213,a=0.00104236603->0.0378112793 c2:y=-5.23416805,a=-0.00129127502->-0.0520019531
PROBE acc tid=8 net=(136,83,215) tile=20 origin=(75,0,102) g=0.00941467285 n=0.000218629837->0.00963592529 c0:y=4.07337332,a=0.000639915466->0.0390014648 c1:y=2.06077695,a=0.000610351562->0.0200042725 c2:y=-6.14395332,a=-0.00125312805->-0.0590820312
PROBE acc tid=8 net=(136,84,212) tile=20 origin=(75,0,102) g=0.0104293823 n=0.000315904617->0.0107421875 c0:y=5.64718723,a=0.00168228149->0.0605773926 c1:y=0.79647398,a=0.000342845917->0.0086517334 c2:y=-6.44936895,a=-0.0020275116->-0.0692749023
PROBE acc tid=8 net=(136,84,213) tile=20 origin=(75,0,102) g=0.0101699829 n=0.00028181076->0.0104522705 c0:y=6.0315609,a=0.00155735016->0.0629272461 c1:y=0.35766834,a=0.000200510025->0.00383758545 c2:y=-6.38966227,a=-0.00175952911->-0.0667724609
PROBE acc tid=8 net=(136,84,214) tile=20 origin=(75,0,102) g=0.0099029541 n=0.000251054764->0.0101547241 c0:y=6.37552404,a=0.00150775909->0.0646362305 c1:y=-0.166789219,a=5.66244125e-05->-0.00159549713 c2:y=-6.20579195,a=-0.00156497955->-0.0630493164
PROBE acc tid=8 net=(136,84,215) tile=20 origin=(75,0,102) g=0.0096206665 n=0.000223398209->0.00984191895 c0:y=6.78950453,a=0.00140571594->0.0667114258 c1:y=-0.581225395,a=-4.03523445e-05->-0.00563049316 c2:y=-6.20360756,a=-0.00136566162->-0.0610351562
PROBE acc tid=8 net=(137,81,212) tile=20 origin=(75,0,102) g=0.0061340332 n=0.000185728073->0.00632095337 c0:y=3.93966651,a=0.000600814819->0.0247650146 c1:y=2.95466089,a=0.000627994537->0.0187530518 c2:y=-6.91960573,a=-0.00123405457->-0.0436706543
PROBE acc tid=8 net=(137,81,213) tile=20 origin=(75,0,102) g=0.00598144531 n=0.000165700912->0.00614547729 c0:y=1.67770827,a=0.000185132027->0.0102233887 c1:y=4.60266876,a=0.000823020935->0.0283508301 c2:y=-6.3165369,a=-0.00101470947->-0.0387878418
PROBE acc tid=8 net=(137,81,214) tile=20 origin=(75,0,102) g=0.00582122803 n=0.00014770031->0.00597000122 c0:y=0.843540907,a=9.68575478e-05->0.00500869751 c1:y=5.53213692,a=0.000852108002->0.0330505371 c2:y=-6.41137075,a=-0.000954627991->-0.038269043
PROBE acc tid=8 net=(137,81,215) tile=20 origin=(75,0,102) g=0.00565719604 n=0.000131368637->0.00578689575 c0:y=0.912657022,a=9.09566879e-05->0.00525283813 c1:y=5.9756999,a=0.000810146332->0.0346069336 c2:y=-6.92701626,a=-0.000906467438->-0.0401000977
PROBE acc tid=8 net=(137,82,212) tile=20 origin=(75,0,102) g=0.00629043579 n=0.000190377235->0.00648117065 c0:y=4.69739437,a=0.000780582428->0.0303344727 c1:y=2.35312152,a=0.000524997711->0.0153274536 c2:y=-7.08053303,a=-0.00131130219->-0.0458374023
PROBE acc tid=8 net=(137,82,213) tile=20 origin=(75,0,102) g=0.0061340332 n=0.000169992447->0.00630569458 c0:y=3.41593099,a=0.000429153442->0.0213775635 c1:y=3.45987678,a=0.00067949295->0.0218963623 c2:y=-6.91005516,a=-0.00111484528->-0.0434875488
PROBE acc tid=8 net=(137,82,214) tile=20 origin=(75,0,102) g=0.00597000122 n=0.000151395798->0.00612258911 c0:y=1.89317906,a=0.000191807747->0.0114974976 c1:y=4.51350021,a=0.000750541687->0.0276947021 c2:y=-6.44234133,a=-0.000947952271->-0.0393981934
PROBE acc tid=8 net=(137,82,215) tile=20 origin=(75,0,102) g=0.00580215454 n=0.000134706497->0.00593566895 c0:y=1.19328773,a=0.00010317564->0.00702667236 c1:y=4.9807415,a=0.000709533691->0.0296020508 c2:y=-6.205019,a=-0.000816822052->-0.0368041992
PROBE acc tid=8 net=(137,83,212) tile=20 origin=(75,0,102) g=0.00643920898 n=0.000194907188->0.00663375854 c0:y=5.91064072,a=0.00108337402->0.0391540527 c1:y=0.411704808,a=0.000134706497->0.00278663635 c2:y=-6.32939196,a=-0.00122070312->-0.0419921875
PROBE acc tid=8 net=(137,83,213) tile=20 origin=(75,0,102) g=0.0062789917 n=0.000173926353->0.00645446777 c0:y=5.60511589,a=0.000914573669->0.0361022949 c1:y=0.971495569,a=0.000213861465->0.00631332397 c2:y=-6.58180523,a=-0.00113010406->-0.0424499512
PROBE acc tid=8 net=(137,83,214) tile=20 origin=(75,0,102) g=0.00611114502 n=0.000154972076->0.00626754761 c0:y=5.41187143,a=0.000782489777->0.0338439941 c1:y=1.15792787,a=0.000221371651->0.00729751587 c2:y=-6.57131243,a=-0.00100421906->-0.0411682129
PROBE acc tid=8 net=(137,83,215) tile=20 origin=(75,0,102) g=0.00593948364 n=0.000137805939->0.00607681274 c0:y=5.55401373,a=0.000703811646->0.0336914062 c1:y=0.996658504,a=0.000169634819->0.00608825684 c2:y=-6.54676533,a=-0.000873565674->-0.0397644043
PROBE acc tid=8 net=(137,84,212) tile=20 origin=(75,0,102) g=0.00658035278 n=0.000199198723->0.00677871704 c0:y=6.00726986,a=0.00116348267->0.0406799316 c1:y=-1.67510808,a=-0.000273227692->-0.0112991333 c2:y=-4.3203826,a=-0.000888347626->-0.0293121338
PROBE acc tid=8 net=(137,84,213) tile=20 origin=(75,0,102) g=0.0064163208 n=0.000177741051->0.00659561157 c0:y=5.94321585,a=0.00103092194->0.0391540527 c1:y=-1.42173576,a=-0.000210046768->-0.00933074951 c2:y=-4.51025963,a=-0.000818729401->-0.0297546387
PROBE acc tid=8 net=(137,84,214) tile=20 origin=(75,0,102) g=0.00624465942 n=0.000158429146->0.00640487671 c0:y=5.92883015,a=0.000915050507->0.0379333496 c1:y=-1.31191182,a=-0.000162601471->-0.00835418701 c2:y=-4.60508013,a=-0.000751018524->-0.029510498
PROBE acc tid=8 net=(137,84,215) tile=20 origin=(75,0,102) g=0.00606918335 n=0.00014090538->0.00621032715 c0:y=5.88036585,a=0.000806331635->0.0364990234 c1:y=-1.22339725,a=-0.000141859055->-0.00756835938 c2:y=-4.64373159,a=-0.00066280365->-0.0288391113
PROBE acc tid=8 net=(135,81,212) tile=22 origin=(75,33,51) g=7.55786896e-05 n=0.0156402588->0.0157165527 c0:y=1.47668278,a=0.0238952637->0.0240020752 c1:y=4.61526632,a=0.075012207->0.075378418 c2:y=-6.11386156,a=-0.0993041992->-0.0997924805
PROBE acc tid=8 net=(135,81,213) tile=22 origin=(75,33,51) g=6.74724579e-05 n=0.0152130127->0.0152816772 c0:y=2.73381066,a=0.0537414551->0.0539245605 c1:y=3.68930697,a=0.0514831543->0.0517272949 c2:y=-6.43491697,a=-0.105407715->-0.105834961
PROBE acc tid=8 net=(135,81,214) tile=22 origin=(75,33,51) g=6.01410866e-05 n=0.0147781372->0.0148391724 c0:y=5.12974501,a=0.0822753906->0.0825805664 c1:y=2.02703714,a=0.0275726318->0.0276947021 c2:y=-7.15454483,a=-0.109802246->-0.110229492
PROBE acc tid=8 net=(135,81,215) tile=22 origin=(75,33,51) g=5.34653664e-05 n=0.0143280029->0.0143814087 c0:y=6.59189367,a=0.105224609->0.10559082 c1:y=0.867958605,a=0.00638580322->0.00643157959 c2:y=-7.44764709,a=-0.11138916->-0.111816406
PROBE acc tid=8 net=(135,82,212) tile=22 origin=(75,33,51) g=8.21352005e-05 n=0.0160369873->0.0161132812 c0:y=1.09068871,a=0.018447876->0.0185394287 c1:y=6.20770025,a=0.100708008->0.101196289 c2:y=-7.33601904,a=-0.119750977->-0.120361328
PROBE acc tid=8 net=(135,82,213) tile=22 origin=(75,33,51) g=7.32541084e-05 n=0.0155944824->0.0156707764 c0:y=1.21751618,a=0.021270752->0.0213623047 c1:y=5.83908415,a=0.0908813477->0.0913085938 c2:y=-7.09047222,a=-0.112670898->-0.113220215
PROBE acc tid=8 net=(135,82,214) tile=22 origin=(75,33,51) g=6.5267086e-05 n=0.0151519775->0.0152206421 c0:y=1.46222818,a=0.02293396->0.0230255127 c1:y=5.22606325,a=0.0797729492->0.0801391602 c2:y=-6.71606159,a=-0.103149414->-0.10357666
PROBE acc tid=8 net=(135,82,215) tile=22 origin=(75,33,51) g=5.8054924e-05 n=0.0146942139->0.014755249 c0:y=2.14580917,a=0.0432128906->0.0433349609 c1:y=4.31257153,a=0.0566101074->0.056854248 c2:y=-6.4750042,a=-0.100036621->-0.100402832
PROBE acc tid=8 net=(135,83,212) tile=22 origin=(75,33,51) g=8.89897346e-05 n=0.016418457->0.0165100098 c0:y=0.656030178,a=0.0132598877->0.0133209229 c1:y=6.21205425,a=0.104064941->0.104614258 c2:y=-6.90860558,a=-0.117980957->-0.118591309
PROBE acc tid=8 net=(135,83,213) tile=22 origin=(75,33,51) g=7.94529915e-05 n=0.0159759521->0.0160522461 c0:y=0.672835231,a=0.0148010254->0.0148544312 c1:y=6.10770559,a=0.0987548828->0.0992431641 c2:y=-6.82029533,a=-0.114196777->-0.114746094
PROBE acc tid=8 net=(135,83,214) tile=22 origin=(75,33,51) g=7.0810318e-05 n=0.0155105591->0.0155792236 c0:y=0.774427533,a=0.0148162842->0.0148696899 c1:y=5.90214157,a=0.0940551758->0.0944824219 c2:y=-6.71465683,a=-0.109436035->-0.109924316
PROBE acc tid=8 net=(135,83,215) tile=22 origin=(75,33,51) g=6.29425049e-05 n=0.015045166->0.0151062012 c0:y=0.799331427,a=0.0159606934->0.0160064697 c1:y=5.5813098,a=0.0861816406->0.0865478516 c2:y=-6.41642237,a=-0.102722168->-0.103149414
PROBE acc tid=8 net=(135,84,212) tile=22 origin=(75,33,51) g=9.6321106e-05 n=0.0167694092->0.0168609619 c0:y=0.608705997,a=0.012260437->0.0123214722 c1:y=5.17081451,a=0.0846557617->0.085144043 c2:y=-5.81286716,a=-0.0974731445->-0.0980224609
PROBE acc tid=8 net=(135,84,213) tile=22 origin=(75,33,51) g=8.59498978e-05 n=0.0163269043->0.016418457 c0:y=0.624026656,a=0.0135574341->0.0136108398 c1:y=5.23391724,a=0.0838012695->0.0842285156 c2:y=-5.8917613,a=-0.0979003906->-0.0983886719
PROBE acc tid=8 net=(135,84,214) tile=22 origin=(75,33,51) g=7.65919685e-05 n=0.0158538818->0.0159301758 c0:y=0.756768823,a=0.0140533447->0.0141143799 c1:y=5.52401686,a=0.0865478516->0.0869750977 c2:y=-6.31647968,a=-0.101135254->-0.101623535
PROBE acc tid=8 net=(135,84,215) tile=22 origin=(75,33,51) g=6.8128109e-05 n=0.01537323->0.0154418945 c0:y=0.786809802,a=0.015045166->0.0150985718 c1:y=5.72590399,a=0.0888671875->0.0892333984 c2:y=-6.54987526,a=-0.104492188->-0.104919434
PROBE acc tid=8 net=(136,81,212) tile=22 origin=(75,33,51) g=4.84585762e-05 n=0.0100250244->0.0100708008 c0:y=0.714474797,a=0.00839996338->0.00843811035 c1:y=5.86906481,a=0.0600891113->0.0603637695 c2:y=-6.62159443,a=-0.0689086914->-0.0692138672
PROBE acc tid=8 net=(136,81,213) tile=22 origin=(75,33,51) g=4.32133675e-05 n=0.00974273682->0.00978851318 c0:y=0.734983444,a=0.00876617432->0.00879669189 c1:y=6.44918346,a=0.0632324219->0.0635375977 c2:y=-7.22573805,a=-0.0723876953->-0.0726928711
PROBE acc tid=8 net=(136,81,214) tile=22 origin=(75,33,51) g=3.85046005e-05 n=0.00946807861->0.00950622559 c0:y=0.808117151,a=0.00840759277->0.00843811035 c1:y=6.6446929,a=0.0629882812->0.0632324219 c2:y=-7.49488974,a=-0.0717773438->-0.0720825195
PROBE acc tid=8 net=(136,81,215) tile=22 origin=(75,33,51) g=3.42726707e-05 n=0.00917816162->0.0092086792 c0:y=0.726408124,a=0.00796508789->0.00798797607 c1:y=6.43270731,a=0.0589599609->0.059173584 c2:y=-7.20014238,a=-0.0673217773->-0.067565918
PROBE acc tid=8 net=(136,82,212) tile=22 origin=(75,33,51) g=5.25712967e-05 n=0.0102767944->0.0103302002 c0:y=0.593145967,a=0.00722503662->0.0072555542 c1:y=6.20821285,a=0.0653076172->0.065612793 c2:y=-6.8423357,a=-0.0729370117->-0.0733032227
PROBE acc tid=8 net=(136,82,213) tile=22 origin=(75,33,51) g=4.69684601e-05 n=0.00999450684->0.0100402832 c0:y=0.555334091,a=0.00712585449->0.00715255737 c1:y=6.36383152,a=0.064453125->0.0647583008 c2:y=-6.9612155,a=-0.0720214844->-0.0723266602
PROBE acc tid=8 net=(136,82,214) tile=22 origin=(75,33,51) g=4.18424606e-05 n=0.00970458984->0.00974273682 c0:y=0.588686228,a=0.00633621216->0.00635910034 c1:y=6.14681911,a=0.0603942871->0.0606384277 c2:y=-6.77582836,a=-0.0671386719->-0.0674438477
PROBE acc tid=8 net=(136,82,215) tile=22 origin=(75,33,51) g=3.71932983e-05 n=0.00941467285->0.00945281982 c0:y=0.576372743,a=0.00645446777->0.00647735596 c1:y=5.59719229,a=0.0528869629->0.0531005859 c2:y=-6.20979548,a=-0.0596923828->-0.0599365234
PROBE acc tid=8 net=(136,83,212) tile=22 origin=(75,33,51) g=5.70416451e-05 n=0.0105133057->0.0105667114 c0:y=0.790509939,a=0.0100479126->0.010093689 c1:y=4.62083244,a=0.0495300293->0.0498046875 c2:y=-5.44381428,a=-0.0599060059->-0.0602111816
PROBE acc tid=8 net=(136,83,213) tile=22 origin=(75,33,51) g=5.09023666e-05 n=0.0102310181->0.0102844238 c0:y=0.656084538,a=0.00899505615->0.00902557373 c1:y=4.41511106,a=0.0459899902->0.0462036133 c2:y=-5.10139799,a=-0.0552978516->-0.0555725098
PROBE acc tid=8 net=(136,83,214) tile=22 origin=(75,33,51) g=4.53591347e-05 n=0.00993347168->0.00997924805 c0:y=1.05078101,a=0.0139694214->0.0140151978 c1:y=3.85143256,a=0.0378112793->0.0379943848 c2:y=-4.92592478,a=-0.0520019531->-0.0522155762
PROBE acc tid=8 net=(136,83,215) tile=22 origin=(75,33,51) g=4.03523445e-05 n=0.00963592529->0.00967407227 c0:y=3.37756395,a=0.0390014648->0.0391235352 c1:y=2.19357491,a=0.0200042725->0.0200958252 c2:y=-5.58169222,a=-0.0590820312->-0.0592956543
PROBE acc tid=8 net=(136,84,212) tile=22 origin=(75,33,51) g=6.16908073e-05 n=0.0107421875->0.0108032227 c0:y=5.62115669,a=0.0605773926->0.0609130859 c1:y=0.763514936,a=0.0086517334->0.00869750977 c2:y=-6.39270258,a=-0.0692749023->-0.0696411133
PROBE acc tid=8 net=(136,84,213) tile=22 origin=(75,33,51) g=5.50746918e-05 n=0.0104522705->0.0105056763 c0:y=5.79255438,a=0.0629272461->0.0632324219 c1:y=0.397291988,a=0.00383758545->0.00385856628 c2:y=-6.19465971,a=-0.0667724609->-0.0671386719
PROBE acc tid=8 net=(136,84,214) tile=22 origin=(75,33,51) g=4.90546227e-05 n=0.0101547241->0.0102005005 c0:y=6.27454758,a=0.0646362305->0.0649414062 c1:y=-0.105150014,a=-0.00159549713->-0.0016002655 c2:y=-6.16962957,a=-0.0630493164->-0.0633544922
PROBE acc tid=8 net=(136,84,215) tile=22 origin=(75,33,51) g=4.36306e-05 n=0.00984191895->0.00988769531 c0:y=6.56217241,a=0.0667114258->0.0670166016 c1:y=-0.511659622,a=-0.00563049316->-0.00565338135 c2:y=-6.04841423,a=-0.0610351562->-0.0613098145
PROBE acc tid=8 net=(137,81,212) tile=22 origin=(75,33,51) g=3.05771828e-05 n=0.00632095337->0.00635147095 c0:y=3.80003285,a=0.0247650146->0.024887085 c1:y=2.78757262,a=0.0187530518->0.0188446045 c2:y=-6.61036777,a=-0.0436706543->-0.0438842773
PROBE acc tid=8 net=(137,81,213) tile=22 origin=(75,33,51) g=2.72393227e-05 n=0.00614547729->0.00617218018 c0:y=1.53117764,a=0.0102233887->0.0102615356 c1:y=4.44406176,a=0.0283508301->0.0284729004 c2:y=-6.01032543,a=-0.0387878418->-0.0389404297
PROBE acc tid=8 net=(137,81,214) tile=22 origin=(75,33,51) g=2.43186951e-05 n=0.00597000122->0.0059928894 c0:y=0.723490357,a=0.00500869751->0.005027771 c1:y=5.3886714,a=0.0330505371->0.0331726074 c2:y=-6.14706707,a=-0.038269043->-0.0384216309
PROBE acc tid=8 net=(137,81,215) tile=22 origin=(75,33,51) g=2.15768814e-05 n=0.00578689575->0.00580978394 c0:y=0.749146581,a=0.00525283813->0.00526809692 c1:y=5.79957342,a=0.0346069336->0.0347290039 c2:y=-6.58647108,a=-0.0401000977->-0.0402526855
PROBE acc tid=8 net=(137,82,212) tile=22 origin=(75,33,51) g=3.31997871e-05 n=0.00648117065->0.00651550293 c0:y=4.47891617,a=0.0303344727->0.0304870605 c1:y=2.17059422,a=0.0153274536->0.0153961182 c2:y=-6.67834616,a=-0.0458374023->-0.0460510254
PROBE acc tid=8 net=(137,82,213) tile=22 origin=(75,33,51) g=2.96235085e-05 n=0.00630569458->0.00633621216 c0:y=3.12984753,a=0.0213775635->0.0214691162 c1:y=3.33162022,a=0.0218963623->0.021987915 c2:y=-6.49504375,a=-0.0434875488->-0.0436706543
PROBE acc tid=8 net=(137,82,214) tile=22 origin=(75,33,51) g=2.64048576e-05 n=0.00612258911->0.00614929199 c0:y=1.82433212,a=0.0114974976->0.0115432739 c1:y=4.29699326,a=0.0276947021->0.0278015137 c2:y=-6.15567017,a=-0.0393981934->-0.0395507812
PROBE acc tid=8 net=(137,82,215) tile=22 origin=(75,33,51) g=2.348423e-05 n=0.00593566895->0.00595855713 c0:y=1.13406694,a=0.00702667236->0.00705337524 c1:y=4.72722673,a=0.0296020508->0.0297088623 c2:y=-5.89134741,a=-0.0368041992->-0.0369567871
PROBE acc tid=8 net=(137,83,212) tile=22 origin=(75,33,51) g=3.59416008e-05 n=0.00663375854->0.00666809082 c0:y=5.76731157,a=0.0391540527->0.0393676758 c1:y=0.293644458,a=0.00278663635->0.00279808044 c2:y=-6.06821871,a=-0.0419921875->-0.0422058105
PROBE acc tid=8 net=(137,83,213) tile=22 origin=(75,33,51) g=3.21269035e-05 n=0.00645446777->0.00648498535 c0:y=5.42588711,a=0.0361022949->0.0362854004 c1:y=0.810162127,a=0.00631332397->0.00634002686 c2:y=-6.24232483,a=-0.0424499512->-0.0426635742
PROBE acc tid=8 net=(137,83,214) tile=22 origin=(75,33,51) g=2.86102295e-05 n=0.00626754761->0.00629425049 c0:y=5.29569149,a=0.0338439941->0.033996582 c1:y=0.968733013,a=0.00729751587->0.00732421875 c2:y=-6.26572084,a=-0.0411682129->-0.0413513184
PROBE acc tid=8 net=(137,83,215) tile=22 origin=(75,33,51) g=2.54511833e-05 n=0.00607681274->0.00610351562 c0:y=5.38558531,a=0.0336914062->0.0338134766 c1:y=0.698041618,a=0.00608825684->0.00610733032 c2:y=-6.07777166,a=-0.0397644043->-0.0399169922
PROBE acc tid=8 net=(137,84,212) tile=22 origin=(75,33,51) g=3.8921833e-05 n=0.00677871704->0.00681686401 c0:y=5.91124868,a=0.0406799316->0.0409240723 c1:y=-1.61767662,a=-0.0112991333->-0.0113601685 c2:y=-4.28252745,a=-0.0293121338->-0.0294799805
PROBE acc tid=8 net=(137,84,213) tile=22 origin=(75,33,51) g=3.47495079e-05 n=0.00659561157->0.00662994385 c0:y=5.86664772,a=0.0391540527->0.0393676758 c1:y=-1.46353185,a=-0.00933074951->-0.00938415527 c2:y=-4.39261293,a=-0.0297546387->-0.0299072266
PROBE acc tid=8 net=(137,84,214) tile=22 origin=(75,33,51) g=3.09348106e-05 n=0.00640487671->0.00643539429 c0:y=5.86048174,a=0.0379333496->0.0381164551 c1:y=-1.35632944,a=-0.00835418701->-0.00839233398 c2:y=-4.49248505,a=-0.029510498->-0.0296478271
PROBE acc tid=8 net=(137,84,215) tile=22 origin=(75,33,51) g=2.75373459e-05 n=0.00621032715->0.00623703003 c0:y=5.81792736,a=0.0364990234->0.0366516113 c1:y=-1.39751613,a=-0.00756835938->-0.00760650635 c2:y=-4.40718699,a=-0.0288391113->-0.0289611816
PROBE acc tid=8 net=(135,81,212) tile=23 origin=(75,33,102) g=0.00249671936 n=0.0157165527->0.0182189941 c0:y=1.394382,a=0.0240020752->0.0274810791 c1:y=4.7383256,a=0.075378418->0.0872192383 c2:y=-6.15772724,a=-0.0997924805->-0.11517334
PROBE acc tid=8 net=(135,81,213) tile=23 origin=(75,33,102) g=0.0024356842 n=0.0152816772->0.0177154541 c0:y=3.38821983,a=0.0539245605->0.0621643066 c1:y=3.36688256,a=0.0517272949->0.0599365234 c2:y=-6.76625299,a=-0.105834961->-0.122314453
PROBE acc tid=8 net=(135,81,214) tile=23 origin=(75,33,102) g=0.00237083435 n=0.0148391724->0.0172119141 c0:y=5.15053129,a=0.0825805664->0.0947875977 c1:y=2.07508922,a=0.0276947021->0.032623291 c2:y=-7.22502518,a=-0.110229492->-0.127319336
PROBE acc tid=8 net=(135,81,215) tile=23 origin=(75,33,102) g=0.00230407715 n=0.0143814087->0.0166931152 c0:y=6.92762613,a=0.10559082->0.121582031 c1:y=0.675619602,a=0.00643157959->0.00798797607 c2:y=-7.59032774,a=-0.111816406->-0.129272461
PROBE acc tid=8 net=(135,82,212) tile=23 origin=(75,33,102) g=0.00271224976 n=0.0161132812->0.0188293457 c0:y=1.20921028,a=0.0185394287->0.0218200684 c1:y=6.2974,a=0.101196289->0.118286133 c2:y=-7.5445323,a=-0.120361328->-0.140869141
PROBE acc tid=8 net=(135,82,213) tile=23 origin=(75,33,102) g=0.00264358521 n=0.0156707764->0.0183105469 c0:y=1.41865003,a=0.0213623047->0.0251159668 c1:y=5.83952379,a=0.0913085938->0.106750488 c2:y=-7.29149008,a=-0.113220215->-0.132446289
PROBE acc tid=8 net=(135,82,214) tile=23 origin=(75,33,102) g=0.00257492065 n=0.0152206421->0.017791748 c0:y=1.55419397,a=0.0230255127->0.0270233154 c1:y=5.28327322,a=0.0801391602->0.09375 c2:y=-6.86551046,a=-0.10357666->-0.121276855
PROBE acc tid=8 net=(135,82,215) tile=23 origin=(75,33,102) g=0.00250244141 n=0.014755249->0.0172576904 c0:y=2.72887397,a=0.0433349609->0.0501708984 c1:y=4.01480246,a=0.056854248->0.0668945312 c2:y=-6.76000023,a=-0.100402832->-0.11730957
PROBE acc tid=8 net=(135,83,212) tile=23 origin=(75,33,102) g=0.00293922424 n=0.0165100098->0.0194549561 c0:y=0.802932739,a=0.0133209229->0.0156860352 c1:y=6.32909727,a=0.104614258->0.12322998 c2:y=-7.17286396,a=-0.118591309->-0.139648438
PROBE acc tid=8 net=(135,83,213) tile=23 origin=(75,33,102) g=0.002866745 n=0.0160522461->0.0189208984 c0:y=0.883110404,a=0.0148544312->0.0173797607 c1:y=6.16846657,a=0.0992431641->0.116943359 c2:y=-7.09126282,a=-0.114746094->-0.135131836
PROBE acc tid=8 net=(135,83,214) tile=23 origin=(75,33,102) g=0.00279045105 n=0.0155792236->0.018371582 c0:y=0.896703482,a=0.0148696899->0.017364502 c1:y=6.00980759,a=0.0944824219->0.11126709 c2:y=-6.94508553,a=-0.109924316->-0.129272461
PROBE acc tid=8 net=(135,83,215) tile=23 origin=(75,33,102) g=0.00271224976 n=0.0151062012->0.0178222656 c0:y=1.03518987,a=0.0160064697->0.0188140869 c1:y=5.62703085,a=0.0865478516->0.101806641 c2:y=-6.69744205,a=-0.103149414->-0.121337891
PROBE acc tid=8 net=(135,84,212) tile=23 origin=(75,33,102) g=0.00318145752 n=0.0168609619->0.0200500488 c0:y=0.71196568,a=0.0123214722->0.0145874023 c1:y=5.20325232,a=0.085144043->0.10168457 c2:y=-5.94859123,a=-0.0980224609->-0.116943359
PROBE acc tid=8 net=(135,84,213) tile=23 origin=(75,33,102) g=0.00310325623 n=0.016418457->0.0195159912 c0:y=0.81212306,a=0.0136108398->0.01612854 c1:y=5.28414965,a=0.0842285156->0.100646973 c2:y=-6.13002586,a=-0.0983886719->-0.117431641
PROBE acc tid=8 net=(135,84,214) tile=23 origin=(75,33,102) g=0.00301933289 n=0.0159301758->0.018951416 c0:y=0.868611574,a=0.0141143799->0.0167388916 c1:y=5.58031893,a=0.0869750977->0.103820801 c2:y=-6.48478937,a=-0.101623535->-0.12121582
PROBE acc tid=8 net=(135,84,215) tile=23 origin=(75,33,102) g=0.00293540955 n=0.0154418945->0.018371582 c0:y=0.980306625,a=0.0150985718->0.0179748535 c1:y=5.84279633,a=0.0892333984->0.106384277 c2:y=-6.86066246,a=-0.104919434->-0.125
PROBE acc tid=8 net=(136,81,212) tile=23 origin=(75,33,102) g=0.0016002655 n=0.0100708008->0.0116729736 c0:y=0.818662405,a=0.00843811035->0.00975036621 c1:y=5.92611027,a=0.0603637695->0.0698242188 c2:y=-6.78300953,a=-0.0692138672->-0.080078125
PROBE acc tid=8 net=(136,81,213) tile=23 origin=(75,33,102) g=0.00156021118 n=0.00978851318->0.0113525391 c0:y=0.908859611,a=0.00879669189->0.0102157593 c1:y=6.43495703,a=0.0635375977->0.0735473633 c2:y=-7.38486147,a=-0.0726928711->-0.0842285156
PROBE acc tid=8 net=(136,81,214) tile=23 origin=(75,33,102) g=0.00151824951 n=0.00950622559->0.0110244751 c0:y=0.909172416,a=0.00843811035->0.00981903076 c1:y=6.69344616,a=0.0632324219->0.0733642578 c2:y=-7.64468908,a=-0.0720825195->-0.0836791992
PROBE acc tid=8 net=(136,81,215) tile=23 origin=(75,33,102) g=0.00147533417 n=0.0092086792->0.0106811523 c0:y=0.886212826,a=0.00798797607->0.00929260254 c1:y=6.45608902,a=0.059173584->0.0687255859 c2:y=-7.38279104,a=-0.067565918->-0.0784301758
PROBE acc tid=8 net=(136,82,212) tile=23 origin=(75,33,102) g=0.0017375946 n=0.0103302002->0.0120697021 c0:y=0.694201946,a=0.0072555542->0.00846099854 c1:y=6.27214956,a=0.065612793->0.0765380859 c2:y=-7.00759077,a=-0.0733032227->-0.0854492188
PROBE acc tid=8 net=(136,82,213) tile=23 origin=(75,33,102) g=0.00169372559 n=0.0100402832->0.0117340088 c0:y=0.729782462,a=0.00715255737->0.00839233398 c1:y=6.36228228,a=0.0647583008->0.0755615234 c2:y=-7.1337266,a=-0.0723266602->-0.0844116211
PROBE acc tid=8 net=(136,82,214) tile=23 origin=(75,33,102) g=0.00164890289 n=0.00974273682->0.011390686 c0:y=0.665238857,a=0.00635910034->0.00745773315 c1:y=6.18586111,a=0.0606384277->0.0708618164 c2:y=-6.89153004,a=-0.0674438477->-0.0787963867
PROBE acc tid=8 net=(136,82,215) tile=23 origin=(75,33,102) g=0.00160217285 n=0.00945281982->0.0110549927 c0:y=0.713332534,a=0.00647735596->0.00762176514 c1:y=5.6110611,a=0.0531005859->0.0621032715 c2:y=-6.36036396,a=-0.0599365234->-0.0701293945
PROBE acc tid=8 net=(136,83,212) tile=23 origin=(75,33,102) g=0.00188350677 n=0.0105667114->0.0124511719 c0:y=0.817963958,a=0.010093689->0.0116348267 c1:y=4.65664911,a=0.0498046875->0.0585632324 c2:y=-5.50650263,a=-0.0602111816->-0.0705566406
PROBE acc tid=8 net=(136,83,213) tile=23 origin=(75,33,102) g=0.00183677673 n=0.0102844238->0.0121231079 c0:y=0.815919757,a=0.00902557373->0.0105209351 c1:y=4.38369703,a=0.0462036133->0.0542602539 c2:y=-5.22954273,a=-0.0555725098->-0.0651855469
PROBE acc tid=8 net=(136,83,214) tile=23 origin=(75,33,102) g=0.00178813934 n=0.00997924805->0.0117645264 c0:y=1.13849056,a=0.0140151978->0.0160522461 c1:y=3.76556015,a=0.0379943848->0.0447387695 c2:y=-4.92980337,a=-0.0522155762->-0.0610351562
PROBE acc tid=8 net=(136,83,215) tile=23 origin=(75,33,102) g=0.0017375946 n=0.00967407227->0.0114135742 c0:y=3.80504966,a=0.0391235352->0.0457458496 c1:y=2.02203083,a=0.0200958252->0.0236053467 c2:y=-5.83747005,a=-0.0592956543->-0.0694580078
PROBE acc tid=8 net=(136,84,212) tile=23 origin=(75,33,102) g=0.00203895569 n=0.0108032227->0.012840271 c0:y=5.83690214,a=0.0609130859->0.0728149414 c1:y=0.615125418,a=0.00869750977->0.00994873047 c2:y=-6.46081066,a=-0.0696411133->-0.082824707
PROBE acc tid=8 net=(136,84,213) tile=23 origin=(75,33,102) g=0.00198745728 n=0.0105056763->0.0124969482 c0:y=6.24220371,a=0.0632324219->0.0756225586 c1:y=0.163116127,a=0.00385856628->0.0041809082 c2:y=-6.40905285,a=-0.0671386719->-0.0798950195
PROBE acc tid=8 net=(136,84,214) tile=23 origin=(75,33,102) g=0.00193500519 n=0.0102005005->0.0121383667 c0:y=6.54275036,a=0.0649414062->0.0775756836 c1:y=-0.347839147,a=-0.0016002655->-0.00227355957 c2:y=-6.19490051,a=-0.0633544922->-0.0753173828
PROBE acc tid=8 net=(136,84,215) tile=23 origin=(75,33,102) g=0.00187969208 n=0.00988769531->0.0117645264 c0:y=6.94983673,a=0.0670166016->0.080078125 c1:y=-0.749760985,a=-0.00565338135->-0.00706100464 c2:y=-6.19687939,a=-0.0613098145->-0.0729370117
PROBE acc tid=8 net=(137,81,212) tile=23 origin=(75,33,102) g=0.00100898743 n=0.00635147095->0.00736236572 c0:y=3.9667666,a=0.024887085->0.0288848877 c1:y=2.8906641,a=0.0188446045->0.0217590332 c2:y=-6.88232756,a=-0.0438842773->-0.0508422852
PROBE acc tid=8 net=(137,81,213) tile=23 origin=(75,33,102) g=0.000984191895 n=0.00617218018->0.00715637207 c0:y=1.99013603,a=0.0102615356->0.01222229 c1:y=4.39597702,a=0.0284729004->0.0328063965 c2:y=-6.42247438,a=-0.0389404297->-0.0452575684
PROBE acc tid=8 net=(137,81,214) tile=23 origin=(75,33,102) g=0.000957965851 n=0.0059928894->0.00695037842 c0:y=0.884038687,a=0.005027771->0.00587463379 c1:y=5.51077127,a=0.0331726074->0.0384521484 c2:y=-6.43025351,a=-0.0384216309->-0.0445861816
PROBE acc tid=8 net=(137,81,215) tile=23 origin=(75,33,102) g=0.000930786133 n=0.00580978394->0.00674057007 c0:y=0.945978522,a=0.00526809692->0.00614929199 c1:y=5.95797014,a=0.0347290039->0.0402832031 c2:y=-6.94240284,a=-0.0402526855->-0.0467224121
PROBE acc tid=8 net=(137,82,212) tile=23 origin=(75,33,102) g=0.00109577179 n=0.00651550293->0.00761032104 c0:y=4.80348396,a=0.0304870605->0.035736084 c1:y=2.18932104,a=0.0153961182->0.017791748 c2:y=-7.02339792,a=-0.0460510254->-0.0537414551
PROBE acc tid=8 net=(137,82,213) tile=23 origin=(75,33,102) g=0.00106811523 n=0.00633621216->0.00740432739 c0:y=3.68422866,a=0.0214691162->0.0254058838 c1:y=3.21727061,a=0.021987915->0.0254211426 c2:y=-6.93562555,a=-0.0436706543->-0.0510864258
PROBE acc tid=8 net=(137,82,214) tile=23 origin=(75,33,102) g=0.00104045868 n=0.00614929199->0.00719070435 c0:y=2.20693016,a=0.0115432739->0.0138397217 c1:y=4.24622297,a=0.0278015137->0.0322265625 c2:y=-6.48865604,a=-0.0395507812->-0.046295166
PROBE acc tid=8 net=(137,82,215) tile=23 origin=(75,33,102) g=0.00101089478 n=0.00595855713->0.0069694519 c0:y=1.45302808,a=0.00705337524->0.00852203369 c1:y=4.73966646,a=0.0297088623->0.0345153809 c2:y=-6.22326612,a=-0.0369567871->-0.0432434082
PROBE acc tid=8 net=(137,83,212) tile=23 origin=(75,33,102) g=0.0011882782 n=0.00666809082->0.00785827637 c0:y=6.02344608,a=0.0393676758->0.0465393066 c1:y=0.352679253,a=0.00279808044->0.00321769714 c2:y=-6.38353586,a=-0.0422058105->-0.0498046875
PROBE acc tid=8 net=(137,83,213) tile=23 origin=(75,33,102) g=0.00115871429 n=0.00648498535->0.00764465332 c0:y=5.71015263,a=0.0362854004->0.0429077148 c1:y=0.870493531,a=0.00634002686->0.00734710693 c2:y=-6.58575439,a=-0.0426635742->-0.0502929688
PROBE acc tid=8 net=(137,83,214) tile=23 origin=(75,33,102) g=0.00112724304 n=0.00629425049->0.00742340088 c0:y=5.5219841,a=0.033996582->0.040222168 c1:y=1.02164042,a=0.00732421875->0.00847625732 c2:y=-6.54457569,a=-0.0413513184->-0.0487365723
PROBE acc tid=8 net=(137,83,215) tile=23 origin=(75,33,102) g=0.00109577179 n=0.00610351562->0.00719833374 c0:y=5.73462772,a=0.0338134766->0.0401000977 c1:y=0.75649637,a=0.00610733032->0.00693511963 c2:y=-6.48552179,a=-0.0399169922->-0.0470275879
PROBE acc tid=8 net=(137,84,212) tile=23 origin=(75,33,102) g=0.00128555298 n=0.00681686401->0.00810241699 c0:y=6.15136385,a=0.0409240723->0.048828125 c1:y=-1.69873106,a=-0.0113601685->-0.0135421753 c2:y=-4.4402709,a=-0.0294799805->-0.0351867676
PROBE acc tid=8 net=(137,84,213) tile=23 origin=(75,33,102) g=0.00125312805 n=0.00662994385->0.00788116455 c0:y=6.06560516,a=0.0393676758->0.0469665527 c1:y=-1.46558464,a=-0.00938415527->-0.0112228394 c2:y=-4.58827162,a=-0.0299072266->-0.0356445312
PROBE acc tid=8 net=(137,84,214) tile=23 origin=(75,33,102) g=0.00122070312 n=0.00643539429->0.00765609741 c0:y=6.04057121,a=0.0381164551->0.045501709 c1:y=-1.40618742,a=-0.00839233398->-0.0101089478 c2:y=-4.62199259,a=-0.0296478271->-0.0352783203
PROBE acc tid=8 net=(137,84,215) tile=23 origin=(75,33,102) g=0.00118541718 n=0.00623703003->0.00742340088 c0:y=6.01044893,a=0.0366516113->0.043762207 c1:y=-1.37299466,a=-0.00760650635->-0.00923156738 c2:y=-4.62316895,a=-0.0289611816->-0.0344543457
PROBE acc tid=8 net=(135,81,212) tile=25 origin=(100,0,51) g=0.195800781 n=0.0182189941->0.213989258 c0:y=3.0354557,a=0.0274810791->0.621582031 c1:y=3.67157578,a=0.0872192383->0.806152344 c2:y=-6.71578264,a=-0.11517334->-1.4296875
PROBE acc tid=8 net=(135,81,213) tile=25 origin=(100,0,51) g=0.174804688 n=0.0177154541->0.192504883 c0:y=4.18082571,a=0.0621643066->0.79296875 c1:y=2.89036369,a=0.0599365234->0.565429688 c2:y=-7.07238817,a=-0.122314453->-1.35839844
PROBE acc tid=8 net=(135,81,214) tile=25 origin=(100,0,51) g=0.155761719 n=0.0172119141->0.172973633 c0:y=5.72445822,a=0.0947875977->0.986328125 c1:y=1.82643354,a=0.032623291->0.317138672 c2:y=-7.5428319,a=-0.127319336->-1.30175781
PROBE acc tid=8 net=(135,81,215) tile=25 origin=(100,0,51) g=0.138549805 n=0.0166931152->0.155273438 c0:y=6.44838095,a=0.121582031->1.01464844 c1:y=1.07383597,a=0.00798797607->0.156738281 c2:y=-7.50833845,a=-0.129272461->-1.16992188
PROBE acc tid=8 net=(135,82,212) tile=25 origin=(100,0,51) g=0.200805664 n=0.0188293457->0.219604492 c0:y=1.01743793,a=0.0218200684->0.226074219 c1:y=6.00580168,a=0.118286133->1.32421875 c2:y=-7.06044054,a=-0.140869141->-1.55859375
PROBE acc tid=8 net=(135,82,213) tile=25 origin=(100,0,51) g=0.179199219 n=0.0183105469->0.197509766 c0:y=1.18524611,a=0.0251159668->0.237548828 c1:y=5.78781605,a=0.106750488->1.14355469 c2:y=-7.00745916,a=-0.132446289->-1.38769531
PROBE acc tid=8 net=(135,82,214) tile=25 origin=(100,0,51) g=0.159667969 n=0.017791748->0.177490234 c0:y=1.45052791,a=0.0270233154->0.258544922 c1:y=5.2404623,a=0.09375->0.930664062 c2:y=-6.71979427,a=-0.121276855->-1.19433594
PROBE acc tid=8 net=(135,82,215) tile=25 origin=(100,0,51) g=0.141967773 n=0.0172576904->0.159179688 c0:y=2.33452582,a=0.0501708984->0.381591797 c1:y=4.2417779,a=0.0668945312->0.668945312 c2:y=-6.59103632,a=-0.11730957->-1.05273438
PROBE acc tid=8 net=(135,83,212) tile=25 origin=(100,0,51) g=0.205566406 n=0.0194549561->0.224975586 c0:y=0.745577216,a=0.0156860352->0.168945312 c1:y=6.28470039,a=0.12322998->1.41503906 c2:y=-7.07111359,a=-0.139648438->-1.59277344
PROBE acc tid=8 net=(135,83,213) tile=25 origin=(100,0,51) g=0.18347168 n=0.0189208984->0.202392578 c0:y=0.784711361,a=0.0173797607->0.161376953 c1:y=6.30983448,a=0.116943359->1.27441406 c2:y=-7.1354599,a=-0.135131836->-1.44433594
PROBE acc tid=8 net=(135,83,214) tile=25 origin=(100,0,51) g=0.163452148 n=0.018371582->0.181884766 c0:y=0.932050586,a=0.017364502->0.169677734 c1:y=6.22534609,a=0.11126709->1.12890625 c2:y=-7.19737673,a=-0.129272461->-1.30566406
PROBE acc tid=8 net=(135,83,215) tile=25 origin=(100,0,51) g=0.145385742 n=0.0178222656->0.163208008 c0:y=0.972118378,a=0.0188140869->0.16015625 c1:y=5.96902895,a=0.101806641->0.969726562 c2:y=-6.97922945,a=-0.121337891->-1.13574219
PROBE acc tid=8 net=(135,84,212) tile=25 origin=(100,0,51) g=0.210083008 n=0.0200500488->0.230102539 c0:y=0.63629353,a=0.0145874023->0.14831543 c1:y=5.17050934,a=0.10168457->1.1875 c2:y=-5.84001923,a=-0.116943359->-1.34375
PROBE acc tid=8 net=(135,84,213) tile=25 origin=(100,0,51) g=0.1875 n=0.0195159912->0.20703125 c0:y=0.669472814,a=0.01612854->0.141601562 c1:y=5.32348299,a=0.100646973->1.09863281 c2:y=-6.0272274,a=-0.117431641->-1.24707031
PROBE acc tid=8 net=(135,84,214) tile=25 origin=(100,0,51) g=0.167114258 n=0.018951416->0.186035156 c0:y=0.823322892,a=0.0167388916->0.154296875 c1:y=5.75505877,a=0.103820801->1.06542969 c2:y=-6.61548519,a=-0.12121582->-1.2265625
PROBE acc tid=8 net=(135,84,215) tile=25 origin=(100,0,51) g=0.14855957 n=0.018371582->0.166992188 c0:y=0.881618142,a=0.0179748535->0.148925781 c1:y=6.07614183,a=0.106384277->1.00878906 c2:y=-6.9971056,a=-0.125->-1.1640625
PROBE acc tid=8 net=(136,81,212) tile=25 origin=(100,0,51) g=0.185424805 n=0.0116729736->0.197143555 c0:y=0.802645326,a=0.00975036621->0.158569336 c1:y=5.35769606,a=0.0698242188->1.06347656 c2:y=-6.19433689,a=-0.080078125->-1.22851562
PROBE acc tid=8 net=(136,81,213) tile=25 origin=(100,0,51) g=0.165527344 n=0.0113525391->0.176879883 c0:y=0.738361239,a=0.0102157593->0.132446289 c1:y=5.84289837,a=0.0735473633->1.04101562 c2:y=-6.6188488,a=-0.0842285156->-1.1796875
PROBE acc tid=8 net=(136,81,214) tile=25 origin=(100,0,51) g=0.147460938 n=0.0110244751->0.158447266 c0:y=0.730479121,a=0.00981903076->0.117553711 c1:y=6.1024251,a=0.0733642578->0.973144531 c2:y=-6.87211752,a=-0.0836791992->-1.09667969
PROBE acc tid=8 net=(136,81,215) tile=25 origin=(100,0,51) g=0.131103516 n=0.0106811523->0.141845703 c0:y=0.724139214,a=0.00929260254->0.104248047 c1:y=6.03451872,a=0.0687255859->0.859863281 c2:y=-6.79748583,a=-0.0784301758->-0.969726562
PROBE acc tid=8 net=(136,82,212) tile=25 origin=(100,0,51) g=0.190063477 n=0.0120697021->0.202148438 c0:y=0.683845878,a=0.00846099854->0.138427734 c1:y=5.67379999,a=0.0765380859->1.15527344 c2:y=-6.39439964,a=-0.0854492188->-1.30078125
PROBE acc tid=8 net=(136,82,213) tile=25 origin=(100,0,51) g=0.169677734 n=0.0117340088->0.181396484 c0:y=0.601792216,a=0.00839233398->0.110473633 c1:y=5.83826351,a=0.0755615234->1.06640625 c2:y=-6.47812557,a=-0.0844116211->-1.18359375
PROBE acc tid=8 net=(136,82,214) tile=25 origin=(100,0,51) g=0.151245117 n=0.011390686->0.162597656 c0:y=0.612352371,a=0.00745773315->0.100097656 c1:y=5.68921518,a=0.0708618164->0.931152344 c2:y=-6.33839321,a=-0.0787963867->-1.03710938
PROBE acc tid=8 net=(136,82,215) tile=25 origin=(100,0,51) g=0.134521484 n=0.0110549927->0.145629883 c0:y=0.641228914,a=0.00762176514->0.0938720703 c1:y=5.29129648,a=0.0621032715->0.773925781 c2:y=-5.96630621,a=-0.0701293945->-0.872558594
PROBE acc tid=8 net=(136,83,212) tile=25 origin=(100,0,51) g=0.194580078 n=0.0124511719->0.20703125 c0:y=1.72221625,a=0.0116348267->0.346679688 c1:y=4.02832174,a=0.0585632324->0.842285156 c2:y=-5.78537703,a=-0.0705566406->-1.19628906
PROBE acc tid=8 net=(136,83,213) tile=25 origin=(100,0,51) g=0.173706055 n=0.0121231079->0.185791016 c0:y=1.98693025,a=0.0105209351->0.355712891 c1:y=3.65719867,a=0.0542602539->0.689453125 c2:y=-5.67587376,a=-0.0651855469->-1.05078125
PROBE acc tid=8 net=(136,83,214) tile=25 origin=(100,0,51) g=0.154785156 n=0.0117645264->0.166503906 c0:y=3.30101132,a=0.0160522461->0.526855469 c1:y=2.68159652,a=0.0447387695->0.459716797 c2:y=-6.00626326,a=-0.0610351562->-0.990722656
PROBE acc tid=8 net=(136,83,215) tile=25 origin=(100,0,51) g=0.137695312 n=0.0114135742->0.149169922 c0:y=4.84147024,a=0.0457458496->0.712402344 c1:y=1.5605582,a=0.0236053467->0.238525391 c2:y=-6.41653824,a=-0.0694580078->-0.953125
PROBE acc tid=8 net=(136,84,212) tile=25 origin=(100,0,51) g=0.198852539 n=0.012840271->0.211669922 c0:y=6.59635115,a=0.0728149414->1.38476562 c1:y=0.233169794,a=0.00994873047->0.0563049316 c2:y=-6.83699274,a=-0.082824707->-1.44238281
PROBE acc tid=8 net=(136,84,213) tile=25 origin=(100,0,51) g=0.177490234 n=0.0124969482->0.189941406 c0:y=7.08860254,a=0.0756225586->1.33398438 c1:y=-0.340131581,a=0.0041809082->-0.0561828613 c2:y=-6.75306702,a=-0.0798950195->-1.27832031
PROBE acc tid=8 net=(136,84,214) tile=25 origin=(100,0,51) g=0.158203125 n=0.0121383667->0.170288086 c0:y=7.68028641,a=0.0775756836->1.29296875 c1:y=-0.886837006,a=-0.00227355957->-0.142578125 c2:y=-6.79573679,a=-0.0753173828->-1.15039062
PROBE acc tid=8 net=(136,84,215) tile=25 origin=(100,0,51) g=0.140625 n=0.0117645264->0.15234375 c0:y=7.99688148,a=0.080078125->1.20507812 c1:y=-1.2421031,a=-0.00706100464->-0.181762695 c2:y=-6.75667191,a=-0.0729370117->-1.0234375
PROBE acc tid=8 net=(137,81,212) tile=25 origin=(100,0,51) g=0.172851562 n=0.00736236572->0.180175781 c0:y=6.52609444,a=0.0288848877->1.15722656 c1:y=0.701157987,a=0.0217590332->0.142944336 c2:y=-7.23951578,a=-0.0508422852->-1.30175781
PROBE acc tid=8 net=(137,81,213) tile=25 origin=(100,0,51) g=0.154174805 n=0.00715637207->0.161376953 c0:y=5.0264039,a=0.01222229->0.787109375 c1:y=1.92972875,a=0.0328063965->0.330322266 c2:y=-6.9822278,a=-0.0452575684->-1.12207031
PROBE acc tid=8 net=(137,81,214) tile=25 origin=(100,0,51) g=0.137451172 n=0.00695037842->0.14440918 c0:y=1.29942119,a=0.00587463379->0.184448242 c1:y=4.63480473,a=0.0384521484->0.675292969 c2:y=-5.97085762,a=-0.0445861816->-0.865234375
PROBE acc tid=8 net=(137,81,215) tile=25 origin=(100,0,51) g=0.122192383 n=0.00674057007->0.12890625 c0:y=0.804205656,a=0.00614929199->0.104431152 c1:y=5.50256538,a=0.0402832031->0.712890625 c2:y=-6.34215546,a=-0.0467224121->-0.821777344
PROBE acc tid=8 net=(137,82,212) tile=25 origin=(100,0,51) g=0.177246094 n=0.00761032104->0.184814453 c0:y=6.72517061,a=0.035736084->1.22753906 c1:y=0.496070415,a=0.017791748->0.105712891 c2:y=-7.2372961,a=-0.0537414551->-1.33691406
PROBE acc tid=8 net=(137,82,213) tile=25 origin=(100,0,51) g=0.158203125 n=0.00740432739->0.165649414 c0:y=6.41256094,a=0.0254058838->1.04003906 c1:y=1.11950171,a=0.0254211426->0.202514648 c2:y=-7.55552435,a=-0.0510864258->-1.24609375
PROBE acc tid=8 net=(137,82,214) tile=25 origin=(100,0,51) g=0.140869141 n=0.00719070435->0.148071289 c0:y=5.01958799,a=0.0138397217->0.720703125 c1:y=2.29488969,a=0.0322265625->0.35546875 c2:y=-7.34146118,a=-0.046295166->-1.08007812
PROBE acc tid=8 net=(137,82,215) tile=25 origin=(100,0,51) g=0.125366211 n=0.0069694519->0.132324219 c0:y=3.54496884,a=0.00852203369->0.452880859 c1:y=3.28374386,a=0.0345153809->0.446289062 c2:y=-6.85359573,a=-0.0432434082->-0.90234375
PROBE acc tid=8 net=(137,83,212) tile=25 origin=(100,0,51) g=0.181396484 n=0.00785827637->0.189208984 c0:y=7.49492216,a=0.0465393066->1.40625 c1:y=-0.640322328,a=0.00321769714->-0.112915039 c2:y=-6.84872961,a=-0.0498046875->-1.29199219
PROBE acc tid=8 net=(137,83,213) tile=25 origin=(100,0,51) g=0.161865234 n=0.00764465332->0.169555664 c0:y=7.11950159,a=0.0429077148->1.1953125 c1:y=-0.0649548918,a=0.00734710693->-0.00316619873 c2:y=-7.05292416,a=-0.0502929688->-1.19238281
PROBE acc tid=8 net=(137,83,214) tile=25 origin=(100,0,51) g=0.144287109 n=0.00742340088->0.151733398 c0:y=6.69505596,a=0.040222168->1.00585938 c1:y=0.431930214,a=0.00847625732->0.0708007812 c2:y=-7.12557459,a=-0.0487365723->-1.07714844
PROBE acc tid=8 net=(137,83,215) tile=25 origin=(100,0,51) g=0.128295898 n=0.00719833374->0.135498047 c0:y=6.18964672,a=0.0401000977->0.833984375 c1:y=0.702586591,a=0.00693511963->0.0970458984 c2:y=-6.88800144,a=-0.0470275879->-0.930664062
PROBE acc tid=8 net=(137,84,212) tile=25 origin=(100,0,51) g=0.185424805 n=0.00810241699->0.193481445 c0:y=7.46404219,a=0.048828125->1.43261719 c1:y=-2.04918194,a=-0.0135421753->-0.393554688 c2:y=-5.39139223,a=-0.0351867676->-1.03515625
PROBE acc tid=8 net=(137,84,213) tile=25 origin=(100,0,51) g=0.165527344 n=0.00788116455->0.173461914 c0:y=7.31291914,a=0.0469665527->1.2578125 c1:y=-1.73687971,a=-0.0112228394->-0.298828125 c2:y=-5.55480385,a=-0.0356445312->-0.955078125
PROBE acc tid=8 net=(137,84,214) tile=25 origin=(100,0,51) g=0.147460938 n=0.00765609741->0.155151367 c0:y=7.20352364,a=0.045501709->1.10742188 c1:y=-1.4420712,a=-0.0101089478->-0.22277832 c2:y=-5.74095297,a=-0.0352783203->-0.881835938
PROBE acc tid=8 net=(137,84,215) tile=25 origin=(100,0,51) g=0.131103516 n=0.00742340088->0.138549805 c0:y=7.10665798,a=0.043762207->0.975585938 c1:y=-1.33013606,a=-0.00923156738->-0.18359375 c2:y=-5.75532007,a=-0.0344543457->-0.7890625
PROBE acc tid=8 net=(135,81,212) tile=26 origin=(100,0,102) g=6.46875 n=0.213989258->6.68359375 c0:y=1.83802187,a=0.621582031->12.5078125 c1:y=4.51047611,a=0.806152344->29.984375 c2:y=-6.36570072,a=-1.4296875->-42.59375
PROBE acc tid=8 net=(135,81,213) tile=26 origin=(100,0,102) g=6.30859375 n=0.192504883->6.5 c0:y=3.99552894,a=0.79296875->26 c1:y=3.17630315,a=0.565429688->20.609375 c2:y=-7.17607832,a=-1.35839844->-46.625
PROBE acc tid=8 net=(135,81,214) tile=26 origin=(100,0,102) g=6.140625 n=0.172973633->6.3125 c0:y=5.27665424,a=0.986328125->33.375 c1:y=2.2241447,a=0.317138672->13.9765625 c2:y=-7.49644423,a=-1.30175781->-47.34375
PROBE acc tid=8 net=(135,81,215) tile=26 origin=(100,0,102) g=5.96484375 n=0.155273438->6.12109375 c0:y=6.56053782,a=1.01464844->40.15625 c1:y=1.13657737,a=0.156738281->6.9375 c2:y=-7.68398714,a=-1.16992188->-47
PROBE acc tid=8 net=(135,82,212) tile=26 origin=(100,0,102) g=6.6328125 n=0.219604492->6.8515625 c0:y=1.0398736,a=0.226074219->7.125 c1:y=6.22176218,a=1.32421875->42.59375 c2:y=-7.30010605,a=-1.55859375->-49.96875
PROBE acc tid=8 net=(135,82,213) tile=26 origin=(100,0,102) g=6.46875 n=0.197509766->6.66796875 c0:y=1.30470598,a=0.237548828->8.6796875 c1:y=5.9240489,a=1.14355469->39.46875 c2:y=-7.26371479,a=-1.38769531->-48.375
PROBE acc tid=8 net=(135,82,214) tile=26 origin=(100,0,102) g=6.296875 n=0.177490234->6.47265625 c0:y=1.4400034,a=0.258544922->9.328125 c1:y=5.47971535,a=0.930664062->35.4375 c2:y=-6.9503808,a=-1.19433594->-44.96875
PROBE acc tid=8 net=(135,82,215) tile=26 origin=(100,0,102) g=6.1171875 n=0.159179688->6.27734375 c0:y=2.1166563,a=0.381591797->13.328125 c1:y=4.49136448,a=0.668945312->28.140625 c2:y=-6.62621689,a=-1.05273438->-41.59375
PROBE acc tid=8 net=(135,83,212) tile=26 origin=(100,0,102) g=6.7890625 n=0.224975586->7.015625 c0:y=0.805666685,a=0.168945312->5.63671875 c1:y=6.46545553,a=1.41503906->45.3125 c2:y=-7.31265116,a=-1.59277344->-51.25
PROBE acc tid=8 net=(135,83,213) tile=26 origin=(100,0,102) g=6.62109375 n=0.202392578->6.82421875 c0:y=0.917984247,a=0.161376953->6.23828125 c1:y=6.4563241,a=1.27441406->44.03125 c2:y=-7.41578341,a=-1.44433594->-50.53125
PROBE acc tid=8 net=(135,83,214) tile=26 origin=(100,0,102) g=6.4453125 n=0.181884766->6.62890625 c0:y=0.956134558,a=0.169677734->6.33203125 c1:y=6.45194721,a=1.12890625->42.71875 c2:y=-7.4495368,a=-1.30566406->-49.3125
PROBE acc tid=8 net=(135,83,215) tile=26 origin=(100,0,102) g=6.26171875 n=0.163208008->6.42578125 c0:y=1.08211815,a=0.16015625->6.9375 c1:y=6.137712,a=0.969726562->39.40625 c2:y=-7.25878334,a=-1.13574219->-46.59375
PROBE acc tid=8 net=(135,84,212) tile=26 origin=(100,0,102) g=6.9375 n=0.230102539->7.16796875 c0:y=0.65269649,a=0.14831543->4.67578125 c1:y=5.33333492,a=1.1875->38.1875 c2:y=-6.02035522,a=-1.34375->-43.125
PROBE acc tid=8 net=(135,84,213) tile=26 origin=(100,0,102) g=6.765625 n=0.20703125->6.97265625 c0:y=0.775324225,a=0.141601562->5.38671875 c1:y=5.55461979,a=1.09863281->38.6875 c2:y=-6.36560631,a=-1.24707031->-44.3125
PROBE acc tid=8 net=(135,84,214) tile=26 origin=(100,0,102) g=6.5859375 n=0.186035156->6.7734375 c0:y=0.856316805,a=0.154296875->5.79296875 c1:y=6.00620365,a=1.06542969->40.625 c2:y=-6.9013238,a=-1.2265625->-46.6875
PROBE acc tid=8 net=(135,84,215) tile=26 origin=(100,0,102) g=6.40234375 n=0.166992188->6.5703125 c0:y=1.0031786,a=0.148925781->6.5703125 c1:y=6.36501789,a=1.00878906->41.75 c2:y=-7.40931273,a=-1.1640625->-48.59375
PROBE acc tid=8 net=(136,81,212) tile=26 origin=(100,0,102) g=6.125 n=0.197143555->6.3203125 c0:y=0.813375711,a=0.158569336->5.140625 c1:y=5.61557436,a=1.06347656->35.46875 c2:y=-6.46475983,a=-1.22851562->-40.8125
PROBE acc tid=8 net=(136,81,213) tile=26 origin=(100,0,102) g=5.97265625 n=0.176879883->6.1484375 c0:y=0.835731864,a=0.132446289->5.125 c1:y=6.05658293,a=1.04101562->37.21875 c2:y=-6.93078423,a=-1.1796875->-42.5625
PROBE acc tid=8 net=(136,81,214) tile=26 origin=(100,0,102) g=5.8125 n=0.158447266->5.97265625 c0:y=0.827782869,a=0.117553711->4.9296875 c1:y=6.33549213,a=0.973144531->37.8125 c2:y=-7.2031889,a=-1.09667969->-42.96875
PROBE acc tid=8 net=(136,81,215) tile=26 origin=(100,0,102) g=5.6484375 n=0.141845703->5.7890625 c0:y=0.855021477,a=0.104248047->4.93359375 c1:y=6.25834322,a=0.859863281->36.21875 c2:y=-7.15279627,a=-0.969726562->-41.375
PROBE acc tid=8 net=(136,82,212) tile=26 origin=(100,0,102) g=6.28125 n=0.202148438->6.484375 c0:y=0.715287924,a=0.138427734->4.6328125 c1:y=5.91517353,a=1.15527344->38.3125 c2:y=-6.66881227,a=-1.30078125->-43.1875
PROBE acc tid=8 net=(136,82,213) tile=26 origin=(100,0,102) g=6.125 n=0.181396484->6.3046875 c0:y=0.682354569,a=0.110473633->4.2890625 c1:y=6.01875067,a=1.06640625->37.9375 c2:y=-6.74023294,a=-1.18359375->-42.46875
PROBE acc tid=8 net=(136,82,214) tile=26 origin=(100,0,102) g=5.9609375 n=0.162597656->6.125 c0:y=0.626726389,a=0.100097656->3.8359375 c1:y=5.91107512,a=0.931152344->36.15625 c2:y=-6.57615042,a=-1.03710938->-40.25
PROBE acc tid=8 net=(136,82,215) tile=26 origin=(100,0,102) g=5.79296875 n=0.145629883->5.9375 c0:y=0.711583614,a=0.0938720703->4.21484375 c1:y=5.46267796,a=0.773925781->32.40625 c2:y=-6.20903206,a=-0.872558594->-36.84375
PROBE acc tid=8 net=(136,83,212) tile=26 origin=(100,0,102) g=6.4296875 n=0.20703125->6.63671875 c0:y=1.33986926,a=0.346679688->8.9609375 c1:y=4.39551973,a=0.842285156->29.109375 c2:y=-5.77145672,a=-1.19628906->-38.3125
PROBE acc tid=8 net=(136,83,213) tile=26 origin=(100,0,102) g=6.26953125 n=0.185791016->6.45703125 c0:y=1.44637465,a=0.355712891->9.421875 c1:y=4.10200167,a=0.689453125->26.40625 c2:y=-5.58370972,a=-1.05078125->-36.0625
PROBE acc tid=8 net=(136,83,214) tile=26 origin=(100,0,102) g=6.1015625 n=0.166503906->6.26953125 c0:y=2.26465797,a=0.526855469->14.34375 c1:y=3.30854988,a=0.459716797->20.640625 c2:y=-5.60309219,a=-0.990722656->-35.1875
PROBE acc tid=8 net=(136,83,215) tile=26 origin=(100,0,102) g=5.9296875 n=0.149169922->6.078125 c0:y=4.6376791,a=0.712402344->28.21875 c1:y=1.77356386,a=0.238525391->10.7578125 c2:y=-6.42872334,a=-0.953125->-39.0625
PROBE acc tid=8 net=(136,84,212) tile=26 origin=(100,0,102) g=6.5703125 n=0.211669922->6.78125 c0:y=6.62215948,a=1.38476562->44.90625 c1:y=0.225584328,a=0.0563049316->1.53808594 c2:y=-6.85899687,a=-1.44238281->-46.5
PROBE acc tid=8 net=(136,84,213) tile=26 origin=(100,0,102) g=6.40625 n=0.189941406->6.59765625 c0:y=7.32774448,a=1.33398438->48.28125 c1:y=-0.396605849,a=-0.0561828613->-2.59765625 c2:y=-6.93876648,a=-1.27832031->-45.71875
PROBE acc tid=8 net=(136,84,214) tile=26 origin=(100,0,102) g=6.234375 n=0.170288086->6.40625 c0:y=7.88391018,a=1.29296875->50.4375 c1:y=-1.02423906,a=-0.142578125->-6.52734375 c2:y=-6.86561012,a=-1.15039062->-43.96875
PROBE acc tid=8 net=(136,84,215) tile=26 origin=(100,0,102) g=6.05859375 n=0.15234375->6.2109375 c0:y=8.46923637,a=1.20507812->52.53125 c1:y=-1.44460809,a=-0.181762695->-8.9375 c2:y=-7.02930593,a=-1.0234375->-43.625
PROBE acc tid=8 net=(137,81,212) tile=26 origin=(100,0,102) g=5.70703125 n=0.180175781->5.88671875 c0:y=6.58595991,a=1.15722656->38.75 c1:y=0.740627944,a=0.142944336->4.37109375 c2:y=-7.34569597,a=-1.30175781->-43.21875
PROBE acc tid=8 net=(137,81,213) tile=26 origin=(100,0,102) g=5.56640625 n=0.161376953->5.7265625 c0:y=4.67068911,a=0.787109375->26.78125 c1:y=2.29717922,a=0.330322266->13.1171875 c2:y=-7.00131607,a=-1.12207031->-40.09375
PROBE acc tid=8 net=(137,81,214) tile=26 origin=(100,0,102) g=5.41796875 n=0.14440918->5.5625 c0:y=1.45349848,a=0.184448242->8.0625 c1:y=4.74785709,a=0.675292969->26.40625 c2:y=-6.23989725,a=-0.865234375->-34.6875
PROBE acc tid=8 net=(137,81,215) tile=26 origin=(100,0,102) g=5.265625 n=0.12890625->5.39453125 c0:y=0.903097153,a=0.104431152->4.859375 c1:y=5.7695756,a=0.712890625->31.09375 c2:y=-6.70975733,a=-0.821777344->-36.15625
PROBE acc tid=8 net=(137,82,212) tile=26 origin=(100,0,102) g=5.8515625 n=0.184814453->6.03515625 c0:y=6.98798704,a=1.22753906->42.125 c1:y=0.411471158,a=0.105712891->2.51367188 c2:y=-7.42135763,a=-1.33691406->-44.75
PROBE acc tid=8 net=(137,82,213) tile=26 origin=(100,0,102) g=5.70703125 n=0.165649414->5.87109375 c0:y=6.67620277,a=1.04003906->39.15625 c1:y=1.10244739,a=0.202514648->6.49609375 c2:y=-7.80725431,a=-1.24609375->-45.8125
PROBE acc tid=8 net=(137,82,214) tile=26 origin=(100,0,102) g=5.5546875 n=0.148071289->5.703125 c0:y=4.90963459,a=0.720703125->28 c1:y=2.48817873,a=0.35546875->14.1796875 c2:y=-7.43175316,a=-1.08007812->-42.375
PROBE acc tid=8 net=(137,82,215) tile=26 origin=(100,0,102) g=5.3984375 n=0.132324219->5.53125 c0:y=3.18120146,a=0.452880859->17.625 c1:y=3.67173052,a=0.446289062->20.265625 c2:y=-6.88325453,a=-0.90234375->-38.0625
PROBE acc tid=8 net=(137,83,212) tile=26 origin=(100,0,102) g=5.9921875 n=0.189208984->6.1796875 c0:y=7.7319355,a=1.40625->47.75 c1:y=-0.79095602,a=-0.112915039->-4.8515625 c2:y=-6.93824339,a=-1.29199219->-42.875
PROBE acc tid=8 net=(137,83,213) tile=26 origin=(100,0,102) g=5.84375 n=0.169555664->6.01171875 c0:y=7.46692991,a=1.1953125->44.84375 c1:y=-0.188578635,a=-0.00316619873->-1.10546875 c2:y=-7.27910852,a=-1.19238281->-43.71875
PROBE acc tid=8 net=(137,83,214) tile=26 origin=(100,0,102) g=5.6875 n=0.151733398->5.83984375 c0:y=6.89576483,a=1.00585938->40.21875 c1:y=0.374675632,a=0.0708007812->2.20117188 c2:y=-7.27252007,a=-1.07714844->-42.4375
PROBE acc tid=8 net=(137,83,215) tile=26 origin=(100,0,102) g=5.52734375 n=0.135498047->5.6640625 c0:y=6.41167068,a=0.833984375->36.28125 c1:y=0.730893254,a=0.0970458984->4.13671875 c2:y=-7.14011908,a=-0.930664062->-40.40625
PROBE acc tid=8 net=(137,84,212) tile=26 origin=(100,0,102) g=6.125 n=0.193481445->6.3203125 c0:y=7.68126965,a=1.43261719->48.46875 c1:y=-2.08579636,a=-0.393554688->-13.171875 c2:y=-5.5712471,a=-1.03515625->-35.15625
PROBE acc tid=8 net=(137,84,213) tile=26 origin=(100,0,102) g=5.97265625 n=0.173461914->6.14453125 c0:y=7.55130434,a=1.2578125->46.34375 c1:y=-1.654163,a=-0.298828125->-10.1796875 c2:y=-5.87541294,a=-0.955078125->-36.0625
PROBE acc tid=8 net=(137,84,214) tile=26 origin=(100,0,102) g=5.8125 n=0.155151367->5.96875 c0:y=7.42865419,a=1.10742188->44.28125 c1:y=-1.41090894,a=-0.22277832->-8.421875 c2:y=-5.99729872,a=-0.881835938->-35.75
PROBE acc tid=8 net=(137,84,215) tile=26 origin=(100,0,102) g=5.6484375 n=0.138549805->5.78515625 c0:y=7.33387947,a=0.975585938->42.40625 c1:y=-1.20460212,a=-0.18359375->-6.98828125 c2:y=-6.10778522,a=-0.7890625->-35.28125
PROBE acc tid=8 net=(135,81,212) tile=28 origin=(100,33,51) g=0.0322265625 n=6.68359375->6.71484375 c0:y=3.57335496,a=12.5078125->12.625 c1:y=3.05351782,a=29.984375->30.078125 c2:y=-6.63070822,a=-42.59375->-42.8125
PROBE acc tid=8 net=(135,81,213) tile=28 origin=(100,33,51) g=0.0287475586 n=6.5->6.52734375 c0:y=4.67874336,a=26->26.140625 c1:y=2.35755229,a=20.609375->20.671875 c2:y=-7.03351355,a=-46.625->-46.8125
PROBE acc tid=8 net=(135,81,214) tile=28 origin=(100,33,51) g=0.0256195068 n=6.3125->6.33984375 c0:y=5.78900051,a=33.375->33.53125 c1:y=1.62113309,a=13.9765625->14.015625 c2:y=-7.40090609,a=-47.34375->-47.53125
PROBE acc tid=8 net=(135,81,215) tile=28 origin=(100,33,51) g=0.0227813721 n=6.12109375->6.14453125 c0:y=6.40513182,a=40.15625->40.3125 c1:y=0.981265247,a=6.9375->6.9609375 c2:y=-7.37234974,a=-47->-47.15625
PROBE acc tid=8 net=(135,82,212) tile=28 origin=(100,33,51) g=0.0349731445 n=6.8515625->6.88671875 c0:y=1.06239772,a=7.125->7.1640625 c1:y=5.89204454,a=42.59375->42.8125 c2:y=-6.99055433,a=-49.96875->-50.21875
PROBE acc tid=8 net=(135,82,213) tile=28 origin=(100,33,51) g=0.0312194824 n=6.66796875->6.69921875 c0:y=1.23327005,a=8.6796875->8.71875 c1:y=5.62975454,a=39.46875->39.65625 c2:y=-6.89607573,a=-48.375->-48.59375
PROBE acc tid=8 net=(135,82,214) tile=28 origin=(100,33,51) g=0.0278167725 n=6.47265625->6.5 c0:y=1.50182426,a=9.328125->9.3671875 c1:y=5.12391043,a=35.4375->35.59375 c2:y=-6.65355206,a=-44.96875->-45.15625
PROBE acc tid=8 net=(135,82,215) tile=28 origin=(100,33,51) g=0.0247497559 n=6.27734375->6.30078125 c0:y=2.87432981,a=13.328125->13.3984375 c1:y=3.89884162,a=28.140625->28.234375 c2:y=-6.78566837,a=-41.59375->-41.75
PROBE acc tid=8 net=(135,83,212) tile=28 origin=(100,33,51) g=0.0379333496 n=7.015625->7.0546875 c0:y=0.799163699,a=5.63671875->5.66796875 c1:y=6.01724863,a=45.3125->45.53125 c2:y=-6.85512638,a=-51.25->-51.5
PROBE acc tid=8 net=(135,83,213) tile=28 origin=(100,33,51) g=0.0338439941 n=6.82421875->6.859375 c0:y=0.843245268,a=6.23828125->6.265625 c1:y=5.98545218,a=44.03125->44.21875 c2:y=-6.86706352,a=-50.53125->-50.75
PROBE acc tid=8 net=(135,83,214) tile=28 origin=(100,33,51) g=0.030166626 n=6.62890625->6.66015625 c0:y=0.964400887,a=6.33203125->6.359375 c1:y=5.93165159,a=42.71875->42.90625 c2:y=-6.93378162,a=-49.3125->-49.53125
PROBE acc tid=8 net=(135,83,215) tile=28 origin=(100,33,51) g=0.0268249512 n=6.42578125->6.453125 c0:y=0.962310433,a=6.9375->6.96484375 c1:y=5.73060465,a=39.40625->39.5625 c2:y=-6.72925043,a=-46.59375->-46.78125
PROBE acc tid=8 net=(135,84,212) tile=28 origin=(100,33,51) g=0.0410461426 n=7.16796875->7.2109375 c0:y=0.679831982,a=4.67578125->4.703125 c1:y=4.9428277,a=38.1875->38.375 c2:y=-5.65411091,a=-43.125->-43.34375
PROBE acc tid=8 net=(135,84,213) tile=28 origin=(100,33,51) g=0.0366210938 n=6.97265625->7.0078125 c0:y=0.707216501,a=5.38671875->5.4140625 c1:y=5.10808802,a=38.6875->38.875 c2:y=-5.84791899,a=-44.3125->-44.53125
PROBE acc tid=8 net=(135,84,214) tile=28 origin=(100,33,51) g=0.0326538086 n=6.7734375->6.8046875 c0:y=0.852934122,a=5.79296875->5.8203125 c1:y=5.60370159,a=40.625->40.8125 c2:y=-6.49257374,a=-46.6875->-46.90625
PROBE acc tid=8 net=(135,84,215) tile=28 origin=(100,33,51) g=0.0290374756 n=6.5703125->6.59765625 c0:y=0.896674275,a=6.5703125->6.59765625 c1:y=5.99423122,a=41.75->41.9375 c2:y=-6.92962027,a=-48.59375->-48.78125
PROBE acc tid=8 net=(136,81,212) tile=28 origin=(100,33,51) g=0.0305023193 n=6.3203125->6.3515625 c0:y=0.72247088,a=5.140625->5.1640625 c1:y=5.24188662,a=35.46875->35.625 c2:y=-5.99765396,a=-40.8125->-41
PROBE acc tid=8 net=(136,81,213) tile=28 origin=(100,33,51) g=0.0272216797 n=6.1484375->6.17578125 c0:y=0.662821412,a=5.125->5.14453125 c1:y=5.64292336,a=37.21875->37.375 c2:y=-6.34200573,a=-42.5625->-42.75
PROBE acc tid=8 net=(136,81,214) tile=28 origin=(100,33,51) g=0.0242614746 n=5.97265625->5.99609375 c0:y=0.637928486,a=4.9296875->4.9453125 c1:y=5.85422754,a=37.8125->37.96875 c2:y=-6.5298872,a=-42.96875->-43.125
PROBE acc tid=8 net=(136,81,215) tile=28 origin=(100,33,51) g=0.0215759277 n=5.7890625->5.8125 c0:y=0.646807075,a=4.93359375->4.94921875 c1:y=5.81824398,a=36.21875->36.34375 c2:y=-6.50242805,a=-41.375->-41.5
PROBE acc tid=8 net=(136,82,212) tile=28 origin=(100,33,51) g=0.0331115723 n=6.484375->6.515625 c0:y=0.66400671,a=4.6328125->4.65625 c1:y=5.53433561,a=38.3125->38.5 c2:y=-6.23413229,a=-43.1875->-43.40625
PROBE acc tid=8 net=(136,82,213) tile=28 origin=(100,33,51) g=0.0295715332 n=6.3046875->6.3359375 c0:y=0.589330196,a=4.2890625->4.3046875 c1:y=5.66701889,a=37.9375->38.09375 c2:y=-6.2932024,a=-42.46875->-42.65625
PROBE acc tid=8 net=(136,82,214) tile=28 origin=(100,33,51) g=0.0263366699 n=6.125->6.15234375 c0:y=0.603785872,a=3.8359375->3.8515625 c1:y=5.5263834,a=36.15625->36.3125 c2:y=-6.16582012,a=-40.25->-40.40625
PROBE acc tid=8 net=(136,82,215) tile=28 origin=(100,33,51) g=0.0234222412 n=5.9375->5.9609375 c0:y=0.637185693,a=4.21484375->4.23046875 c1:y=5.17048264,a=32.40625->32.53125 c2:y=-5.84055471,a=-36.84375->-36.96875
PROBE acc tid=8 net=(136,83,212) tile=28 origin=(100,33,51) g=0.0359191895 n=6.63671875->6.671875 c0:y=3.16860676,a=8.9609375->9.078125 c1:y=2.91951728,a=29.109375->29.21875 c2:y=-6.1151762,a=-38.3125->-38.53125
PROBE acc tid=8 net=(136,83,213) tile=28 origin=(100,33,51) g=0.032043457 n=6.45703125->6.48828125 c0:y=3.49762368,a=9.421875->9.53125 c1:y=2.47863793,a=26.40625->26.484375 c2:y=-6.00013351,a=-36.0625->-36.25
PROBE acc tid=8 net=(136,83,214) tile=28 origin=(100,33,51) g=0.0285491943 n=6.26953125->6.296875 c0:y=4.39218616,a=14.34375->14.46875 c1:y=1.784935,a=20.640625->20.6875 c2:y=-6.19374752,a=-35.1875->-35.375
PROBE acc tid=8 net=(136,83,215) tile=28 origin=(100,33,51) g=0.025390625 n=6.078125->6.1015625 c0:y=5.41110849,a=28.21875->28.359375 c1:y=1.04485703,a=10.7578125->10.78125 c2:y=-6.46516037,a=-39.0625->-39.21875
PROBE acc tid=8 net=(136,84,212) tile=28 origin=(100,33,51) g=0.038848877 n=6.78125->6.8203125 c0:y=7.02044439,a=44.90625->45.1875 c1:y=-0.310055733,a=1.53808594->1.52636719 c2:y=-6.71305132,a=-46.5->-46.75
PROBE acc tid=8 net=(136,84,213) tile=28 origin=(100,33,51) g=0.0346984863 n=6.59765625->6.6328125 c0:y=7.53774166,a=48.28125->48.53125 c1:y=-0.874192894,a=-2.59765625->-2.62890625 c2:y=-6.6640892,a=-45.71875->-45.9375
PROBE acc tid=8 net=(136,84,214) tile=28 origin=(100,33,51) g=0.0308990479 n=6.40625->6.4375 c0:y=8.02817059,a=50.4375->50.6875 c1:y=-1.30150604,a=-6.52734375->-6.56640625 c2:y=-6.72610521,a=-43.96875->-44.1875
PROBE acc tid=8 net=(136,84,215) tile=28 origin=(100,33,51) g=0.0274810791 n=6.2109375->6.23828125 c0:y=8.26248264,a=52.53125->52.75 c1:y=-1.533499,a=-8.9375->-8.9765625 c2:y=-6.72968149,a=-43.625->-43.8125
PROBE acc tid=8 net=(137,81,212) tile=28 origin=(100,33,51) g=0.028427124 n=5.88671875->5.9140625 c0:y=6.77268505,a=38.75->38.9375 c1:y=0.399003923,a=4.37109375->4.3828125 c2:y=-7.18268156,a=-43.21875->-43.4375
PROBE acc tid=8 net=(137,81,213) tile=28 origin=(100,33,51) g=0.0253753662 n=5.7265625->5.75 c0:y=5.91781473,a=26.78125->26.9375 c1:y=1.27182996,a=13.1171875->13.1484375 c2:y=-7.21309948,a=-40.09375->-40.28125
PROBE acc tid=8 net=(137,81,214) tile=28 origin=(100,33,51) g=0.0226135254 n=5.5625->5.5859375 c0:y=2.4118104,a=8.0625->8.1171875 c1:y=3.83394217,a=26.40625->26.5 c2:y=-6.28246689,a=-34.6875->-34.84375
PROBE acc tid=8 net=(137,81,215) tile=28 origin=(100,33,51) g=0.020111084 n=5.39453125->5.4140625 c0:y=0.822208881,a=4.859375->4.875 c1:y=5.34355593,a=31.09375->31.203125 c2:y=-6.19996262,a=-36.15625->-36.28125
PROBE acc tid=8 net=(137,82,212) tile=28 origin=(100,33,51) g=0.0308685303 n=6.03515625->6.06640625 c0:y=7.15230131,a=42.125->42.34375 c1:y=-0.00432682037,a=2.51367188->2.51367188 c2:y=-7.16243172,a=-44.75->-44.96875
PROBE acc tid=8 net=(137,82,213) tile=28 origin=(100,33,51) g=0.027557373 n=5.87109375->5.8984375 c0:y=6.96868849,a=39.15625->39.34375 c1:y=0.588475466,a=6.49609375->6.51171875 c2:y=-7.57905722,a=-45.8125->-46.03125
PROBE acc tid=8 net=(137,82,214) tile=28 origin=(100,33,51) g=0.0245513916 n=5.703125->5.7265625 c0:y=6.04940462,a=28->28.15625 c1:y=1.54810321,a=14.1796875->14.21875 c2:y=-7.62142706,a=-42.375->-42.5625
PROBE acc tid=8 net=(137,82,215) tile=28 origin=(100,33,51) g=0.0218353271 n=5.53125->5.5546875 c0:y=4.56580067,a=17.625->17.71875 c1:y=2.59375215,a=20.265625->20.328125 c2:y=-7.18094873,a=-38.0625->-38.21875
PROBE acc tid=8 net=(137,83,212) tile=28 origin=(100,33,51) g=0.0334777832 n=6.1796875->6.21484375 c0:y=7.75265884,a=47.75->48 c1:y=-1.09983921,a=-4.8515625->-4.88671875 c2:y=-6.64140749,a=-42.875->-43.09375
PROBE acc tid=8 net=(137,83,213) tile=28 origin=(100,33,51) g=0.029876709 n=6.01171875->6.04296875 c0:y=7.41831636,a=44.84375->45.0625 c1:y=-0.535226166,a=-1.10546875->-1.12109375 c2:y=-6.87566423,a=-43.71875->-43.9375
PROBE acc tid=8 net=(137,83,214) tile=28 origin=(100,33,51) g=0.0266113281 n=5.83984375->5.8671875 c0:y=7.03891706,a=40.21875->40.40625 c1:y=-0.0323265269,a=2.20117188->2.20117188 c2:y=-7.00011158,a=-42.4375->-42.625
PROBE acc tid=8 net=(137,83,215) tile=28 origin=(100,33,51) g=0.0236663818 n=5.6640625->5.6875 c0:y=6.6060257,a=36.28125->36.4375 c1:y=0.210869163,a=4.13671875->4.140625 c2:y=-6.80862665,a=-40.40625->-40.5625
PROBE acc tid=8 net=(137,84,212) tile=28 origin=(100,33,51) g=0.0362243652 n=6.3203125->6.35546875 c0:y=7.68446922,a=48.46875->48.75 c1:y=-2.71549678,a=-13.171875->-13.2734375 c2:y=-4.94179773,a=-35.15625->-35.34375
PROBE acc tid=8 net=(137,84,213) tile=28 origin=(100,33,51) g=0.0323181152 n=6.14453125->6.17578125 c0:y=7.53341103,a=46.34375->46.59375 c1:y=-2.33614779,a=-10.1796875->-10.2578125 c2:y=-5.17240238,a=-36.0625->-36.21875
PROBE acc tid=8 net=(137,84,214) tile=28 origin=(100,33,51) g=0.0288085938 n=5.96875->5.99609375 c0:y=7.46642494,a=44.28125->44.5 c1:y=-1.97801566,a=-8.421875->-8.4765625 c2:y=-5.4644928,a=-35.75->-35.90625
PROBE acc tid=8 net=(137,84,215) tile=28 origin=(100,33,51) g=0.0256195068 n=5.78515625->5.8125 c0:y=7.43293095,a=42.40625->42.59375 c1:y=-1.76943851,a=-6.98828125->-7.03515625 c2:y=-5.63925457,a=-35.28125->-35.4375
PROBE acc tid=8 net=(135,81,212) tile=29 origin=(100,33,102) g=1.06445312 n=6.71484375->7.78125 c0:y=2.59234977,a=12.625->15.3828125 c1:y=3.80986428,a=30.078125->34.125 c2:y=-6.41322708,a=-42.8125->-49.625
PROBE acc tid=8 net=(135,81,213) tile=29 origin=(100,33,102) g=1.03808594 n=6.52734375->7.56640625 c0:y=4.4136734,a=26.140625->30.71875 c1:y=2.72566915,a=20.671875->23.5 c2:y=-7.13997459,a=-46.8125->-54.21875
PROBE acc tid=8 net=(135,81,214) tile=29 origin=(100,33,102) g=1.00976562 n=6.33984375->7.3515625 c0:y=5.55340195,a=33.53125->39.125 c1:y=1.93081427,a=14.015625->15.96875 c2:y=-7.47762632,a=-47.53125->-55.09375
PROBE acc tid=8 net=(135,81,215) tile=29 origin=(100,33,102) g=0.981445312 n=6.14453125->7.125 c0:y=6.55885649,a=40.3125->46.75 c1:y=1.07120466,a=6.9609375->8.015625 c2:y=-7.61658335,a=-47.15625->-54.625
PROBE acc tid=8 net=(135,82,212) tile=29 origin=(100,33,102) g=1.15527344 n=6.88671875->8.0390625 c0:y=1.05333817,a=7.1640625->8.3828125 c1:y=6.2312007,a=42.8125->50 c2:y=-7.32311916,a=-50.21875->-58.6875
PROBE acc tid=8 net=(135,82,213) tile=29 origin=(100,33,102) g=1.12695312 n=6.69921875->7.828125 c0:y=1.32442117,a=8.71875->10.2109375 c1:y=5.93180704,a=39.65625->46.34375 c2:y=-7.29121208,a=-48.59375->-56.8125
PROBE acc tid=8 net=(135,82,214) tile=29 origin=(100,33,102) g=1.09667969 n=6.5->7.59765625 c0:y=1.47670507,a=9.3671875->10.984375 c1:y=5.48262882,a=35.59375->41.59375 c2:y=-6.9899435,a=-45.15625->-52.8125
PROBE acc tid=8 net=(135,82,215) tile=29 origin=(100,33,102) g=1.06640625 n=6.30078125->7.3671875 c0:y=2.35822725,a=13.3984375->15.9140625 c1:y=4.42342854,a=28.234375->32.9375 c2:y=-6.79905176,a=-41.75->-49
PROBE acc tid=8 net=(135,83,212) tile=29 origin=(100,33,102) g=1.25292969 n=7.0546875->8.3046875 c0:y=0.835740328,a=5.66796875->6.71484375 c1:y=6.38268852,a=45.53125->53.53125 c2:y=-7.25944519,a=-51.5->-60.59375
PROBE acc tid=8 net=(135,83,213) tile=29 origin=(100,33,102) g=1.22167969 n=6.859375->8.078125 c0:y=0.950387001,a=6.265625->7.42578125 c1:y=6.33673954,a=44.21875->51.96875 c2:y=-7.32762432,a=-50.75->-59.6875
PROBE acc tid=8 net=(135,83,214) tile=29 origin=(100,33,102) g=1.18945312 n=6.66015625->7.8515625 c0:y=0.965032101,a=6.359375->7.5078125 c1:y=6.33053207,a=42.90625->50.4375 c2:y=-7.33610582,a=-49.53125->-58.25
PROBE acc tid=8 net=(135,83,215) tile=29 origin=(100,33,102) g=1.15527344 n=6.453125->7.609375 c0:y=1.05827284,a=6.96484375->8.1875 c1:y=6.04554415,a=39.5625->46.53125 c2:y=-7.1421361,a=-46.78125->-55.03125
PROBE acc tid=8 net=(135,84,212) tile=29 origin=(100,33,102) g=1.35546875 n=7.2109375->8.5625 c0:y=0.701296568,a=4.703125->5.65234375 c1:y=5.3123126,a=38.375->45.5625 c2:y=-6.04768324,a=-43.34375->-51.53125
PROBE acc tid=8 net=(135,84,213) tile=29 origin=(100,33,102) g=1.32226562 n=7.0078125->8.328125 c0:y=0.818406701,a=5.4140625->6.49609375 c1:y=5.51382208,a=38.875->46.15625 c2:y=-6.36749554,a=-44.53125->-52.9375
PROBE acc tid=8 net=(135,84,214) tile=29 origin=(100,33,102) g=1.28710938 n=6.8046875->8.09375 c0:y=0.89329803,a=5.8203125->6.96875 c1:y=6.01235056,a=40.8125->48.5625 c2:y=-6.94440985,a=-46.90625->-55.84375
PROBE acc tid=8 net=(135,84,215) tile=29 origin=(100,33,102) g=1.25097656 n=6.59765625->7.84765625 c0:y=1.03507829,a=6.59765625->7.890625 c1:y=6.42769003,a=41.9375->49.96875 c2:y=-7.50426245,a=-48.78125->-58.15625
PROBE acc tid=8 net=(136,81,212) tile=29 origin=(100,33,102) g=1.0078125 n=6.3515625->7.359375 c0:y=0.775430679,a=5.1640625->5.9453125 c1:y=5.57533836,a=35.625->41.25 c2:y=-6.38637543,a=-41->-47.4375
PROBE acc tid=8 net=(136,81,213) tile=29 origin=(100,33,102) g=0.982421875 n=6.17578125->7.15625 c0:y=0.784988284,a=5.14453125->5.9140625 c1:y=5.98894596,a=37.375->43.25 c2:y=-6.81217051,a=-42.75->-49.4375
PROBE acc tid=8 net=(136,81,214) tile=29 origin=(100,33,102) g=0.956542969 n=5.99609375->6.953125 c0:y=0.757063508,a=4.9453125->5.66796875 c1:y=6.25587893,a=37.96875->43.9375 c2:y=-7.0526576,a=-43.125->-49.875
PROBE acc tid=8 net=(136,81,215) tile=29 origin=(100,33,102) g=0.929199219 n=5.8125->6.7421875 c0:y=0.77807641,a=4.94921875->5.671875 c1:y=6.16593456,a=36.34375->42.0625 c2:y=-6.98317289,a=-41.5->-48
PROBE acc tid=8 net=(136,82,212) tile=29 origin=(100,33,102) g=1.09375 n=6.515625->7.609375 c0:y=0.709409952,a=4.65625->5.43359375 c1:y=5.88515186,a=38.5->44.9375 c2:y=-6.63280201,a=-43.40625->-50.65625
PROBE acc tid=8 net=(136,82,213) tile=29 origin=(100,33,102) g=1.06640625 n=6.3359375->7.40234375 c0:y=0.695062995,a=4.3046875->5.046875 c1:y=6.0166769,a=38.09375->44.5 c2:y=-6.75085783,a=-42.65625->-49.84375
PROBE acc tid=8 net=(136,82,214) tile=29 origin=(100,33,102) g=1.03808594 n=6.15234375->7.19140625 c0:y=0.641006112,a=3.8515625->4.515625 c1:y=5.91995287,a=36.3125->42.46875 c2:y=-6.59935427,a=-40.40625->-47.25
PROBE acc tid=8 net=(136,82,215) tile=29 origin=(100,33,102) g=1.00878906 n=5.9609375->6.96875 c0:y=0.723433256,a=4.23046875->4.9609375 c1:y=5.4881978,a=32.53125->38.0625 c2:y=-6.24655628,a=-36.96875->-43.28125
PROBE acc tid=8 net=(136,83,212) tile=29 origin=(100,33,102) g=1.18652344 n=6.671875->7.859375 c0:y=1.71128881,a=9.078125->11.109375 c1:y=3.94657254,a=29.21875->33.90625 c2:y=-5.69342279,a=-38.53125->-45.28125
PROBE acc tid=8 net=(136,83,213) tile=29 origin=(100,33,102) g=1.15625 n=6.48828125->7.64453125 c0:y=2.19286942,a=9.53125->12.0703125 c1:y=3.48391175,a=26.484375->30.515625 c2:y=-5.70886564,a=-36.25->-42.84375
PROBE acc tid=8 net=(136,83,214) tile=29 origin=(100,33,102) g=1.12597656 n=6.296875->7.421875 c0:y=2.73072338,a=14.46875->17.546875 c1:y=2.87943101,a=20.6875->23.921875 c2:y=-5.63641739,a=-35.375->-41.71875
PROBE acc tid=8 net=(136,83,215) tile=29 origin=(100,33,102) g=1.09375 n=6.1015625->7.1953125 c0:y=4.58013868,a=28.359375->33.375 c1:y=1.6843226,a=10.78125->12.625 c2:y=-6.27965069,a=-39.21875->-46.09375
PROBE acc tid=8 net=(136,84,212) tile=29 origin=(100,33,102) g=1.28320312 n=6.8203125->8.1015625 c0:y=6.89831209,a=45.1875->54.03125 c1:y=-0.126853585,a=1.52636719->1.36328125 c2:y=-6.78035164,a=-46.75->-55.4375
PROBE acc tid=8 net=(136,84,213) tile=29 origin=(100,33,102) g=1.25195312 n=6.6328125->7.8828125 c0:y=7.52975082,a=48.53125->57.96875 c1:y=-0.688694179,a=-2.62890625->-3.49023438 c2:y=-6.84729338,a=-45.9375->-54.5
PROBE acc tid=8 net=(136,84,214) tile=29 origin=(100,33,102) g=1.21875 n=6.4375->7.65625 c0:y=8.01945686,a=50.6875->60.46875 c1:y=-1.22502387,a=-6.56640625->-8.0625 c2:y=-6.8000865,a=-44.1875->-52.46875
PROBE acc tid=8 net=(136,84,215) tile=29 origin=(100,33,102) g=1.18359375 n=6.23828125->7.421875 c0:y=8.50897408,a=52.75->62.8125 c1:y=-1.53069437,a=-8.9765625->-10.7890625 c2:y=-6.98382139,a=-43.8125->-52.09375
PROBE acc tid=8 net=(137,81,212) tile=29 origin=(100,33,102) g=0.938964844 n=5.9140625->6.8515625 c0:y=6.63272476,a=38.9375->45.15625 c1:y=0.644473791,a=4.3828125->4.98828125 c2:y=-7.29521608,a=-43.4375->-50.28125
PROBE acc tid=8 net=(137,81,213) tile=29 origin=(100,33,102) g=0.915527344 n=5.75->6.6640625 c0:y=5.01895142,a=26.9375->31.53125 c1:y=2.07141066,a=13.1484375->15.046875 c2:y=-7.12273407,a=-40.28125->-46.8125
PROBE acc tid=8 net=(137,81,214) tile=29 origin=(100,33,102) g=0.891601562 n=5.5859375->6.4765625 c0:y=1.48543584,a=8.1171875->9.4453125 c1:y=4.75304604,a=26.5->30.734375 c2:y=-6.27708817,a=-34.84375->-40.4375
PROBE acc tid=8 net=(137,81,215) tile=29 origin=(100,33,102) g=0.866210938 n=5.4140625->6.28125 c0:y=0.937905908,a=4.875->5.6875 c1:y=5.81469345,a=31.203125->36.25 c2:y=-6.78994036,a=-36.28125->-42.15625
PROBE acc tid=8 net=(137,82,212) tile=29 origin=(100,33,102) g=1.01953125 n=6.06640625->7.0859375 c0:y=7.2151413,a=42.34375->49.6875 c1:y=0.128650993,a=2.51367188->2.64453125 c2:y=-7.36486721,a=-44.96875->-52.46875
PROBE acc tid=8 net=(137,82,213) tile=29 origin=(100,33,102) g=0.994628906 n=5.8984375->6.89453125 c0:y=7.00616026,a=39.34375->46.3125 c1:y=0.825428665,a=6.51171875->7.33203125 c2:y=-7.85961771,a=-46.03125->-53.84375
PROBE acc tid=8 net=(137,82,214) tile=29 origin=(100,33,102) g=0.968261719 n=5.7265625->6.6953125 c0:y=5.18681812,a=28.15625->33.1875 c1:y=2.2918117,a=14.21875->16.4375 c2:y=-7.51200342,a=-42.5625->-49.84375
PROBE acc tid=8 net=(137,82,215) tile=29 origin=(100,33,102) g=0.940917969 n=5.5546875->6.49609375 c0:y=3.42344069,a=17.71875->20.9375 c1:y=3.52918887,a=20.328125->23.65625 c2:y=-6.98200512,a=-38.21875->-44.78125
PROBE acc tid=8 net=(137,83,212) tile=29 origin=(100,33,102) g=1.10546875 n=6.21484375->7.3203125 c0:y=7.78199291,a=48->56.59375 c1:y=-1.06395149,a=-4.88671875->-6.0625 c2:y=-6.71130705,a=-43.09375->-50.5
PROBE acc tid=8 net=(137,83,213) tile=29 origin=(100,33,102) g=1.078125 n=6.04296875->7.12109375 c0:y=7.53497839,a=45.0625->53.1875 c1:y=-0.442217737,a=-1.12109375->-1.59765625 c2:y=-7.08998537,a=-43.9375->-51.59375
PROBE acc tid=8 net=(137,83,214) tile=29 origin=(100,33,102) g=1.04980469 n=5.8671875->6.91796875 c0:y=6.98719692,a=40.40625->47.75 c1:y=0.127052635,a=2.20117188->2.33398438 c2:y=-7.11339951,a=-42.625->-50.09375
PROBE acc tid=8 net=(137,83,215) tile=29 origin=(100,33,102) g=1.01953125 n=5.6875->6.70703125 c0:y=6.57011461,a=36.4375->43.125 c1:y=0.449637741,a=4.140625->4.59765625 c2:y=-7.01515245,a=-40.5625->-47.71875
PROBE acc tid=8 net=(137,84,212) tile=29 origin=(100,33,102) g=1.19628906 n=6.35546875->7.55078125 c0:y=7.73244286,a=48.75->58 c1:y=-2.66868162,a=-13.2734375->-16.46875 c2:y=-5.03657103,a=-35.34375->-41.375
PROBE acc tid=8 net=(137,84,213) tile=29 origin=(100,33,102) g=1.16699219 n=6.17578125->7.34375 c0:y=7.60018539,a=46.59375->55.46875 c1:y=-2.16026592,a=-10.2578125->-12.78125 c2:y=-5.41567516,a=-36.21875->-42.53125
PROBE acc tid=8 net=(137,84,214) tile=29 origin=(100,33,102) g=1.13574219 n=5.99609375->7.1328125 c0:y=7.47167873,a=44.5->53 c1:y=-1.83884418,a=-8.4765625->-10.5625 c2:y=-5.61031532,a=-35.90625->-42.28125
PROBE acc tid=8 net=(137,84,215) tile=29 origin=(100,33,102) g=1.10351562 n=5.8125->6.9140625 c0:y=7.44058895,a=42.59375->50.8125 c1:y=-1.56158102,a=-7.03515625->-8.7578125 c2:y=-5.85575056,a=-35.4375->-41.90625
PROBE final tid=8 net=(135,81,212) n=7.78125 c0=1.9765625 c1=4.38671875 c2=-6.37890625
PROBE final tid=8 net=(135,81,213) n=7.56640625 c0=4.05859375 c1=3.10546875 c2=-7.1640625
PROBE final tid=8 net=(135,81,214) n=7.3515625 c0=5.3203125 c1=2.171875 c2=-7.49609375
PROBE final tid=8 net=(135,81,215) n=7.125 c0=6.5625 c1=1.125 c2=-7.66796875
PROBE final tid=8 net=(135,82,212) n=8.0390625 c0=1.04296875 c1=6.21875 c2=-7.30078125
PROBE final tid=8 net=(135,82,213) n=7.828125 c0=1.3046875 c1=5.921875 c2=-7.2578125
PROBE final tid=8 net=(135,82,214) n=7.59765625 c0=1.4453125 c1=5.47265625 c2=-6.94921875
PROBE final tid=8 net=(135,82,215) n=7.3671875 c0=2.16015625 c1=4.47265625 c2=-6.65234375
PROBE final tid=8 net=(135,83,212) n=8.3046875 c0=0.80859375 c1=6.4453125 c2=-7.296875
PROBE final tid=8 net=(135,83,213) n=8.078125 c0=0.919433594 c1=6.43359375 c2=-7.390625
PROBE final tid=8 net=(135,83,214) n=7.8515625 c0=0.956054688 c1=6.42578125 c2=-7.41796875
PROBE final tid=8 net=(135,83,215) n=7.609375 c0=1.07617188 c1=6.11328125 c2=-7.23046875
PROBE final tid=8 net=(135,84,212) n=8.5625 c0=0.66015625 c1=5.3203125 c2=-6.01953125
PROBE final tid=8 net=(135,84,213) n=8.328125 c0=0.779785156 c1=5.54296875 c2=-6.35546875
PROBE final tid=8 net=(135,84,214) n=8.09375 c0=0.860839844 c1=6 c2=-6.8984375
PROBE final tid=8 net=(135,84,215) n=7.84765625 c0=1.00585938 c1=6.3671875 c2=-7.41015625
PROBE final tid=8 net=(136,81,212) n=7.359375 c0=0.807617188 c1=5.60546875 c2=-6.4453125
PROBE final tid=8 net=(136,81,213) n=7.15625 c0=0.826660156 c1=6.04296875 c2=-6.91015625
PROBE final tid=8 net=(136,81,214) n=6.953125 c0=0.814941406 c1=6.3203125 c2=-7.171875
PROBE final tid=8 net=(136,81,215) n=6.7421875 c0=0.841308594 c1=6.23828125 c2=-7.12109375
PROBE final tid=8 net=(136,82,212) n=7.609375 c0=0.713867188 c1=5.90625 c2=-6.65625
PROBE final tid=8 net=(136,82,213) n=7.40234375 c0=0.681640625 c1=6.01171875 c2=-6.734375
PROBE final tid=8 net=(136,82,214) n=7.19140625 c0=0.627929688 c1=5.90625 c2=-6.5703125
PROBE final tid=8 net=(136,82,215) n=6.96875 c0=0.711914062 c1=5.4609375 c2=-6.2109375
PROBE final tid=8 net=(136,83,212) n=7.859375 c0=1.41308594 c1=4.3125 c2=-5.76171875
PROBE final tid=8 net=(136,83,213) n=7.64453125 c0=1.57910156 c1=3.9921875 c2=-5.60546875
PROBE final tid=8 net=(136,83,214) n=7.421875 c0=2.36328125 c1=3.22265625 c2=-5.62109375
PROBE final tid=8 net=(136,83,215) n=7.1953125 c0=4.63671875 c1=1.75488281 c2=-6.40625
PROBE final tid=8 net=(136,84,212) n=8.1015625 c0=6.66796875 c1=0.168212891 c2=-6.84375
PROBE final tid=8 net=(136,84,213) n=7.8828125 c0=7.35546875 c1=-0.442871094 c2=-6.9140625
PROBE final tid=8 net=(136,84,214) n=7.65625 c0=7.8984375 c1=-1.05273438 c2=-6.8515625
PROBE final tid=8 net=(136,84,215) n=7.421875 c0=8.4609375 c1=-1.45410156 c2=-7.01953125
PROBE final tid=8 net=(137,81,212) n=6.8515625 c0=6.58984375 c1=0.728027344 c2=-7.33984375
PROBE final tid=8 net=(137,81,213) n=6.6640625 c0=4.73046875 c1=2.2578125 c2=-7.0234375
PROBE final tid=8 net=(137,81,214) n=6.4765625 c0=1.45800781 c1=4.74609375 c2=-6.2421875
PROBE final tid=8 net=(137,81,215) n=6.28125 c0=0.905273438 c1=5.76953125 c2=-6.7109375
PROBE final tid=8 net=(137,82,212) n=7.0859375 c0=7.01171875 c1=0.373291016 c2=-7.40625
PROBE final tid=8 net=(137,82,213) n=6.89453125 c0=6.71875 c1=1.06347656 c2=-7.80859375
PROBE final tid=8 net=(137,82,214) n=6.6953125 c0=4.95703125 c1=2.45507812 c2=-7.4453125
PROBE final tid=8 net=(137,82,215) n=6.49609375 c0=3.22265625 c1=3.64257812 c2=-6.89453125
PROBE final tid=8 net=(137,83,212) n=7.3203125 c0=7.73046875 c1=-0.828125 c2=-6.8984375
PROBE final tid=8 net=(137,83,213) n=7.12109375 c0=7.46875 c1=-0.224365234 c2=-7.24609375
PROBE final tid=8 net=(137,83,214) n=6.91796875 c0=6.90234375 c1=0.337402344 c2=-7.2421875
PROBE final tid=8 net=(137,83,215) n=6.70703125 c0=6.4296875 c1=0.685546875 c2=-7.11328125
PROBE final tid=8 net=(137,84,212) n=7.55078125 c0=7.6796875 c1=-2.18164062 c2=-5.48046875
PROBE final tid=8 net=(137,84,213) n=7.34375 c0=7.5546875 c1=-1.74023438 c2=-5.79296875
PROBE final tid=8 net=(137,84,214) n=7.1328125 c0=7.4296875 c1=-1.48046875 c2=-5.92578125
PROBE final tid=8 net=(137,84,215) n=6.9140625 c0=7.34765625 c1=-1.26660156 c2=-6.0625
PROBE crop tid=8 crop=(205,97,251) resampled=1 c0=3.42382812 c1=3.42382812 c2=-6.87890625
COMPARE paper_jiim/paper_benchmarks/data/browser/desk_chrome_wasm_20/ircad12__liver_vessels_all.u8: differing voxels 0 of 68157440
COMPARE data/bench_refs/ts218_cpu/ircad12__liver_vessels_all.npy: differing voxels 1 of 68157440
