model 298 loaded (total6mm_298.tsw)
model 8 loaded (liver_vessels_8.tsw)
version tsc 0.4 (TotalSegmentator 2.13/2.18 tasks + portal/hepatic split + custom models, C++/WASM), threads 24, task liver_vessels, roi -
PROBE begin tid=298 net=(39,60,60) padded=(64,64,64) pad_lo=(12,2,2) crop=(39,60,60) lo=(0,0,0) tiles=1 probes net=0 crop=0
PROBE begin tid=8 net=(152,325,394) padded=(152,325,394) pad_lo=(0,0,0) crop=(326,368,446) lo=(0,0,0) tiles=48 probes net=48 crop=1
PROBE acc tid=8 net=(50,229,100) tile=4 origin=(0,66,0) g=0.0159301758 n=0->0.0159301758 c0:y=2.74048924,a=0->0.0436706543 c1:y=-5.71358633,a=0->-0.091003418 c2:y=2.97266603,a=0->0.0473632812
PROBE acc tid=8 net=(50,229,101) tile=4 origin=(0,66,0) g=0.0158081055 n=0->0.0158081055 c0:y=3.4770565,a=0->0.0549621582 c1:y=-5.77831936,a=0->-0.0913696289 c2:y=2.31436229,a=0->0.0365905762
PROBE acc tid=8 net=(50,229,102) tile=4 origin=(0,66,0) g=0.0156555176 n=0->0.0156555176 c0:y=4.22738409,a=0->0.0661621094 c1:y=-5.92442608,a=0->-0.0927734375 c2:y=1.71560073,a=0->0.0268554688
PROBE acc tid=8 net=(50,229,103) tile=4 origin=(0,66,0) g=0.0154876709 n=0->0.0154876709 c0:y=4.4588356,a=0->0.0690307617 c1:y=-5.91966343,a=0->-0.0916748047 c2:y=1.48120522,a=0->0.02293396
PROBE acc tid=8 net=(50,230,100) tile=4 origin=(0,66,0) g=0.014175415 n=0->0.014175415 c0:y=1.17019963,a=0->0.0165863037 c1:y=-5.76702166,a=0->-0.0817260742 c2:y=4.57163763,a=0->0.0648193359
PROBE acc tid=8 net=(50,230,101) tile=4 origin=(0,66,0) g=0.0140609741 n=0->0.0140609741 c0:y=1.50161123,a=0->0.0211181641 c1:y=-5.64072609,a=0->-0.079284668 c2:y=4.11580801,a=0->0.0578613281
PROBE acc tid=8 net=(50,230,102) tile=4 origin=(0,66,0) g=0.0139312744 n=0->0.0139312744 c0:y=2.19588351,a=0->0.0305938721 c1:y=-5.66872501,a=0->-0.0789794922 c2:y=3.46159291,a=0->0.0482177734
PROBE acc tid=8 net=(50,230,103) tile=4 origin=(0,66,0) g=0.0137710571 n=0->0.0137710571 c0:y=2.65949941,a=0->0.0366210938 c1:y=-5.7280612,a=0->-0.0788574219 c2:y=3.06711149,a=0->0.0422363281
PROBE acc tid=8 net=(50,231,100) tile=4 origin=(0,66,0) g=0.0125808716 n=0->0.0125808716 c0:y=0.955302477,a=0->0.0120162964 c1:y=-6.20263672,a=0->-0.0780639648 c2:y=5.23075438,a=0->0.0657958984
PROBE acc tid=8 net=(50,231,101) tile=4 origin=(0,66,0) g=0.0124893188 n=0->0.0124893188 c0:y=1.12014222,a=0->0.0139923096 c1:y=-6.05186701,a=0->-0.0755615234 c2:y=4.90961027,a=0->0.0613098145
PROBE acc tid=8 net=(50,231,102) tile=4 origin=(0,66,0) g=0.0123672485 n=0->0.0123672485 c0:y=1.23816621,a=0->0.0153121948 c1:y=-5.89298058,a=0->-0.0728759766 c2:y=4.62842417,a=0->0.0572509766
PROBE acc tid=8 net=(50,231,103) tile=4 origin=(0,66,0) g=0.0122299194 n=0->0.0122299194 c0:y=1.31733751,a=0->0.0161132812 c1:y=-5.84583998,a=0->-0.071472168 c2:y=4.49960041,a=0->0.0550231934
PROBE acc tid=8 net=(50,232,100) tile=4 origin=(0,66,0) g=0.0111541748 n=0->0.0111541748 c0:y=0.725951076,a=0->0.0080947876 c1:y=-6.67156792,a=0->-0.0744018555 c2:y=5.94252825,a=0->0.0662841797
PROBE acc tid=8 net=(50,232,101) tile=4 origin=(0,66,0) g=0.0110626221 n=0->0.0110626221 c0:y=0.8906883,a=0->0.00984954834 c1:y=-6.56186867,a=0->-0.0725708008 c2:y=5.66015625,a=0->0.0626220703
PROBE acc tid=8 net=(50,232,102) tile=4 origin=(0,66,0) g=0.0109634399 n=0->0.0109634399 c0:y=1.03734851,a=0->0.0113754272 c1:y=-6.37385464,a=0->-0.0698852539 c2:y=5.31771803,a=0->0.0582885742
PROBE acc tid=8 net=(50,232,103) tile=4 origin=(0,66,0) g=0.0108413696 n=0->0.0108413696 c0:y=1.20030344,a=0->0.0130157471 c1:y=-6.31424904,a=0->-0.0684814453 c2:y=5.08956051,a=0->0.0551757812
PROBE acc tid=8 net=(51,229,100) tile=4 origin=(0,66,0) g=0.011932373 n=0->0.011932373 c0:y=3.85718322,a=0->0.0460205078 c1:y=-6.03151846,a=0->-0.0719604492 c2:y=2.18792653,a=0->0.0261077881
PROBE acc tid=8 net=(51,229,101) tile=4 origin=(0,66,0) g=0.0118408203 n=0->0.0118408203 c0:y=4.17881966,a=0->0.0494689941 c1:y=-6.06193399,a=0->-0.0717773438 c2:y=1.89928627,a=0->0.0224914551
PROBE acc tid=8 net=(51,229,102) tile=4 origin=(0,66,0) g=0.0117263794 n=0->0.0117263794 c0:y=4.27779245,a=0->0.0501708984 c1:y=-6.08951426,a=0->-0.0714111328 c2:y=1.82486296,a=0->0.0213928223
PROBE acc tid=8 net=(51,229,103) tile=4 origin=(0,66,0) g=0.0115966797 n=0->0.0115966797 c0:y=4.43654633,a=0->0.0514526367 c1:y=-6.12206125,a=0->-0.0709838867 c2:y=1.6964047,a=0->0.0196685791
PROBE acc tid=8 net=(51,230,100) tile=4 origin=(0,66,0) g=0.0106124878 n=0->0.0106124878 c0:y=2.00197649,a=0->0.0212402344 c1:y=-6.11478519,a=0->-0.0648803711 c2:y=4.09494257,a=0->0.0434570312
PROBE acc tid=8 net=(51,230,101) tile=4 origin=(0,66,0) g=0.0105285645 n=0->0.0105285645 c0:y=2.23364782,a=0->0.0235137939 c1:y=-6.06440401,a=0->-0.0638427734 c2:y=3.81762075,a=0->0.0401916504
PROBE acc tid=8 net=(51,230,102) tile=4 origin=(0,66,0) g=0.0104293823 n=0->0.0104293823 c0:y=2.44109201,a=0->0.0254516602 c1:y=-5.98662615,a=0->-0.0624389648 c2:y=3.53739142,a=0->0.036895752
PROBE acc tid=8 net=(51,230,103) tile=4 origin=(0,66,0) g=0.0103149414 n=0->0.0103149414 c0:y=3.05558848,a=0->0.0315246582 c1:y=-6.19476032,a=0->-0.0639038086 c2:y=3.13423371,a=0->0.0323181152
PROBE acc tid=8 net=(51,231,100) tile=4 origin=(0,66,0) g=0.00942230225 n=0->0.00942230225 c0:y=1.32050037,a=0->0.0124435425 c1:y=-6.8974452,a=0->-0.0650024414 c2:y=5.54850149,a=0->0.0522766113
PROBE acc tid=8 net=(51,231,101) tile=4 origin=(0,66,0) g=0.0093536377 n=0->0.0093536377 c0:y=1.38233078,a=0->0.0129318237 c1:y=-6.80507135,a=0->-0.063659668 c2:y=5.39352179,a=0->0.0504455566
PROBE acc tid=8 net=(51,231,102) tile=4 origin=(0,66,0) g=0.00926208496 n=0->0.00926208496 c0:y=1.37516999,a=0->0.0127334595 c1:y=-6.42547178,a=0->-0.0595092773 c2:y=5.02125359,a=0->0.0465087891
PROBE acc tid=8 net=(51,231,103) tile=4 origin=(0,66,0) g=0.00915527344 n=0->0.00915527344 c0:y=1.83943784,a=0->0.0168457031 c1:y=-6.30836439,a=0->-0.0577697754 c2:y=4.4475584,a=0->0.0407104492
PROBE acc tid=8 net=(51,232,100) tile=4 origin=(0,66,0) g=0.00835418701 n=0->0.00835418701 c0:y=1.16604722,a=0->0.00974273682 c1:y=-7.78583479,a=0->-0.0650634766 c2:y=6.59776163,a=0->0.0551147461
PROBE acc tid=8 net=(51,232,101) tile=4 origin=(0,66,0) g=0.00828552246 n=0->0.00828552246 c0:y=1.28858757,a=0->0.0106735229 c1:y=-7.65937328,a=0->-0.0634765625 c2:y=6.34552765,a=0->0.0525817871
PROBE acc tid=8 net=(51,232,102) tile=4 origin=(0,66,0) g=0.00820922852 n=0->0.00820922852 c0:y=1.33016384,a=0->0.0109176636 c1:y=-7.04338837,a=0->-0.0578308105 c2:y=5.6855402,a=0->0.046661377
PROBE acc tid=8 net=(51,232,103) tile=4 origin=(0,66,0) g=0.00811767578 n=0->0.00811767578 c0:y=1.35894084,a=0->0.0110321045 c1:y=-6.53722334,a=0->-0.0530700684 c2:y=5.14808893,a=0->0.0417785645
PROBE acc tid=8 net=(52,229,100) tile=4 origin=(0,66,0) g=0.00879669189 n=0->0.00879669189 c0:y=4.86852741,a=0->0.0428161621 c1:y=-6.02569675,a=0->-0.0530090332 c2:y=1.18381381,a=0->0.0104141235
PROBE acc tid=8 net=(52,229,101) tile=4 origin=(0,66,0) g=0.00872802734 n=0->0.00872802734 c0:y=5.05374289,a=0->0.0440979004 c1:y=-5.96953344,a=0->-0.0520935059 c2:y=0.944405675,a=0->0.00823974609
PROBE acc tid=8 net=(52,229,102) tile=4 origin=(0,66,0) g=0.0086517334 n=0->0.0086517334 c0:y=5.02883434,a=0->0.0435180664 c1:y=-5.70794296,a=0->-0.0493774414 c2:y=0.707242668,a=0->0.00611877441
PROBE acc tid=8 net=(52,229,103) tile=4 origin=(0,66,0) g=0.00855255127 n=0->0.00855255127 c0:y=4.90411997,a=0->0.0419311523 c1:y=-5.40529633,a=0->-0.0462341309 c2:y=0.528201222,a=0->0.00451660156
PROBE acc tid=8 net=(52,230,100) tile=4 origin=(0,66,0) g=0.00782775879 n=0->0.00782775879 c0:y=4.5913167,a=0->0.035949707 c1:y=-5.92181396,a=0->-0.0463562012 c2:y=1.36262023,a=0->0.0106658936
PROBE acc tid=8 net=(52,230,101) tile=4 origin=(0,66,0) g=0.00776672363 n=0->0.00776672363 c0:y=5.17126036,a=0->0.0401611328 c1:y=-6.00528669,a=0->-0.0466308594 c2:y=0.870595455,a=0->0.00676345825
PROBE acc tid=8 net=(52,230,102) tile=4 origin=(0,66,0) g=0.00769042969 n=0->0.00769042969 c0:y=5.38825798,a=0->0.0414428711 c1:y=-5.96821833,a=0->-0.0458984375 c2:y=0.617677629,a=0->0.0047492981
PROBE acc tid=8 net=(52,230,103) tile=4 origin=(0,66,0) g=0.00760650635 n=0->0.00760650635 c0:y=5.26777124,a=0->0.0400695801 c1:y=-5.73038483,a=0->-0.0435791016 c2:y=0.498718888,a=0->0.00379371643
PROBE acc tid=8 net=(52,231,100) tile=4 origin=(0,66,0) g=0.00695037842 n=0->0.00695037842 c0:y=3.33382559,a=0->0.0231781006 c1:y=-5.63458109,a=0->-0.0391540527 c2:y=2.32467985,a=0->0.0161590576
PROBE acc tid=8 net=(52,231,101) tile=4 origin=(0,66,0) g=0.00689697266 n=0->0.00689697266 c0:y=4.21726704,a=0->0.029083252 c1:y=-5.66020441,a=0->-0.0390319824 c2:y=1.47877467,a=0->0.0102005005
PROBE acc tid=8 net=(52,231,102) tile=4 origin=(0,66,0) g=0.00682830811 n=0->0.00682830811 c0:y=4.94284248,a=0->0.0337524414 c1:y=-5.80737257,a=0->-0.039642334 c2:y=0.903855205,a=0->0.00617218018
PROBE acc tid=8 net=(52,231,103) tile=4 origin=(0,66,0) g=0.00675201416 n=0->0.00675201416 c0:y=5.08285046,a=0->0.0343322754 c1:y=-5.81309891,a=0->-0.0392456055 c2:y=0.767218292,a=0->0.00518035889
PROBE acc tid=8 net=(52,232,100) tile=4 origin=(0,66,0) g=0.00616073608 n=0->0.00616073608 c0:y=1.96924603,a=0->0.0121307373 c1:y=-5.65867805,a=0->-0.0348510742 c2:y=3.68883562,a=0->0.0227203369
PROBE acc tid=8 net=(52,232,101) tile=4 origin=(0,66,0) g=0.00611114502 n=0->0.00611114502 c0:y=3.041924,a=0->0.0185852051 c1:y=-5.57196045,a=0->-0.0340576172 c2:y=2.54993367,a=0->0.0155792236
PROBE acc tid=8 net=(52,232,102) tile=4 origin=(0,66,0) g=0.00605392456 n=0->0.00605392456 c0:y=3.58058095,a=0->0.0216827393 c1:y=-5.48845482,a=0->-0.0332336426 c2:y=1.93623447,a=0->0.01171875
PROBE acc tid=8 net=(52,232,103) tile=4 origin=(0,66,0) g=0.00598526001 n=0->0.00598526001 c0:y=4.06595802,a=0->0.0243377686 c1:y=-5.70572758,a=0->-0.0341491699 c2:y=1.66667318,a=0->0.00997924805
PROBE acc tid=8 net=(50,229,100) tile=5 origin=(0,66,67) g=0.000515460968 n=0.0159301758->0.0164489746 c0:y=3.18829894,a=0.0436706543->0.0453186035 c1:y=-5.79422712,a=-0.091003418->-0.0939941406 c2:y=2.61237788,a=0.0473632812->0.0487060547
PROBE acc tid=8 net=(50,229,101) tile=5 origin=(0,66,67) g=0.000574588776 n=0.0158081055->0.0163879395 c0:y=4.08416271,a=0.0549621582->0.0573120117 c1:y=-6.01185417,a=-0.0913696289->-0.0948486328 c2:y=1.94325233,a=0.0365905762->0.0377197266
PROBE acc tid=8 net=(50,229,102) tile=5 origin=(0,66,67) g=0.000638961792 n=0.0156555176->0.0162963867 c0:y=4.50094223,a=0.0661621094->0.0690307617 c1:y=-6.01440573,a=-0.0927734375->-0.0966186523 c2:y=1.53371692,a=0.0268554688->0.0278320312
PROBE acc tid=8 net=(50,229,103) tile=5 origin=(0,66,67) g=0.000710010529 n=0.0154876709->0.016204834 c0:y=4.64964485,a=0.0690307617->0.0723266602 c1:y=-5.92082071,a=-0.0916748047->-0.0958862305 c2:y=1.2933929,a=0.02293396->0.0238494873
PROBE acc tid=8 net=(50,230,100) tile=5 origin=(0,66,67) g=0.000458240509 n=0.014175415->0.0146331787 c0:y=1.52701497,a=0.0165863037->0.017288208 c1:y=-5.69486284,a=-0.0817260742->-0.0843505859 c2:y=4.1431241,a=0.0648193359->0.0667114258
PROBE acc tid=8 net=(50,230,101) tile=5 origin=(0,66,67) g=0.000510692596 n=0.0140609741->0.0145721436 c0:y=2.27563739,a=0.0211181641->0.022277832 c1:y=-5.68052101,a=-0.079284668->-0.0822143555 c2:y=3.39399791,a=0.0578613281->0.0596008301
PROBE acc tid=8 net=(50,230,102) tile=5 origin=(0,66,67) g=0.000568389893 n=0.0139312744->0.0144958496 c0:y=2.8972435,a=0.0305938721->0.0322265625 c1:y=-5.7469492,a=-0.0789794922->-0.0822753906 c2:y=2.84982729,a=0.0482177734->0.0498352051
PROBE acc tid=8 net=(50,230,103) tile=5 origin=(0,66,67) g=0.000631332397 n=0.0137710571->0.0144042969 c0:y=3.68059468,a=0.0366210938->0.0389404297 c1:y=-6.00649595,a=-0.0788574219->-0.0826416016 c2:y=2.33199787,a=0.0422363281->0.0437011719
PROBE acc tid=8 net=(50,231,100) tile=5 origin=(0,66,67) g=0.000406980515 n=0.0125808716->0.0129852295 c0:y=1.08909321,a=0.0120162964->0.0124588013 c1:y=-5.94362545,a=-0.0780639648->-0.0805053711 c2:y=4.83154774,a=0.0657958984->0.0677490234
PROBE acc tid=8 net=(50,231,101) tile=5 origin=(0,66,67) g=0.000453710556 n=0.0124893188->0.0129394531 c0:y=1.20125759,a=0.0139923096->0.0145339966 c1:y=-5.72095299,a=-0.0755615234->-0.0781860352 c2:y=4.49248362,a=0.0613098145->0.0633544922
PROBE acc tid=8 net=(50,231,102) tile=5 origin=(0,66,67) g=0.000504493713 n=0.0123672485->0.0128707886 c0:y=1.39736629,a=0.0153121948->0.0160217285 c1:y=-5.69614601,a=-0.0728759766->-0.0757446289 c2:y=4.26972532,a=0.0572509766->0.0594177246
PROBE acc tid=8 net=(50,231,103) tile=5 origin=(0,66,67) g=0.000560760498 n=0.0122299194->0.0127868652 c0:y=2.10229993,a=0.0161132812->0.017288208 c1:y=-5.86136675,a=-0.071472168->-0.0747680664 c2:y=3.74098635,a=0.0550231934->0.0571289062
PROBE acc tid=8 net=(50,232,100) tile=5 origin=(0,66,67) g=0.00036072731 n=0.0111541748->0.0115127563 c0:y=0.847972274,a=0.0080947876->0.00839996338 c1:y=-6.43470812,a=-0.0744018555->-0.0767211914 c2:y=5.57477427,a=0.0662841797->0.0682983398
PROBE acc tid=8 net=(50,232,101) tile=5 origin=(0,66,67) g=0.000401973724 n=0.0110626221->0.01146698 c0:y=1.00090349,a=0.00984954834->0.0102539062 c1:y=-6.19236898,a=-0.0725708008->-0.0750732422 c2:y=5.17247438,a=0.0626220703->0.0646972656
PROBE acc tid=8 net=(50,232,102) tile=5 origin=(0,66,67) g=0.000447273254 n=0.0109634399->0.0114135742 c0:y=1.18811119,a=0.0113754272->0.0119094849 c1:y=-6.11431837,a=-0.0698852539->-0.0726318359 c2:y=4.90069962,a=0.0582885742->0.0604858398
PROBE acc tid=8 net=(50,232,103) tile=5 origin=(0,66,67) g=0.000496864319 n=0.0108413696->0.0113372803 c0:y=1.31481767,a=0.0130157471->0.013671875 c1:y=-5.99035454,a=-0.0684814453->-0.071472168 c2:y=4.64544868,a=0.0551757812->0.0574951172
PROBE acc tid=8 net=(51,229,100) tile=5 origin=(0,66,67) g=0.00038599968 n=0.011932373->0.0123214722 c0:y=4.07631397,a=0.0460205078->0.0476074219 c1:y=-6.0335927,a=-0.0719604492->-0.0742797852 c2:y=1.97220206,a=0.0261077881->0.0268707275
PROBE acc tid=8 net=(51,229,101) tile=5 origin=(0,66,67) g=0.000430107117 n=0.0118408203->0.0122680664 c0:y=4.36831284,a=0.0494689941->0.051361084 c1:y=-5.99390268,a=-0.0717773438->-0.0743408203 c2:y=1.64451027,a=0.0224914551->0.0231933594
PROBE acc tid=8 net=(51,229,102) tile=5 origin=(0,66,67) g=0.000478744507 n=0.0117263794->0.0122070312 c0:y=4.45284843,a=0.0501708984->0.0523071289 c1:y=-5.99340343,a=-0.0714111328->-0.0742797852 c2:y=1.55851722,a=0.0213928223->0.0221405029
PROBE acc tid=8 net=(51,229,103) tile=5 origin=(0,66,67) g=0.000531673431 n=0.0115966797->0.0121307373 c0:y=4.6418252,a=0.0514526367->0.0539245605 c1:y=-5.97544909,a=-0.0709838867->-0.0741577148 c2:y=1.3508873,a=0.0196685791->0.0203857422
PROBE acc tid=8 net=(51,230,100) tile=5 origin=(0,66,67) g=0.000343322754 n=0.0106124878->0.0109558105 c0:y=2.35730648,a=0.0212402344->0.0220489502 c1:y=-5.97734356,a=-0.0648803711->-0.0669555664 c2:y=3.60715055,a=0.0434570312->0.044708252
PROBE acc tid=8 net=(51,230,101) tile=5 origin=(0,66,67) g=0.000382661819 n=0.0105285645->0.0109100342 c0:y=2.5156889,a=0.0235137939->0.0244750977 c1:y=-5.86829662,a=-0.0638427734->-0.0661010742 c2:y=3.34528089,a=0.0401916504->0.0414733887
PROBE acc tid=8 net=(51,230,102) tile=5 origin=(0,66,67) g=0.000425815582 n=0.0104293823->0.0108566284 c0:y=3.09266162,a=0.0254516602->0.026763916 c1:y=-6.03323126,a=-0.0624389648->-0.0650024414 c2:y=2.93778324,a=0.036895752->0.0381469727
PROBE acc tid=8 net=(51,230,103) tile=5 origin=(0,66,67) g=0.000473022461 n=0.0103149414->0.0107879639 c0:y=3.72385526,a=0.0315246582->0.0332946777 c1:y=-6.14766788,a=-0.0639038086->-0.0668334961 c2:y=2.42706704,a=0.0323181152->0.0334777832
PROBE acc tid=8 net=(51,231,100) tile=5 origin=(0,66,67) g=0.000304698944 n=0.00942230225->0.00972747803 c0:y=1.35902786,a=0.0124435425->0.0128555298 c1:y=-6.49539804,a=-0.0650024414->-0.0669555664 c2:y=5.10531235,a=0.0522766113->0.0538330078
PROBE acc tid=8 net=(51,231,101) tile=5 origin=(0,66,67) g=0.000339746475 n=0.0093536377->0.00969696045 c0:y=1.4257642,a=0.0129318237->0.0134124756 c1:y=-6.34413862,a=-0.063659668->-0.0657958984 c2:y=4.88938856,a=0.0504455566->0.0520935059
PROBE acc tid=8 net=(51,231,102) tile=5 origin=(0,66,67) g=0.000378131866 n=0.00926208496->0.00964355469 c0:y=1.89792621,a=0.0127334595->0.0134506226 c1:y=-6.25981808,a=-0.0595092773->-0.0618896484 c2:y=4.34107208,a=0.0465087891->0.0481567383
PROBE acc tid=8 net=(51,231,103) tile=5 origin=(0,66,67) g=0.000419855118 n=0.00915527344->0.00957489014 c0:y=2.33572841,a=0.0168457031->0.0178222656 c1:y=-6.08878613,a=-0.0577697754->-0.060333252 c2:y=3.74174571,a=0.0407104492->0.0422668457
PROBE acc tid=8 net=(51,232,100) tile=5 origin=(0,66,67) g=0.00027012825 n=0.00835418701->0.00862121582 c0:y=1.26433396,a=0.00974273682->0.0100860596 c1:y=-7.34372282,a=-0.0650634766->-0.0670776367 c2:y=6.05259323,a=0.0551147461->0.0567626953
PROBE acc tid=8 net=(51,232,101) tile=5 origin=(0,66,67) g=0.000301122665 n=0.00828552246->0.00858306885 c0:y=1.35409665,a=0.0106735229->0.0110778809 c1:y=-7.13432789,a=-0.0634765625->-0.065612793 c2:y=5.75184536,a=0.0525817871->0.0543212891
PROBE acc tid=8 net=(51,232,102) tile=5 origin=(0,66,67) g=0.000334978104 n=0.00820922852->0.00854492188 c0:y=1.39566946,a=0.0109176636->0.0113830566 c1:y=-6.67217541,a=-0.0578308105->-0.0600585938 c2:y=5.24600506,a=0.046661377->0.0484313965
PROBE acc tid=8 net=(51,232,103) tile=5 origin=(0,66,67) g=0.000372171402 n=0.00811767578->0.00849151611 c0:y=1.7022866,a=0.0110321045->0.0116653442 c1:y=-6.26121521,a=-0.0530700684->-0.0553894043 c2:y=4.53304243,a=0.0417785645->0.0434570312
PROBE acc tid=8 net=(52,229,100) tile=5 origin=(0,66,67) g=0.000284671783 n=0.00879669189->0.00907897949 c0:y=4.70584249,a=0.0428161621->0.0441589355 c1:y=-5.89285851,a=-0.0530090332->-0.0546875 c2:y=1.21231008,a=0.0104141235->0.0107574463
PROBE acc tid=8 net=(52,229,101) tile=5 origin=(0,66,67) g=0.000317335129 n=0.00872802734->0.00904846191 c0:y=4.84968996,a=0.0440979004->0.0456237793 c1:y=-5.73073769,a=-0.0520935059->-0.0539245605 c2:y=0.907703757,a=0.00823974609->0.00852966309
PROBE acc tid=8 net=(52,229,102) tile=5 origin=(0,66,67) g=0.000352859497 n=0.0086517334->0.00900268555 c0:y=4.8415575,a=0.0435180664->0.0452270508 c1:y=-5.49558353,a=-0.0493774414->-0.0513305664 c2:y=0.679658413,a=0.00611877441->0.00635910034
PROBE acc tid=8 net=(52,229,103) tile=5 origin=(0,66,67) g=0.000391960144 n=0.00855255127->0.00894165039 c0:y=4.76758671,a=0.0419311523->0.0437927246 c1:y=-5.1943717,a=-0.0462341309->-0.0482788086 c2:y=0.451431245,a=0.00451660156->0.00469207764
PROBE acc tid=8 net=(52,230,100) tile=5 origin=(0,66,67) g=0.000253200531 n=0.00782775879->0.00807952881 c0:y=4.54519653,a=0.035949707->0.037109375 c1:y=-5.8501811,a=-0.0463562012->-0.0478515625 c2:y=1.33424044,a=0.0106658936->0.0110015869
PROBE acc tid=8 net=(52,230,101) tile=5 origin=(0,66,67) g=0.000282049179 n=0.00776672363->0.00804901123 c0:y=4.95524836,a=0.0401611328->0.0415649414 c1:y=-5.86538649,a=-0.0466308594->-0.0482788086 c2:y=0.943004012,a=0.00676345825->0.00703048706
PROBE acc tid=8 net=(52,230,102) tile=5 origin=(0,66,67) g=0.000313997269 n=0.00769042969->0.00800323486 c0:y=5.12966156,a=0.0414428711->0.0430603027 c1:y=-5.83534336,a=-0.0458984375->-0.0477294922 c2:y=0.739829004,a=0.0047492981->0.00498199463
PROBE acc tid=8 net=(52,230,103) tile=5 origin=(0,66,67) g=0.000348806381 n=0.00760650635->0.0079574585 c0:y=5.04866552,a=0.0400695801->0.0418395996 c1:y=-5.40875149,a=-0.0435791016->-0.0454711914 c2:y=0.391603291,a=0.00379371643->0.00392913818
PROBE acc tid=8 net=(52,231,100) tile=5 origin=(0,66,67) g=0.000224709511 n=0.00695037842->0.00717544556 c0:y=3.55614495,a=0.0231781006->0.0239715576 c1:y=-5.62404776,a=-0.0391540527->-0.0404052734 c2:y=2.09331489,a=0.0161590576->0.0166320801
PROBE acc tid=8 net=(52,231,101) tile=5 origin=(0,66,67) g=0.000250577927 n=0.00689697266->0.00714874268 c0:y=4.40878344,a=0.029083252->0.0301818848 c1:y=-5.72559071,a=-0.0390319824->-0.0404663086 c2:y=1.35043848,a=0.0102005005->0.0105361938
PROBE acc tid=8 net=(52,231,102) tile=5 origin=(0,66,67) g=0.000278711319 n=0.00682830811->0.00710678101 c0:y=4.87514591,a=0.0337524414->0.0351257324 c1:y=-5.81067371,a=-0.039642334->-0.0412597656 c2:y=0.971161962,a=0.00617218018->0.00644302368
PROBE acc tid=8 net=(52,231,103) tile=5 origin=(0,66,67) g=0.000309705734 n=0.00675201416->0.00706100464 c0:y=4.92839909,a=0.0343322754->0.0358581543 c1:y=-5.64622068,a=-0.0392456055->-0.0409851074 c2:y=0.751408935,a=0.00518035889->0.00541305542
PROBE acc tid=8 net=(52,232,100) tile=5 origin=(0,66,67) g=0.000199198723 n=0.00616073608->0.00635910034 c0:y=2.66901636,a=0.0121307373->0.0126647949 c1:y=-5.73556376,a=-0.0348510742->-0.0359802246 c2:y=3.07422256,a=0.0227203369->0.0233306885
PROBE acc tid=8 net=(52,232,101) tile=5 origin=(0,66,67) g=0.000222086906 n=0.00611114502->0.00633239746 c0:y=3.42794919,a=0.0185852051->0.0193481445 c1:y=-5.60015202,a=-0.0340576172->-0.0353088379 c2:y=2.19633126,a=0.0155792236->0.0160675049
PROBE acc tid=8 net=(52,232,102) tile=5 origin=(0,66,67) g=0.000247001648 n=0.00605392456->0.00630187988 c0:y=4.08924961,a=0.0216827393->0.0226898193 c1:y=-5.74098444,a=-0.0332336426->-0.0346374512 c2:y=1.68066764,a=0.01171875->0.0121307373
PROBE acc tid=8 net=(52,232,103) tile=5 origin=(0,66,67) g=0.000274419785 n=0.00598526001->0.00625991821 c0:y=4.40326405,a=0.0243377686->0.0255432129 c1:y=-5.74756289,a=-0.0341491699->-0.035736084 c2:y=1.37160707,a=0.00997924805->0.0103530884
PROBE acc tid=8 net=(50,229,100) tile=8 origin=(0,133,0) g=0.784667969 n=0.0164489746->0.801269531 c0:y=3.1801374,a=0.0453186035->2.54101562 c1:y=-5.62560654,a=-0.0939941406->-4.5078125 c2:y=2.4472549,a=0.0487060547->1.96875
PROBE acc tid=8 net=(50,229,101) tile=8 origin=(0,133,0) g=0.778320312 n=0.0163879395->0.794921875 c0:y=4.0254879,a=0.0573120117->3.19140625 c1:y=-5.9149332,a=-0.0948486328->-4.69921875 c2:y=1.89936972,a=0.0377197266->1.515625
PROBE acc tid=8 net=(50,229,102) tile=8 origin=(0,133,0) g=0.770996094 n=0.0162963867->0.787109375 c0:y=4.56399393,a=0.0690307617->3.58789062 c1:y=-6.01150036,a=-0.0966186523->-4.73046875 c2:y=1.46259046,a=0.0278320312->1.15527344
PROBE acc tid=8 net=(50,229,103) tile=8 origin=(0,133,0) g=0.762695312 n=0.016204834->0.778808594 c0:y=4.72328949,a=0.0723266602->3.67382812 c1:y=-6.00282145,a=-0.0958862305->-4.67578125 c2:y=1.29647541,a=0.0238494873->1.01269531
PROBE acc tid=8 net=(50,230,100) tile=8 origin=(0,133,0) g=0.784179688 n=0.0146331787->0.798828125 c0:y=1.90499985,a=0.017288208->1.51074219 c1:y=-5.51390982,a=-0.0843505859->-4.41015625 c2:y=3.58735538,a=0.0667114258->2.87890625
PROBE acc tid=8 net=(50,230,101) tile=8 origin=(0,133,0) g=0.777832031 n=0.0145721436->0.792480469 c0:y=2.35446882,a=0.022277832->1.85351562 c1:y=-5.57273579,a=-0.0822143555->-4.41796875 c2:y=3.20418167,a=0.0596008301->2.55273438
PROBE acc tid=8 net=(50,230,102) tile=8 origin=(0,133,0) g=0.770507812 n=0.0144958496->0.78515625 c0:y=2.9538002,a=0.0322265625->2.30859375 c1:y=-5.75161982,a=-0.0822753906->-4.515625 c2:y=2.7914722,a=0.0498352051->2.20117188
PROBE acc tid=8 net=(50,230,103) tile=8 origin=(0,133,0) g=0.76171875 n=0.0144042969->0.776367188 c0:y=3.66201425,a=0.0389404297->2.828125 c1:y=-6.13870573,a=-0.0826416016->-4.7578125 c2:y=2.4754045,a=0.0437011719->1.9296875
PROBE acc tid=8 net=(50,231,100) tile=8 origin=(0,133,0) g=0.781738281 n=0.0129852295->0.794921875 c0:y=1.18174124,a=0.0124588013->0.936035156 c1:y=-5.76704788,a=-0.0805053711->-4.58984375 c2:y=4.5547328,a=0.0677490234->3.62890625
PROBE acc tid=8 net=(50,231,101) tile=8 origin=(0,133,0) g=0.775878906 n=0.0129394531->0.7890625 c0:y=1.27180684,a=0.0145339966->1.00097656 c1:y=-5.72172356,a=-0.0781860352->-4.515625 c2:y=4.41688061,a=0.0633544922->3.49023438
PROBE acc tid=8 net=(50,231,102) tile=8 origin=(0,133,0) g=0.768554688 n=0.0128707886->0.78125 c0:y=1.62945116,a=0.0160217285->1.26855469 c1:y=-5.80060577,a=-0.0757446289->-4.53515625 c2:y=4.14204884,a=0.0594177246->3.2421875
PROBE acc tid=8 net=(50,231,103) tile=8 origin=(0,133,0) g=0.759765625 n=0.0127868652->0.772460938 c0:y=2.15315294,a=0.017288208->1.65332031 c1:y=-6.0581708,a=-0.0747680664->-4.67578125 c2:y=3.88372684,a=0.0571289062->3.0078125
PROBE acc tid=8 net=(50,232,100) tile=8 origin=(0,133,0) g=0.778320312 n=0.0115127563->0.790039062 c0:y=1.03450537,a=0.00839996338->0.813476562 c1:y=-6.15241432,a=-0.0767211914->-4.8671875 c2:y=5.09367275,a=0.0682983398->4.03125
PROBE acc tid=8 net=(50,232,101) tile=8 origin=(0,133,0) g=0.772460938 n=0.01146698->0.783691406 c0:y=1.1728456,a=0.0102539062->0.916015625 c1:y=-6.12542009,a=-0.0750732422->-4.80859375 c2:y=4.92350864,a=0.0646972656->3.8671875
PROBE acc tid=8 net=(50,232,102) tile=8 origin=(0,133,0) g=0.765136719 n=0.0114135742->0.776367188 c0:y=1.28363538,a=0.0119094849->0.994140625 c1:y=-6.07437038,a=-0.0726318359->-4.71875 c2:y=4.75779915,a=0.0604858398->3.70117188
PROBE acc tid=8 net=(50,232,103) tile=8 origin=(0,133,0) g=0.756347656 n=0.0113372803->0.767578125 c0:y=1.37188029,a=0.013671875->1.05175781 c1:y=-6.11714935,a=-0.071472168->-4.69921875 c2:y=4.70988941,a=0.0574951172->3.61914062
PROBE acc tid=8 net=(51,229,100) tile=8 origin=(0,133,0) g=0.587890625 n=0.0123214722->0.600097656 c0:y=3.87319446,a=0.0476074219->2.32421875 c1:y=-5.97409821,a=-0.0742797852->-3.5859375 c2:y=2.1105063,a=0.0268707275->1.26757812
PROBE acc tid=8 net=(51,229,101) tile=8 origin=(0,133,0) g=0.583007812 n=0.0122680664->0.595214844 c0:y=4.11382294,a=0.051361084->2.44921875 c1:y=-6.01432753,a=-0.0743408203->-3.58007812 c2:y=1.91190362,a=0.0231933594->1.13769531
PROBE acc tid=8 net=(51,229,102) tile=8 origin=(0,133,0) g=0.577636719 n=0.0122070312->0.58984375 c0:y=4.27881289,a=0.0523071289->2.5234375 c1:y=-6.1324501,a=-0.0742797852->-3.6171875 c2:y=1.86264706,a=0.0221405029->1.09765625
PROBE acc tid=8 net=(51,229,103) tile=8 origin=(0,133,0) g=0.571289062 n=0.0121307373->0.583496094 c0:y=4.47864294,a=0.0539245605->2.61328125 c1:y=-6.21322346,a=-0.0741577148->-3.62304688 c2:y=1.74169493,a=0.0203857422->1.015625
PROBE acc tid=8 net=(51,230,100) tile=8 origin=(0,133,0) g=0.586914062 n=0.0109558105->0.59765625 c0:y=2.40709734,a=0.0220489502->1.43457031 c1:y=-5.95942402,a=-0.0669555664->-3.56445312 c2:y=3.54149389,a=0.044708252->2.12304688
PROBE acc tid=8 net=(51,230,101) tile=8 origin=(0,133,0) g=0.582519531 n=0.0109100342->0.593261719 c0:y=2.60097623,a=0.0244750977->1.54003906 c1:y=-6.01235914,a=-0.0661010742->-3.56835938 c2:y=3.40329552,a=0.0414733887->2.0234375
PROBE acc tid=8 net=(51,230,102) tile=8 origin=(0,133,0) g=0.577148438 n=0.0108566284->0.587890625 c0:y=3.15954542,a=0.026763916->1.85058594 c1:y=-6.21824265,a=-0.0650024414->-3.65429688 c2:y=3.0538671,a=0.0381469727->1.80078125
PROBE acc tid=8 net=(51,230,103) tile=8 origin=(0,133,0) g=0.570800781 n=0.0107879639->0.581542969 c0:y=3.74891448,a=0.0332946777->2.17382812 c1:y=-6.40315151,a=-0.0668334961->-3.72265625 c2:y=2.65261865,a=0.0334777832->1.54785156
PROBE acc tid=8 net=(51,231,100) tile=8 origin=(0,133,0) g=0.585449219 n=0.00972747803->0.595214844 c0:y=1.36967874,a=0.0128555298->0.814941406 c1:y=-6.45245266,a=-0.0669555664->-3.84375 c2:y=5.04946709,a=0.0538330078->3.00976562
PROBE acc tid=8 net=(51,231,101) tile=8 origin=(0,133,0) g=0.581054688 n=0.00969696045->0.590820312 c0:y=1.59750354,a=0.0134124756->0.94140625 c1:y=-6.49644947,a=-0.0657958984->-3.83984375 c2:y=4.87014484,a=0.0520935059->2.8828125
PROBE acc tid=8 net=(51,231,102) tile=8 origin=(0,133,0) g=0.575683594 n=0.00964355469->0.585449219 c0:y=1.93536747,a=0.0134506226->1.12792969 c1:y=-6.35620689,a=-0.0618896484->-3.72070312 c2:y=4.39978313,a=0.0481567383->2.58007812
PROBE acc tid=8 net=(51,231,103) tile=8 origin=(0,133,0) g=0.568847656 n=0.00957489014->0.578613281 c0:y=2.36077285,a=0.0178222656->1.36035156 c1:y=-6.30075932,a=-0.060333252->-3.64453125 c2:y=3.92613411,a=0.0422668457->2.27539062
PROBE acc tid=8 net=(51,232,100) tile=8 origin=(0,133,0) g=0.583007812 n=0.00862121582->0.591796875 c0:y=1.37737918,a=0.0100860596->0.812988281 c1:y=-7.24904108,a=-0.0670776367->-4.29296875 c2:y=5.83818674,a=0.0567626953->3.4609375
PROBE acc tid=8 net=(51,232,101) tile=8 origin=(0,133,0) g=0.578613281 n=0.00858306885->0.587402344 c0:y=1.43224072,a=0.0110778809->0.83984375 c1:y=-7.14993,a=-0.065612793->-4.203125 c2:y=5.68407822,a=0.0543212891->3.34375
PROBE acc tid=8 net=(51,232,102) tile=8 origin=(0,133,0) g=0.573242188 n=0.00854492188->0.58203125 c0:y=1.38779318,a=0.0113830566->0.807128906 c1:y=-6.65088892,a=-0.0600585938->-3.87304688 c2:y=5.22975779,a=0.0484313965->3.046875
PROBE acc tid=8 net=(51,232,103) tile=8 origin=(0,133,0) g=0.56640625 n=0.00849151611->0.574707031 c0:y=1.80417168,a=0.0116653442->1.03320312 c1:y=-6.39829874,a=-0.0553894043->-3.6796875 c2:y=4.56724453,a=0.0434570312->2.63085938
PROBE acc tid=8 net=(52,229,100) tile=8 origin=(0,133,0) g=0.433349609 n=0.00907897949->0.442382812 c0:y=4.67668295,a=0.0441589355->2.0703125 c1:y=-5.92736483,a=-0.0546875->-2.62304688 c2:y=1.27328479,a=0.0107574463->0.5625
PROBE acc tid=8 net=(52,229,101) tile=8 origin=(0,133,0) g=0.429931641 n=0.00904846191->0.438964844 c0:y=4.85289955,a=0.0456237793->2.1328125 c1:y=-5.85676861,a=-0.0539245605->-2.57226562 c2:y=1.02878296,a=0.00852966309->0.450927734
PROBE acc tid=8 net=(52,229,102) tile=8 origin=(0,133,0) g=0.42578125 n=0.00900268555->0.434814453 c0:y=4.86461687,a=0.0452270508->2.1171875 c1:y=-5.75332022,a=-0.0513305664->-2.50195312 c2:y=0.914779067,a=0.00635910034->0.395751953
PROBE acc tid=8 net=(52,229,103) tile=8 origin=(0,133,0) g=0.421142578 n=0.00894165039->0.430175781 c0:y=4.82683134,a=0.0437927246->2.07617188 c1:y=-5.62957668,a=-0.0482788086->-2.41992188 c2:y=0.829631329,a=0.00469207764->0.354003906
PROBE acc tid=8 net=(52,230,100) tile=8 origin=(0,133,0) g=0.432861328 n=0.00807952881->0.440917969 c0:y=4.3374033,a=0.037109375->1.91503906 c1:y=-5.77964687,a=-0.0478515625->-2.54882812 c2:y=1.46659112,a=0.0110015869->0.645996094
PROBE acc tid=8 net=(52,230,101) tile=8 origin=(0,133,0) g=0.429443359 n=0.00804901123->0.4375 c0:y=4.82490587,a=0.0415649414->2.11328125 c1:y=-5.78166246,a=-0.0482788086->-2.53125 c2:y=0.986390769,a=0.00703048706->0.430664062
PROBE acc tid=8 net=(52,230,102) tile=8 origin=(0,133,0) g=0.425537109 n=0.00800323486->0.43359375 c0:y=5.0795927,a=0.0430603027->2.20507812 c1:y=-5.74841595,a=-0.0477294922->-2.49414062 c2:y=0.701091886,a=0.00498199463->0.303222656
PROBE acc tid=8 net=(52,230,103) tile=8 origin=(0,133,0) g=0.420654297 n=0.0079574585->0.428710938 c0:y=5.015769,a=0.0418395996->2.15234375 c1:y=-5.61471128,a=-0.0454711914->-2.40820312 c2:y=0.630608976,a=0.00392913818->0.269287109
PROBE acc tid=8 net=(52,231,100) tile=8 origin=(0,133,0) g=0.431884766 n=0.00717544556->0.438964844 c0:y=3.09402537,a=0.0239715576->1.36035156 c1:y=-5.38819933,a=-0.0404052734->-2.3671875 c2:y=2.31022596,a=0.0166320801->1.01464844
PROBE acc tid=8 net=(52,231,101) tile=8 origin=(0,133,0) g=0.428466797 n=0.00714874268->0.435546875 c0:y=3.87192655,a=0.0301818848->1.68945312 c1:y=-5.36620569,a=-0.0404663086->-2.33984375 c2:y=1.51905525,a=0.0105361938->0.661621094
PROBE acc tid=8 net=(52,231,102) tile=8 origin=(0,133,0) g=0.424316406 n=0.00710678101->0.431396484 c0:y=4.54928589,a=0.0351257324->1.96582031 c1:y=-5.52303123,a=-0.0412597656->-2.38476562 c2:y=1.00353372,a=0.00644302368->0.432373047
PROBE acc tid=8 net=(52,231,103) tile=8 origin=(0,133,0) g=0.419677734 n=0.00706100464->0.426757812 c0:y=4.80022383,a=0.0358581543->2.05078125 c1:y=-5.61963558,a=-0.0409851074->-2.40039062 c2:y=0.848245621,a=0.00541305542->0.361328125
PROBE acc tid=8 net=(52,232,100) tile=8 origin=(0,133,0) g=0.429931641 n=0.00635910034->0.436279297 c0:y=2.19938898,a=0.0126647949->0.958007812 c1:y=-5.44558764,a=-0.0359802246->-2.37695312 c2:y=3.24041104,a=0.0233306885->1.41601562
PROBE acc tid=8 net=(52,232,101) tile=8 origin=(0,133,0) g=0.426513672 n=0.00633239746->0.432861328 c0:y=2.87018514,a=0.0193481445->1.24316406 c1:y=-5.22737837,a=-0.0353088379->-2.265625 c2:y=2.36740637,a=0.0160675049->1.02539062
PROBE acc tid=8 net=(52,232,102) tile=8 origin=(0,133,0) g=0.422607422 n=0.00630187988->0.428955078 c0:y=3.46709132,a=0.0226898193->1.48828125 c1:y=-5.32854319,a=-0.0346374512->-2.28710938 c2:y=1.88025665,a=0.0121307373->0.806640625
PROBE acc tid=8 net=(52,232,103) tile=8 origin=(0,133,0) g=0.417724609 n=0.00625991821->0.424072266 c0:y=4.03176212,a=0.0255432129->1.70996094 c1:y=-5.6738739,a=-0.035736084->-2.40625 c2:y=1.66111112,a=0.0103530884->0.704101562
PROBE acc tid=8 net=(50,229,100) tile=9 origin=(0,133,67) g=0.0253753662 n=0.801269531->0.826660156 c0:y=3.13984299,a=2.54101562->2.62109375 c1:y=-5.52071476,a=-4.5078125->-4.6484375 c2:y=2.38581133,a=1.96875->2.02929688
PROBE acc tid=8 net=(50,229,101) tile=9 origin=(0,133,67) g=0.0282897949 n=0.794921875->0.823242188 c0:y=4.01402855,a=3.19140625->3.3046875 c1:y=-5.78702354,a=-4.69921875->-4.86328125 c2:y=1.78645921,a=1.515625->1.56640625
PROBE acc tid=8 net=(50,229,102) tile=9 origin=(0,133,67) g=0.031463623 n=0.787109375->0.818359375 c0:y=4.4656496,a=3.58789062->3.72851562 c1:y=-5.86259317,a=-4.73046875->-4.9140625 c2:y=1.4147228,a=1.15527344->1.20019531
PROBE acc tid=8 net=(50,229,103) tile=9 origin=(0,133,67) g=0.034942627 n=0.778808594->0.813964844 c0:y=4.69233656,a=3.67382812->3.83789062 c1:y=-5.84964371,a=-4.67578125->-4.87890625 c2:y=1.17738962,a=1.01269531->1.05371094
PROBE acc tid=8 net=(50,230,100) tile=9 origin=(0,133,67) g=0.0253601074 n=0.798828125->0.82421875 c0:y=1.74514472,a=1.51074219->1.5546875 c1:y=-5.35852909,a=-4.41015625->-4.546875 c2:y=3.5933938,a=2.87890625->2.97070312
PROBE acc tid=8 net=(50,230,101) tile=9 origin=(0,133,67) g=0.0282592773 n=0.792480469->0.820800781 c0:y=2.22184372,a=1.85351562->1.91601562 c1:y=-5.33231401,a=-4.41796875->-4.5703125 c2:y=3.09970164,a=2.55273438->2.640625
PROBE acc tid=8 net=(50,230,102) tile=9 origin=(0,133,67) g=0.0314331055 n=0.78515625->0.81640625 c0:y=2.85445094,a=2.30859375->2.3984375 c1:y=-5.53776693,a=-4.515625->-4.69140625 c2:y=2.680655,a=2.20117188->2.28515625
PROBE acc tid=8 net=(50,230,103) tile=9 origin=(0,133,67) g=0.0349121094 n=0.776367188->0.811523438 c0:y=3.67546058,a=2.828125->2.95703125 c1:y=-5.93101072,a=-4.7578125->-4.96484375 c2:y=2.25892735,a=1.9296875->2.0078125
PROBE acc tid=8 net=(50,231,100) tile=9 origin=(0,133,67) g=0.0252838135 n=0.794921875->0.8203125 c0:y=1.04534125,a=0.936035156->0.962402344 c1:y=-5.57727146,a=-4.58984375->-4.73046875 c2:y=4.50446558,a=3.62890625->3.7421875
PROBE acc tid=8 net=(50,231,101) tile=9 origin=(0,133,67) g=0.0281829834 n=0.7890625->0.817382812 c0:y=1.10908985,a=1.00097656->1.03222656 c1:y=-5.3864255,a=-4.515625->-4.66796875 c2:y=4.24769688,a=3.49023438->3.609375
PROBE acc tid=8 net=(50,231,102) tile=9 origin=(0,133,67) g=0.0313720703 n=0.78125->0.8125 c0:y=1.50325561,a=1.26855469->1.31542969 c1:y=-5.51230955,a=-4.53515625->-4.70703125 c2:y=3.98263383,a=3.2421875->3.3671875
PROBE acc tid=8 net=(50,231,103) tile=9 origin=(0,133,67) g=0.0348205566 n=0.772460938->0.807128906 c0:y=2.08976102,a=1.65332031->1.7265625 c1:y=-5.74075985,a=-4.67578125->-4.875 c2:y=3.63391733,a=3.0078125->3.13476562
PROBE acc tid=8 net=(50,232,100) tile=9 origin=(0,133,67) g=0.025177002 n=0.790039062->0.815429688 c0:y=0.898460031,a=0.813476562->0.8359375 c1:y=-5.98947096,a=-4.8671875->-5.01953125 c2:y=5.07008505,a=4.03125->4.16015625
PROBE acc tid=8 net=(50,232,101) tile=9 origin=(0,133,67) g=0.0280609131 n=0.783691406->0.811523438 c0:y=1.01189601,a=0.916015625->0.944335938 c1:y=-5.79015875,a=-4.80859375->-4.97265625 c2:y=4.75266123,a=3.8671875->4
PROBE acc tid=8 net=(50,232,102) tile=9 origin=(0,133,67) g=0.0312194824 n=0.776367188->0.807617188 c0:y=1.14546359,a=0.994140625->1.03027344 c1:y=-5.76227999,a=-4.71875->-4.8984375 c2:y=4.58677435,a=3.70117188->3.84375
PROBE acc tid=8 net=(50,232,103) tile=9 origin=(0,133,67) g=0.0346984863 n=0.767578125->0.802246094 c0:y=1.22443593,a=1.05175781->1.09472656 c1:y=-5.72205114,a=-4.69921875->-4.8984375 c2:y=4.46505451,a=3.61914062->3.7734375
PROBE acc tid=8 net=(51,229,100) tile=9 origin=(0,133,67) g=0.0190124512 n=0.600097656->0.619140625 c0:y=3.81103396,a=2.32421875->2.39648438 c1:y=-5.85473347,a=-3.5859375->-3.69726562 c2:y=2.05519915,a=1.26757812->1.30664062
PROBE acc tid=8 net=(51,229,101) tile=9 origin=(0,133,67) g=0.0211791992 n=0.595214844->0.616210938 c0:y=4.12123585,a=2.44921875->2.53710938 c1:y=-5.86600351,a=-3.58007812->-3.70507812 c2:y=1.75903988,a=1.13769531->1.17480469
PROBE acc tid=8 net=(51,229,102) tile=9 origin=(0,133,67) g=0.0235748291 n=0.58984375->0.61328125 c0:y=4.21465921,a=2.5234375->2.62304688 c1:y=-5.96816921,a=-3.6171875->-3.7578125 c2:y=1.76516867,a=1.09765625->1.13964844
PROBE acc tid=8 net=(51,229,103) tile=9 origin=(0,133,67) g=0.026184082 n=0.583496094->0.609863281 c0:y=4.47788954,a=2.61328125->2.73046875 c1:y=-5.99171877,a=-3.62304688->-3.77929688 c2:y=1.52508438,a=1.015625->1.05566406
PROBE acc tid=8 net=(51,230,100) tile=9 origin=(0,133,67) g=0.0189819336 n=0.59765625->0.616699219 c0:y=2.29617548,a=1.43457031->1.47851562 c1:y=-5.82862091,a=-3.56445312->-3.67578125 c2:y=3.52266645,a=2.12304688->2.18945312
PROBE acc tid=8 net=(51,230,101) tile=9 origin=(0,133,67) g=0.0211639404 n=0.593261719->0.614257812 c0:y=2.46565342,a=1.54003906->1.59179688 c1:y=-5.81122875,a=-3.56835938->-3.69140625 c2:y=3.3398149,a=2.0234375->2.09375
PROBE acc tid=8 net=(51,230,102) tile=9 origin=(0,133,67) g=0.0235443115 n=0.587890625->0.611328125 c0:y=2.96948123,a=1.85058594->1.92089844 c1:y=-6.00865269,a=-3.65429688->-3.79492188 c2:y=3.0360806,a=1.80078125->1.87207031
PROBE acc tid=8 net=(51,230,103) tile=9 origin=(0,133,67) g=0.0261535645 n=0.581542969->0.607910156 c0:y=3.63381124,a=2.17382812->2.26953125 c1:y=-6.16435957,a=-3.72265625->-3.88476562 c2:y=2.53170896,a=1.54785156->1.61425781
PROBE acc tid=8 net=(51,231,100) tile=9 origin=(0,133,67) g=0.0189361572 n=0.595214844->0.614257812 c0:y=1.24273396,a=0.814941406->0.838378906 c1:y=-6.32385254,a=-3.84375->-3.96289062 c2:y=5.04959011,a=3.00976562->3.10546875
PROBE acc tid=8 net=(51,231,101) tile=9 origin=(0,133,67) g=0.0211029053 n=0.590820312->0.611816406 c0:y=1.41426992,a=0.94140625->0.971191406 c1:y=-6.32295656,a=-3.83984375->-3.97265625 c2:y=4.8816576,a=2.8828125->2.98632812
PROBE acc tid=8 net=(51,231,102) tile=9 origin=(0,133,67) g=0.0234832764 n=0.585449219->0.608886719 c0:y=1.7755574,a=1.12792969->1.16992188 c1:y=-6.22016335,a=-3.72070312->-3.8671875 c2:y=4.42430067,a=2.58007812->2.68359375
PROBE acc tid=8 net=(51,231,103) tile=9 origin=(0,133,67) g=0.0260925293 n=0.578613281->0.604492188 c0:y=2.19322824,a=1.36035156->1.41796875 c1:y=-6.0737133,a=-3.64453125->-3.80273438 c2:y=3.8691864,a=2.27539062->2.37695312
PROBE acc tid=8 net=(51,232,100) tile=9 origin=(0,133,67) g=0.0188598633 n=0.591796875->0.610839844 c0:y=1.26103222,a=0.812988281->0.836914062 c1:y=-7.1192441,a=-4.29296875->-4.42578125 c2:y=5.82756329,a=3.4609375->3.5703125
PROBE acc tid=8 net=(51,232,101) tile=9 origin=(0,133,67) g=0.0210113525 n=0.587402344->0.608398438 c0:y=1.31033266,a=0.83984375->0.8671875 c1:y=-6.98325539,a=-4.203125->-4.3515625 c2:y=5.64277029,a=3.34375->3.46289062
PROBE acc tid=8 net=(51,232,102) tile=9 origin=(0,133,67) g=0.0233917236 n=0.58203125->0.60546875 c0:y=1.29376674,a=0.807128906->0.837402344 c1:y=-6.50739527,a=-3.87304688->-4.0234375 c2:y=5.18265629,a=3.046875->3.16796875
PROBE acc tid=8 net=(51,232,103) tile=9 origin=(0,133,67) g=0.025970459 n=0.574707031->0.600585938 c0:y=1.71485913,a=1.03320312->1.078125 c1:y=-6.19064379,a=-3.6796875->-3.83984375 c2:y=4.45205784,a=2.63085938->2.74609375
PROBE acc tid=8 net=(52,229,100) tile=9 origin=(0,133,67) g=0.0140151978 n=0.442382812->0.456298828 c0:y=4.61378622,a=2.0703125->2.13476562 c1:y=-5.77654076,a=-2.62304688->-2.703125 c2:y=1.18678951,a=0.5625->0.579101562
PROBE acc tid=8 net=(52,229,101) tile=9 origin=(0,133,67) g=0.0156173706 n=0.438964844->0.454589844 c0:y=4.85113049,a=2.1328125->2.20898438 c1:y=-5.67299461,a=-2.57226562->-2.66015625 c2:y=0.848616838,a=0.450927734->0.464111328
PROBE acc tid=8 net=(52,229,102) tile=9 origin=(0,133,67) g=0.0173797607 n=0.434814453->0.452148438 c0:y=4.88218784,a=2.1171875->2.20117188 c1:y=-5.52304888,a=-2.50195312->-2.59765625 c2:y=0.668299913,a=0.395751953->0.407470703
PROBE acc tid=8 net=(52,229,103) tile=9 origin=(0,133,67) g=0.0193023682 n=0.430175781->0.449462891 c0:y=4.84645891,a=2.07617188->2.16992188 c1:y=-5.22907066,a=-2.41992188->-2.52148438 c2:y=0.410224944,a=0.354003906->0.361816406
PROBE acc tid=8 net=(52,230,100) tile=9 origin=(0,133,67) g=0.013999939 n=0.440917969->0.454833984 c0:y=4.301898,a=1.91503906->1.97558594 c1:y=-5.64556265,a=-2.54882812->-2.62695312 c2:y=1.36983097,a=0.645996094->0.665039062
PROBE acc tid=8 net=(52,230,101) tile=9 origin=(0,133,67) g=0.0156097412 n=0.4375->0.453125 c0:y=4.83228016,a=2.11328125->2.18945312 c1:y=-5.62131691,a=-2.53125->-2.61914062 c2:y=0.820998907,a=0.430664062->0.443359375
PROBE acc tid=8 net=(52,230,102) tile=9 origin=(0,133,67) g=0.017364502 n=0.43359375->0.450927734 c0:y=5.04540777,a=2.20507812->2.29296875 c1:y=-5.60030317,a=-2.49414062->-2.59179688 c2:y=0.589105904,a=0.303222656->0.313476562
PROBE acc tid=8 net=(52,230,103) tile=9 origin=(0,133,67) g=0.0192871094 n=0.428710938->0.447998047 c0:y=5.01920509,a=2.15234375->2.25 c1:y=-5.27955627,a=-2.40820312->-2.50976562 c2:y=0.293401331,a=0.269287109->0.274902344
PROBE acc tid=8 net=(52,231,100) tile=9 origin=(0,133,67) g=0.013961792 n=0.438964844->0.452880859 c0:y=3.09404826,a=1.36035156->1.40332031 c1:y=-5.29847622,a=-2.3671875->-2.44140625 c2:y=2.22306824,a=1.01464844->1.04589844
PROBE acc tid=8 net=(52,231,101) tile=9 origin=(0,133,67) g=0.0155639648 n=0.435546875->0.451171875 c0:y=3.89086509,a=1.68945312->1.75 c1:y=-5.23308563,a=-2.33984375->-2.421875 c2:y=1.37042618,a=0.661621094->0.683105469
PROBE acc tid=8 net=(52,231,102) tile=9 origin=(0,133,67) g=0.0173187256 n=0.431396484->0.448730469 c0:y=4.48924732,a=1.96582031->2.04296875 c1:y=-5.3949213,a=-2.38476562->-2.47851562 c2:y=0.937716722,a=0.432373047->0.448730469
PROBE acc tid=8 net=(52,231,103) tile=9 origin=(0,133,67) g=0.019241333 n=0.426757812->0.446044922 c0:y=4.7720809,a=2.05078125->2.14257812 c1:y=-5.42734289,a=-2.40039062->-2.50390625 c2:y=0.687057972,a=0.361328125->0.374511719
PROBE acc tid=8 net=(52,232,100) tile=9 origin=(0,133,67) g=0.0139007568 n=0.436279297->0.450195312 c0:y=2.28235269,a=0.958007812->0.989746094 c1:y=-5.36826706,a=-2.37695312->-2.45117188 c2:y=3.08524704,a=1.41601562->1.45898438
PROBE acc tid=8 net=(52,232,101) tile=9 origin=(0,133,67) g=0.0154953003 n=0.432861328->0.448242188 c0:y=2.87934351,a=1.24316406->1.28808594 c1:y=-5.11421204,a=-2.265625->-2.34570312 c2:y=2.2496891,a=1.02539062->1.06054688
PROBE acc tid=8 net=(52,232,102) tile=9 origin=(0,133,67) g=0.0172424316 n=0.428955078->0.446289062 c0:y=3.38764405,a=1.48828125->1.546875 c1:y=-5.23058987,a=-2.28710938->-2.37695312 c2:y=1.8643384,a=0.806640625->0.838867188
PROBE acc tid=8 net=(52,232,103) tile=9 origin=(0,133,67) g=0.0191497803 n=0.424072266->0.443115234 c0:y=4.02025652,a=1.70996094->1.78710938 c1:y=-5.50111818,a=-2.40625->-2.51171875 c2:y=1.50298166,a=0.704101562->0.732910156
PROBE acc tid=8 net=(50,229,100) tile=16 origin=(29,66,0) g=0.0778198242 n=0.826660156->0.904296875 c0:y=3.41525984,a=2.62109375->2.88671875 c1:y=-5.87930489,a=-4.6484375->-5.10546875 c2:y=2.48091936,a=2.02929688->2.22265625
PROBE acc tid=8 net=(50,229,101) tile=16 origin=(29,66,0) g=0.0772094727 n=0.823242188->0.900390625 c0:y=4.38964653,a=3.3046875->3.64453125 c1:y=-6.11309671,a=-4.86328125->-5.3359375 c2:y=1.74953628,a=1.56640625->1.70117188
PROBE acc tid=8 net=(50,229,102) tile=16 origin=(29,66,0) g=0.0764770508 n=0.818359375->0.895019531 c0:y=4.82664299,a=3.72851562->4.09765625 c1:y=-6.04885054,a=-4.9140625->-5.375 c2:y=1.25182617,a=1.20019531->1.29589844
PROBE acc tid=8 net=(50,229,103) tile=16 origin=(29,66,0) g=0.0756225586 n=0.813964844->0.889648438 c0:y=4.84837198,a=3.83789062->4.203125 c1:y=-5.88863611,a=-4.87890625->-5.32421875 c2:y=1.06958663,a=1.05371094->1.13476562
PROBE acc tid=8 net=(50,230,100) tile=16 origin=(29,66,0) g=0.0692138672 n=0.82421875->0.893554688 c0:y=1.00353014,a=1.5546875->1.62402344 c1:y=-5.42472219,a=-4.546875->-4.921875 c2:y=4.40140867,a=2.97070312->3.27539062
PROBE acc tid=8 net=(50,230,101) tile=16 origin=(29,66,0) g=0.0686645508 n=0.820800781->0.889648438 c0:y=1.78939092,a=1.91601562->2.0390625 c1:y=-5.4230237,a=-4.5703125->-4.94140625 c2:y=3.62867808,a=2.640625->2.890625
PROBE acc tid=8 net=(50,230,102) tile=16 origin=(29,66,0) g=0.0680541992 n=0.81640625->0.884277344 c0:y=2.48723793,a=2.3984375->2.56835938 c1:y=-5.45579576,a=-4.69140625->-5.0625 c2:y=2.97330379,a=2.28515625->2.48828125
PROBE acc tid=8 net=(50,230,103) tile=16 origin=(29,66,0) g=0.0672607422 n=0.811523438->0.87890625 c0:y=3.26149893,a=2.95703125->3.17578125 c1:y=-5.7166214,a=-4.96484375->-5.34765625 c2:y=2.46507621,a=2.0078125->2.17382812
PROBE acc tid=8 net=(50,231,100) tile=16 origin=(29,66,0) g=0.0614624023 n=0.8203125->0.881835938 c0:y=0.697132349,a=0.962402344->1.00488281 c1:y=-5.69330931,a=-4.73046875->-5.08203125 c2:y=4.97939825,a=3.7421875->4.046875
PROBE acc tid=8 net=(50,231,101) tile=16 origin=(29,66,0) g=0.0609741211 n=0.817382812->0.878417969 c0:y=0.781543851,a=1.03222656->1.08007812 c1:y=-5.46039629,a=-4.66796875->-5 c2:y=4.65917158,a=3.609375->3.89257812
PROBE acc tid=8 net=(50,231,102) tile=16 origin=(29,66,0) g=0.0603942871 n=0.8125->0.873046875 c0:y=0.845207214,a=1.31542969->1.36621094 c1:y=-5.26181269,a=-4.70703125->-5.0234375 c2:y=4.39466572,a=3.3671875->3.6328125
PROBE acc tid=8 net=(50,231,103) tile=16 origin=(29,66,0) g=0.0597229004 n=0.807128906->0.866699219 c0:y=1.22489834,a=1.7265625->1.79980469 c1:y=-5.35557318,a=-4.875->-5.1953125 c2:y=4.11221075,a=3.13476562->3.38085938
PROBE acc tid=8 net=(50,232,100) tile=16 origin=(29,66,0) g=0.054473877 n=0.815429688->0.870117188 c0:y=0.523224473,a=0.8359375->0.864257812 c1:y=-6.16954994,a=-5.01953125->-5.35546875 c2:y=5.63833761,a=4.16015625->4.46875
PROBE acc tid=8 net=(50,232,101) tile=16 origin=(29,66,0) g=0.0540466309 n=0.811523438->0.865722656 c0:y=0.615424752,a=0.944335938->0.977539062 c1:y=-5.96654701,a=-4.97265625->-5.296875 c2:y=5.33852386,a=4->4.2890625
PROBE acc tid=8 net=(50,232,102) tile=16 origin=(29,66,0) g=0.053527832 n=0.807617188->0.861328125 c0:y=0.720637679,a=1.03027344->1.06835938 c1:y=-5.76146126,a=-4.8984375->-5.20703125 c2:y=5.02375412,a=3.84375->4.11328125
PROBE acc tid=8 net=(50,232,103) tile=16 origin=(29,66,0) g=0.0529174805 n=0.802246094->0.854980469 c0:y=0.8490026,a=1.09472656->1.13964844 c1:y=-5.71349955,a=-4.8984375->-5.19921875 c2:y=4.84331465,a=3.7734375->4.03125
PROBE acc tid=8 net=(51,229,100) tile=16 origin=(29,66,0) g=0.0916748047 n=0.619140625->0.7109375 c0:y=4.2294116,a=2.39648438->2.78515625 c1:y=-5.94502735,a=-3.69726562->-4.2421875 c2:y=1.73856735,a=1.30664062->1.46582031
PROBE acc tid=8 net=(51,229,101) tile=16 origin=(29,66,0) g=0.091003418 n=0.616210938->0.70703125 c0:y=4.43400288,a=2.53710938->2.94140625 c1:y=-5.93139744,a=-3.70507812->-4.24609375 c2:y=1.52088594,a=1.17480469->1.31347656
PROBE acc tid=8 net=(51,229,102) tile=16 origin=(29,66,0) g=0.0901489258 n=0.61328125->0.703613281 c0:y=4.49996567,a=2.62304688->3.02929688 c1:y=-5.8990984,a=-3.7578125->-4.2890625 c2:y=1.41941404,a=1.13964844->1.26757812
PROBE acc tid=8 net=(51,229,103) tile=16 origin=(29,66,0) g=0.0891113281 n=0.609863281->0.69921875 c0:y=4.54474735,a=2.73046875->3.13476562 c1:y=-5.86325693,a=-3.77929688->-4.30078125 c2:y=1.33560395,a=1.05566406->1.17480469
PROBE acc tid=8 net=(51,230,100) tile=16 origin=(29,66,0) g=0.0815429688 n=0.616699219->0.698242188 c0:y=1.90667665,a=1.47851562->1.63378906 c1:y=-5.65742445,a=-3.67578125->-4.13671875 c2:y=3.74443197,a=2.18945312->2.49414062
PROBE acc tid=8 net=(51,230,101) tile=16 origin=(29,66,0) g=0.0809326172 n=0.614257812->0.6953125 c0:y=2.16302252,a=1.59179688->1.76660156 c1:y=-5.66427898,a=-3.69140625->-4.1484375 c2:y=3.49825215,a=2.09375->2.37695312
PROBE acc tid=8 net=(51,230,102) tile=16 origin=(29,66,0) g=0.0801391602 n=0.611328125->0.69140625 c0:y=2.71372199,a=1.92089844->2.13867188 c1:y=-5.80131435,a=-3.79492188->-4.26171875 c2:y=3.08787799,a=1.87207031->2.11914062
PROBE acc tid=8 net=(51,230,103) tile=16 origin=(29,66,0) g=0.079284668 n=0.607910156->0.687011719 c0:y=3.19279647,a=2.26953125->2.5234375 c1:y=-5.93146658,a=-3.88476562->-4.35546875 c2:y=2.74158072,a=1.61425781->1.83203125
PROBE acc tid=8 net=(51,231,100) tile=16 origin=(29,66,0) g=0.0723876953 n=0.614257812->0.686523438 c0:y=0.934924006,a=0.838378906->0.90625 c1:y=-6.19162607,a=-3.96289062->-4.41015625 c2:y=5.23433685,a=3.10546875->3.484375
PROBE acc tid=8 net=(51,231,101) tile=16 origin=(29,66,0) g=0.0718383789 n=0.611816406->0.68359375 c0:y=0.976691604,a=0.971191406->1.04101562 c1:y=-6.12590456,a=-3.97265625->-4.4140625 c2:y=5.12698793,a=2.98632812->3.35546875
PROBE acc tid=8 net=(51,231,102) tile=16 origin=(29,66,0) g=0.0711669922 n=0.608886719->0.680175781 c0:y=1.11919928,a=1.16992188->1.25 c1:y=-5.91853762,a=-3.8671875->-4.2890625 c2:y=4.77986479,a=2.68359375->3.0234375
PROBE acc tid=8 net=(51,231,103) tile=16 origin=(29,66,0) g=0.0703735352 n=0.604492188->0.674804688 c0:y=1.62684762,a=1.41796875->1.53222656 c1:y=-5.88868141,a=-3.80273438->-4.21875 c2:y=4.25001431,a=2.37695312->2.67578125
PROBE acc tid=8 net=(51,232,100) tile=16 origin=(29,66,0) g=0.0642089844 n=0.610839844->0.674804688 c0:y=0.846974492,a=0.836914062->0.891113281 c1:y=-6.975811,a=-4.42578125->-4.875 c2:y=6.11082602,a=3.5703125->3.96289062
PROBE acc tid=8 net=(51,232,101) tile=16 origin=(29,66,0) g=0.063659668 n=0.608398438->0.671875 c0:y=0.923838019,a=0.8671875->0.92578125 c1:y=-6.88376999,a=-4.3515625->-4.7890625 c2:y=5.9405303,a=3.46289062->3.84179688
PROBE acc tid=8 net=(51,232,102) tile=16 origin=(29,66,0) g=0.0630493164 n=0.60546875->0.668457031 c0:y=0.940555334,a=0.837402344->0.896484375 c1:y=-6.40223598,a=-4.0234375->-4.42578125 c2:y=5.44056749,a=3.16796875->3.51171875
PROBE acc tid=8 net=(51,232,103) tile=16 origin=(29,66,0) g=0.0623779297 n=0.600585938->0.663085938 c0:y=0.973387957,a=1.078125->1.13867188 c1:y=-6.00144243,a=-3.83984375->-4.21484375 c2:y=5.00444651,a=2.74609375->3.05859375
PROBE acc tid=8 net=(52,229,100) tile=16 origin=(29,66,0) g=0.106384277 n=0.456298828->0.5625 c0:y=5.20116377,a=2.13476562->2.6875 c1:y=-5.85715008,a=-2.703125->-3.32617188 c2:y=0.691952825,a=0.579101562->0.652832031
PROBE acc tid=8 net=(52,229,101) tile=16 origin=(29,66,0) g=0.105529785 n=0.454589844->0.560058594 c0:y=5.31408167,a=2.20898438->2.76953125 c1:y=-5.78722715,a=-2.66015625->-3.27148438 c2:y=0.509912789,a=0.464111328->0.518066406
PROBE acc tid=8 net=(52,229,102) tile=16 origin=(29,66,0) g=0.104553223 n=0.452148438->0.556640625 c0:y=5.27267647,a=2.20117188->2.75195312 c1:y=-5.5196991,a=-2.59765625->-3.17382812 c2:y=0.281715095,a=0.407470703->0.437011719
PROBE acc tid=8 net=(52,229,103) tile=16 origin=(29,66,0) g=0.103393555 n=0.449462891->0.552734375 c0:y=5.13955164,a=2.16992188->2.70117188 c1:y=-5.26355219,a=-2.52148438->-3.06640625 c2:y=0.156663984,a=0.361816406->0.377929688
PROBE acc tid=8 net=(52,230,100) tile=16 origin=(29,66,0) g=0.0946044922 n=0.454833984->0.549316406 c0:y=4.97272015,a=1.97558594->2.4453125 c1:y=-5.90198708,a=-2.62695312->-3.18554688 c2:y=0.970195711,a=0.665039062->0.756835938
PROBE acc tid=8 net=(52,230,101) tile=16 origin=(29,66,0) g=0.0938720703 n=0.453125->0.546875 c0:y=5.36867285,a=2.18945312->2.69335938 c1:y=-5.93740416,a=-2.61914062->-3.17578125 c2:y=0.613268971,a=0.443359375->0.500976562
PROBE acc tid=8 net=(52,230,102) tile=16 origin=(29,66,0) g=0.092956543 n=0.450927734->0.543945312 c0:y=5.55072069,a=2.29296875->2.80859375 c1:y=-5.90532494,a=-2.59179688->-3.140625 c2:y=0.400068104,a=0.313476562->0.350585938
PROBE acc tid=8 net=(52,230,103) tile=16 origin=(29,66,0) g=0.0919189453 n=0.447998047->0.540039062 c0:y=5.43742752,a=2.25->2.75 c1:y=-5.67078733,a=-2.50976562->-3.03125 c2:y=0.276035666,a=0.274902344->0.300292969
PROBE acc tid=8 net=(52,231,100) tile=16 origin=(29,66,0) g=0.083984375 n=0.452880859->0.537109375 c0:y=3.74580026,a=1.40332031->1.71777344 c1:y=-5.60046434,a=-2.44140625->-2.91210938 c2:y=1.89155459,a=1.04589844->1.20507812
PROBE acc tid=8 net=(52,231,101) tile=16 origin=(29,66,0) g=0.0833740234 n=0.451171875->0.534667969 c0:y=4.5686965,a=1.75->2.13085938 c1:y=-5.73863077,a=-2.421875->-2.90039062 c2:y=1.21578693,a=0.683105469->0.784667969
PROBE acc tid=8 net=(52,231,102) tile=16 origin=(29,66,0) g=0.0825805664 n=0.448730469->0.53125 c0:y=5.18125105,a=2.04296875->2.47070312 c1:y=-5.85842466,a=-2.47851562->-2.96289062 c2:y=0.725726187,a=0.448730469->0.508789062
PROBE acc tid=8 net=(52,231,103) tile=16 origin=(29,66,0) g=0.0816040039 n=0.446044922->0.527832031 c0:y=5.31522369,a=2.14257812->2.57617188 c1:y=-5.81462145,a=-2.50390625->-2.97851562 c2:y=0.545204163,a=0.374511719->0.418945312
PROBE acc tid=8 net=(52,232,100) tile=16 origin=(29,66,0) g=0.0744628906 n=0.450195312->0.524414062 c0:y=2.34721494,a=0.989746094->1.1640625 c1:y=-5.56154823,a=-2.45117188->-2.86523438 c2:y=3.2301383,a=1.45898438->1.69921875
PROBE acc tid=8 net=(52,232,101) tile=16 origin=(29,66,0) g=0.0738525391 n=0.448242188->0.521972656 c0:y=3.16519094,a=1.28808594->1.52148438 c1:y=-5.53132725,a=-2.34570312->-2.75390625 c2:y=2.39944267,a=1.06054688->1.23730469
PROBE acc tid=8 net=(52,232,102) tile=16 origin=(29,66,0) g=0.0731811523 n=0.446289062->0.51953125 c0:y=3.92539477,a=1.546875->1.83398438 c1:y=-5.65629673,a=-2.37695312->-2.79101562 c2:y=1.76925445,a=0.838867188->0.968261719
PROBE acc tid=8 net=(52,232,103) tile=16 origin=(29,66,0) g=0.0723266602 n=0.443115234->0.515625 c0:y=4.39162159,a=1.78710938->2.10546875 c1:y=-5.80351591,a=-2.51171875->-2.93164062 c2:y=1.44672942,a=0.732910156->0.837402344
PROBE acc tid=8 net=(50,229,100) tile=17 origin=(29,66,67) g=0.0025177002 n=0.904296875->0.906738281 c0:y=2.23571301,a=2.88671875->2.89257812 c1:y=-5.55670071,a=-5.10546875->-5.12109375 c2:y=3.32405305,a=2.22265625->2.23046875
PROBE acc tid=8 net=(50,229,101) tile=17 origin=(29,66,67) g=0.00280570984 n=0.900390625->0.903320312 c0:y=2.55764627,a=3.64453125->3.65234375 c1:y=-5.51641178,a=-5.3359375->-5.3515625 c2:y=2.96974468,a=1.70117188->1.70996094
PROBE acc tid=8 net=(50,229,102) tile=17 origin=(29,66,67) g=0.00312232971 n=0.895019531->0.897949219 c0:y=3.10609913,a=4.09765625->4.10546875 c1:y=-5.63132715,a=-5.375->-5.39453125 c2:y=2.54086709,a=1.29589844->1.30371094
PROBE acc tid=8 net=(50,229,103) tile=17 origin=(29,66,67) g=0.00346755981 n=0.889648438->0.893066406 c0:y=3.50773501,a=4.203125->4.21484375 c1:y=-5.66829205,a=-5.32421875->-5.34375 c2:y=2.17943859,a=1.13476562->1.14257812
PROBE acc tid=8 net=(50,230,100) tile=17 origin=(29,66,67) g=0.00223922729 n=0.893554688->0.895996094 c0:y=1.2224859,a=1.62402344->1.62695312 c1:y=-5.40648031,a=-4.921875->-4.93359375 c2:y=4.1691947,a=3.27539062->3.28515625
PROBE acc tid=8 net=(50,230,101) tile=17 origin=(29,66,67) g=0.00249481201 n=0.889648438->0.892089844 c0:y=1.52517426,a=2.0390625->2.04296875 c1:y=-5.34450817,a=-4.94140625->-4.953125 c2:y=3.80968142,a=2.890625->2.90039062
PROBE acc tid=8 net=(50,230,102) tile=17 origin=(29,66,67) g=0.00277709961 n=0.884277344->0.887207031 c0:y=1.87370694,a=2.56835938->2.57421875 c1:y=-5.37852001,a=-5.0625->-5.078125 c2:y=3.50093436,a=2.48828125->2.49804688
PROBE acc tid=8 net=(50,230,103) tile=17 origin=(29,66,67) g=0.00308418274 n=0.87890625->0.881835938 c0:y=2.24352217,a=3.17578125->3.18359375 c1:y=-5.42470169,a=-5.34765625->-5.36328125 c2:y=3.18393803,a=2.17382812->2.18359375
PROBE acc tid=8 net=(50,231,100) tile=17 origin=(29,66,67) g=0.00198745728 n=0.881835938->0.883789062 c0:y=0.710342407,a=1.00488281->1.00585938 c1:y=-5.29739904,a=-5.08203125->-5.09375 c2:y=4.56723356,a=4.046875->4.0546875
PROBE acc tid=8 net=(50,231,101) tile=17 origin=(29,66,67) g=0.00221443176 n=0.878417969->0.880859375 c0:y=0.730389357,a=1.08007812->1.08203125 c1:y=-5.10510254,a=-5->-5.01171875 c2:y=4.35412025,a=3.89257812->3.90234375
PROBE acc tid=8 net=(50,231,102) tile=17 origin=(29,66,67) g=0.00246429443 n=0.873046875->0.875488281 c0:y=1.00576901,a=1.36621094->1.36914062 c1:y=-5.1787138,a=-5.0234375->-5.03515625 c2:y=4.15471649,a=3.6328125->3.64257812
PROBE acc tid=8 net=(50,231,103) tile=17 origin=(29,66,67) g=0.00273704529 n=0.866699219->0.869628906 c0:y=1.45795345,a=1.79980469->1.80371094 c1:y=-5.35129356,a=-5.1953125->-5.2109375 c2:y=3.88156247,a=3.38085938->3.390625
PROBE acc tid=8 net=(50,232,100) tile=17 origin=(29,66,67) g=0.00176143646 n=0.870117188->0.872070312 c0:y=0.618545651,a=0.864257812->0.865234375 c1:y=-5.56617022,a=-5.35546875->-5.3671875 c2:y=4.93201399,a=4.46875->4.4765625
PROBE acc tid=8 net=(50,232,101) tile=17 origin=(29,66,67) g=0.00196266174 n=0.865722656->0.867675781 c0:y=0.652359247,a=0.977539062->0.979003906 c1:y=-5.3566494,a=-5.296875->-5.30859375 c2:y=4.68698454,a=4.2890625->4.296875
PROBE acc tid=8 net=(50,232,102) tile=17 origin=(29,66,67) g=0.00218391418 n=0.861328125->0.86328125 c0:y=0.728413343,a=1.06835938->1.0703125 c1:y=-5.35315323,a=-5.20703125->-5.21875 c2:y=4.60499382,a=4.11328125->4.125
PROBE acc tid=8 net=(50,232,103) tile=17 origin=(29,66,67) g=0.00242614746 n=0.854980469->0.857421875 c0:y=0.796508551,a=1.13964844->1.14160156 c1:y=-5.36245394,a=-5.19921875->-5.2109375 c2:y=4.54411554,a=4.03125->4.04296875
PROBE acc tid=8 net=(51,229,100) tile=17 origin=(29,66,67) g=0.00296592712 n=0.7109375->0.713867188 c0:y=2.6880188,a=2.78515625->2.79296875 c1:y=-5.4525876,a=-4.2421875->-4.2578125 c2:y=2.77671123,a=1.46582031->1.47363281
PROBE acc tid=8 net=(51,229,101) tile=17 origin=(29,66,67) g=0.00330543518 n=0.70703125->0.710449219 c0:y=2.98468208,a=2.94140625->2.95117188 c1:y=-5.52933979,a=-4.24609375->-4.265625 c2:y=2.55839419,a=1.31347656->1.32226562
PROBE acc tid=8 net=(51,229,102) tile=17 origin=(29,66,67) g=0.00367736816 n=0.703613281->0.707519531 c0:y=3.17849326,a=3.02929688->3.04101562 c1:y=-5.65836573,a=-4.2890625->-4.30859375 c2:y=2.49221444,a=1.26757812->1.27636719
PROBE acc tid=8 net=(51,229,103) tile=17 origin=(29,66,67) g=0.00408554077 n=0.69921875->0.703125 c0:y=3.463943,a=3.13476562->3.1484375 c1:y=-5.75328302,a=-4.30078125->-4.32421875 c2:y=2.30081081,a=1.17480469->1.18457031
PROBE acc tid=8 net=(51,230,100) tile=17 origin=(29,66,67) g=0.00263786316 n=0.698242188->0.700683594 c0:y=1.8056215,a=1.63378906->1.63867188 c1:y=-5.65724659,a=-4.13671875->-4.15234375 c2:y=3.84564471,a=2.49414062->2.50390625
PROBE acc tid=8 net=(51,230,101) tile=17 origin=(29,66,67) g=0.00293922424 n=0.6953125->0.698242188 c0:y=1.8783201,a=1.76660156->1.77246094 c1:y=-5.62781525,a=-4.1484375->-4.1640625 c2:y=3.74613261,a=2.37695312->2.38867188
PROBE acc tid=8 net=(51,230,102) tile=17 origin=(29,66,67) g=0.00327110291 n=0.69140625->0.694824219 c0:y=2.02789474,a=2.13867188->2.14453125 c1:y=-5.65659189,a=-4.26171875->-4.28125 c2:y=3.62735558,a=2.11914062->2.13085938
PROBE acc tid=8 net=(51,230,103) tile=17 origin=(29,66,67) g=0.00363349915 n=0.687011719->0.690429688 c0:y=2.35633183,a=2.5234375->2.53125 c1:y=-5.71669865,a=-4.35546875->-4.375 c2:y=3.36166024,a=1.83203125->1.84472656
PROBE acc tid=8 net=(51,231,100) tile=17 origin=(29,66,67) g=0.00234222412 n=0.686523438->0.688964844 c0:y=0.946295738,a=0.90625->0.908691406 c1:y=-5.93906736,a=-4.41015625->-4.42578125 c2:y=4.97149563,a=3.484375->3.49609375
PROBE acc tid=8 net=(51,231,101) tile=17 origin=(29,66,67) g=0.00261116028 n=0.68359375->0.686035156 c0:y=1.15188336,a=1.04101562->1.04394531 c1:y=-5.97028732,a=-4.4140625->-4.4296875 c2:y=4.80112314,a=3.35546875->3.3671875
PROBE acc tid=8 net=(51,231,102) tile=17 origin=(29,66,67) g=0.00290489197 n=0.680175781->0.683105469 c0:y=1.3936789,a=1.25->1.25390625 c1:y=-5.97732162,a=-4.2890625->-4.3046875 c2:y=4.5697093,a=3.0234375->3.03710938
PROBE acc tid=8 net=(51,231,103) tile=17 origin=(29,66,67) g=0.00322532654 n=0.674804688->0.678222656 c0:y=1.71248925,a=1.53222656->1.53808594 c1:y=-5.95355177,a=-4.21875->-4.23828125 c2:y=4.23239231,a=2.67578125->2.68945312
PROBE acc tid=8 net=(51,232,100) tile=17 origin=(29,66,67) g=0.00207519531 n=0.674804688->0.676757812 c0:y=0.875094414,a=0.891113281->0.893066406 c1:y=-6.51494646,a=-4.875->-4.88671875 c2:y=5.6194334,a=3.96289062->3.97460938
PROBE acc tid=8 net=(51,232,101) tile=17 origin=(29,66,67) g=0.00231361389 n=0.671875->0.674316406 c0:y=0.945519567,a=0.92578125->0.927734375 c1:y=-6.45493031,a=-4.7890625->-4.8046875 c2:y=5.48970509,a=3.84179688->3.85546875
PROBE acc tid=8 net=(51,232,102) tile=17 origin=(29,66,67) g=0.00257492065 n=0.668457031->0.670898438 c0:y=0.931409597,a=0.896484375->0.898925781 c1:y=-6.1924119,a=-4.42578125->-4.44140625 c2:y=5.23992586,a=3.51171875->3.52539062
PROBE acc tid=8 net=(51,232,103) tile=17 origin=(29,66,67) g=0.0028591156 n=0.663085938->0.666015625 c0:y=1.16307127,a=1.13867188->1.14160156 c1:y=-5.98680782,a=-4.21484375->-4.23046875 c2:y=4.80545616,a=3.05859375->3.07226562
PROBE acc tid=8 net=(52,229,100) tile=17 origin=(29,66,67) g=0.00344085693 n=0.5625->0.565917969 c0:y=3.8792274,a=2.6875->2.70117188 c1:y=-5.6313591,a=-3.32617188->-3.34570312 c2:y=1.77756715,a=0.652832031->0.659179688
PROBE acc tid=8 net=(52,229,101) tile=17 origin=(29,66,67) g=0.00383377075 n=0.560058594->0.563964844 c0:y=4.16915131,a=2.76953125->2.78515625 c1:y=-5.66732454,a=-3.27148438->-3.29296875 c2:y=1.52612233,a=0.518066406->0.523925781
PROBE acc tid=8 net=(52,229,102) tile=17 origin=(29,66,67) g=0.00426483154 n=0.556640625->0.561035156 c0:y=4.26442051,a=2.75195312->2.76953125 c1:y=-5.71535444,a=-3.17382812->-3.19726562 c2:y=1.47929168,a=0.437011719->0.443359375
PROBE acc tid=8 net=(52,229,103) tile=17 origin=(29,66,67) g=0.004737854 n=0.552734375->0.557617188 c0:y=4.29792786,a=2.70117188->2.72070312 c1:y=-5.61882639,a=-3.06640625->-3.09375 c2:y=1.34904194,a=0.377929688->0.384277344
PROBE acc tid=8 net=(52,230,100) tile=17 origin=(29,66,67) g=0.00305938721 n=0.549316406->0.552246094 c0:y=3.39797974,a=2.4453125->2.45507812 c1:y=-5.5412612,a=-3.18554688->-3.203125 c2:y=2.16834307,a=0.756835938->0.763671875
PROBE acc tid=8 net=(52,230,101) tile=17 origin=(29,66,67) g=0.00341033936 n=0.546875->0.550292969 c0:y=3.8817389,a=2.69335938->2.70703125 c1:y=-5.6359458,a=-3.17578125->-3.1953125 c2:y=1.78450871,a=0.500976562->0.506835938
PROBE acc tid=8 net=(52,230,102) tile=17 origin=(29,66,67) g=0.00379562378 n=0.543945312->0.547851562 c0:y=4.21475315,a=2.80859375->2.82421875 c1:y=-5.73130798,a=-3.140625->-3.16210938 c2:y=1.54919505,a=0.350585938->0.356445312
PROBE acc tid=8 net=(52,230,103) tile=17 origin=(29,66,67) g=0.00421524048 n=0.540039062->0.544433594 c0:y=4.37557983,a=2.75->2.76757812 c1:y=-5.72999144,a=-3.03125->-3.0546875 c2:y=1.38819051,a=0.300292969->0.306152344
PROBE acc tid=8 net=(52,231,100) tile=17 origin=(29,66,67) g=0.00271606445 n=0.537109375->0.540039062 c0:y=2.64905667,a=1.71777344->1.72460938 c1:y=-5.49586248,a=-2.91210938->-2.92773438 c2:y=2.8650918,a=1.20507812->1.21289062
PROBE acc tid=8 net=(52,231,101) tile=17 origin=(29,66,67) g=0.00302886963 n=0.534667969->0.537597656 c0:y=2.92895532,a=2.13085938->2.140625 c1:y=-5.36253548,a=-2.90039062->-2.91601562 c2:y=2.46097898,a=0.784667969->0.791992188
PROBE acc tid=8 net=(52,231,102) tile=17 origin=(29,66,67) g=0.00336837769 n=0.53125->0.534667969 c0:y=3.52968383,a=2.47070312->2.48242188 c1:y=-5.50987577,a=-2.96289062->-2.98242188 c2:y=2.01146698,a=0.508789062->0.515625
PROBE acc tid=8 net=(52,231,103) tile=17 origin=(29,66,67) g=0.00374221802 n=0.527832031->0.531738281 c0:y=4.05893517,a=2.57617188->2.59179688 c1:y=-5.62448406,a=-2.97851562->-3 c2:y=1.59893107,a=0.418945312->0.425048828
PROBE acc tid=8 net=(52,232,100) tile=17 origin=(29,66,67) g=0.00240707397 n=0.524414062->0.526855469 c0:y=2.01591134,a=1.1640625->1.16894531 c1:y=-5.6321559,a=-2.86523438->-2.87890625 c2:y=3.6210475,a=1.69921875->1.70800781
PROBE acc tid=8 net=(52,232,101) tile=17 origin=(29,66,67) g=0.00268363953 n=0.521972656->0.524414062 c0:y=2.47969365,a=1.52148438->1.52832031 c1:y=-5.52950907,a=-2.75390625->-2.76953125 c2:y=3.06677961,a=1.23730469->1.24511719
PROBE acc tid=8 net=(52,232,102) tile=17 origin=(29,66,67) g=0.00298690796 n=0.51953125->0.522460938 c0:y=2.76842189,a=1.83398438->1.84179688 c1:y=-5.49439192,a=-2.79101562->-2.80664062 c2:y=2.74722171,a=0.968261719->0.9765625
PROBE acc tid=8 net=(52,232,103) tile=17 origin=(29,66,67) g=0.00331687927 n=0.515625->0.519042969 c0:y=3.29144239,a=2.10546875->2.1171875 c1:y=-5.60214567,a=-2.93164062->-2.95117188 c2:y=2.33430576,a=0.837402344->0.845214844
PROBE acc tid=8 net=(50,229,100) tile=20 origin=(29,133,0) g=3.83203125 n=0.906738281->4.73828125 c0:y=2.2464025,a=2.89257812->11.5 c1:y=-5.47446346,a=-5.12109375->-26.09375 c2:y=3.22678638,a=2.23046875->14.59375
PROBE acc tid=8 net=(50,229,101) tile=20 origin=(29,133,0) g=3.80273438 n=0.903320312->4.70703125 c0:y=2.80644846,a=3.65234375->14.328125 c1:y=-5.51965094,a=-5.3515625->-26.34375 c2:y=2.72155881,a=1.70996094->12.0625
PROBE acc tid=8 net=(50,229,102) tile=20 origin=(29,133,0) g=3.765625 n=0.897949219->4.6640625 c0:y=3.47605014,a=4.10546875->17.1875 c1:y=-5.62592506,a=-5.39453125->-26.578125 c2:y=2.16430259,a=1.30371094->9.453125
PROBE acc tid=8 net=(50,229,103) tile=20 origin=(29,133,0) g=3.72460938 n=0.893066406->4.6171875 c0:y=3.78950429,a=4.21484375->18.328125 c1:y=-5.65732574,a=-5.34375->-26.421875 c2:y=1.88501048,a=1.14257812->8.1640625
PROBE acc tid=8 net=(50,230,100) tile=20 origin=(29,133,0) g=3.828125 n=0.895996094->4.72265625 c0:y=0.915269256,a=1.62695312->5.12890625 c1:y=-5.23457479,a=-4.93359375->-24.96875 c2:y=4.29601288,a=3.28515625->19.734375
PROBE acc tid=8 net=(50,230,101) tile=20 origin=(29,133,0) g=3.79882812 n=0.892089844->4.69140625 c0:y=1.33202648,a=2.04296875->7.1015625 c1:y=-5.21369505,a=-4.953125->-24.765625 c2:y=3.86464047,a=2.90039062->17.578125
PROBE acc tid=8 net=(50,230,102) tile=20 origin=(29,133,0) g=3.76367188 n=0.887207031->4.65234375 c0:y=1.72308624,a=2.57421875->9.0625 c1:y=-5.18644476,a=-5.078125->-24.59375 c2:y=3.45331907,a=2.49804688->15.4921875
PROBE acc tid=8 net=(50,230,103) tile=20 origin=(29,133,0) g=3.72070312 n=0.881835938->4.6015625 c0:y=2.04984045,a=3.18359375->10.8125 c1:y=-5.27627945,a=-5.36328125->-25 c2:y=3.22245002,a=2.18359375->14.171875
PROBE acc tid=8 net=(50,231,100) tile=20 origin=(29,133,0) g=3.81835938 n=0.883789062->4.703125 c0:y=0.759114027,a=1.00585938->3.90429688 c1:y=-5.54536676,a=-5.09375->-26.265625 c2:y=4.76601696,a=4.0546875->22.25
PROBE acc tid=8 net=(50,231,101) tile=20 origin=(29,133,0) g=3.7890625 n=0.880859375->4.671875 c0:y=0.806850553,a=1.08203125->4.140625 c1:y=-5.36668301,a=-5.01171875->-25.34375 c2:y=4.5378952,a=3.90234375->21.09375
PROBE acc tid=8 net=(50,231,102) tile=20 origin=(29,133,0) g=3.75390625 n=0.875488281->4.62890625 c0:y=0.852474213,a=1.36914062->4.5703125 c1:y=-5.22467756,a=-5.03515625->-24.640625 c2:y=4.34869242,a=3.64257812->19.96875
PROBE acc tid=8 net=(50,231,103) tile=20 origin=(29,133,0) g=3.7109375 n=0.869628906->4.58203125 c0:y=1.01481366,a=1.80371094->5.5703125 c1:y=-5.31050396,a=-5.2109375->-24.921875 c2:y=4.27189827,a=3.390625->19.25
PROBE acc tid=8 net=(50,232,100) tile=20 origin=(29,133,0) g=3.80273438 n=0.872070312->4.67578125 c0:y=0.644519806,a=0.865234375->3.31640625 c1:y=-5.88915348,a=-5.3671875->-27.765625 c2:y=5.22956896,a=4.4765625->24.359375
PROBE acc tid=8 net=(50,232,101) tile=20 origin=(29,133,0) g=3.7734375 n=0.867675781->4.640625 c0:y=0.713397622,a=0.979003906->3.671875 c1:y=-5.73667288,a=-5.30859375->-26.953125 c2:y=5.00552654,a=4.296875->23.1875
PROBE acc tid=8 net=(50,232,102) tile=20 origin=(29,133,0) g=3.73632812 n=0.86328125->4.6015625 c0:y=0.775456786,a=1.0703125->3.96679688 c1:y=-5.54993582,a=-5.21875->-25.953125 c2:y=4.75376654,a=4.125->21.890625
PROBE acc tid=8 net=(50,232,103) tile=20 origin=(29,133,0) g=3.6953125 n=0.857421875->4.5546875 c0:y=0.874825597,a=1.14160156->4.375 c1:y=-5.56687164,a=-5.2109375->-25.78125 c2:y=4.66817713,a=4.04296875->21.296875
PROBE acc tid=8 net=(51,229,100) tile=20 origin=(29,133,0) g=4.515625 n=0.713867188->5.23046875 c0:y=3.03683949,a=2.79296875->16.5 c1:y=-5.67281914,a=-4.2578125->-29.875 c2:y=2.64620233,a=1.47363281->13.421875
PROBE acc tid=8 net=(51,229,101) tile=20 origin=(29,133,0) g=4.48046875 n=0.710449219->5.19140625 c0:y=3.25727654,a=2.95117188->17.546875 c1:y=-5.70305777,a=-4.265625->-29.8125 c2:y=2.45700407,a=1.32226562->12.328125
PROBE acc tid=8 net=(51,229,102) tile=20 origin=(29,133,0) g=4.4375 n=0.707519531->5.14453125 c0:y=3.41470242,a=3.04101562->18.1875 c1:y=-5.77022171,a=-4.30859375->-29.90625 c2:y=2.36457705,a=1.27636719->11.765625
PROBE acc tid=8 net=(51,229,103) tile=20 origin=(29,133,0) g=4.38671875 n=0.703125->5.08984375 c0:y=3.65433908,a=3.1484375->19.171875 c1:y=-5.87800264,a=-4.32421875->-30.109375 c2:y=2.23088956,a=1.18457031->10.96875
PROBE acc tid=8 net=(51,230,100) tile=20 origin=(29,133,0) g=4.51171875 n=0.700683594->5.2109375 c0:y=1.72090447,a=1.63867188->9.40625 c1:y=-5.76580858,a=-4.15234375->-30.171875 c2:y=4.03350163,a=2.50390625->20.703125
PROBE acc tid=8 net=(51,230,101) tile=20 origin=(29,133,0) g=4.4765625 n=0.698242188->5.17578125 c0:y=1.80193889,a=1.77246094->9.8359375 c1:y=-5.77760696,a=-4.1640625->-30.03125 c2:y=3.96689677,a=2.38867188->20.140625
PROBE acc tid=8 net=(51,230,102) tile=20 origin=(29,133,0) g=4.43359375 n=0.694824219->5.12890625 c0:y=1.94444358,a=2.14453125->10.765625 c1:y=-5.71619892,a=-4.28125->-29.625 c2:y=3.76662183,a=2.13085938->18.828125
PROBE acc tid=8 net=(51,230,103) tile=20 origin=(29,133,0) g=4.3828125 n=0.690429688->5.07421875 c0:y=2.37485933,a=2.53125->12.9375 c1:y=-5.84599924,a=-4.375->-30 c2:y=3.46883273,a=1.84472656->17.046875
PROBE acc tid=8 net=(51,231,100) tile=20 origin=(29,133,0) g=4.5 n=0.688964844->5.1875 c0:y=0.994421959,a=0.908691406->5.3828125 c1:y=-6.3829174,a=-4.42578125->-33.15625 c2:y=5.36392689,a=3.49609375->27.640625
PROBE acc tid=8 net=(51,231,101) tile=20 origin=(29,133,0) g=4.46484375 n=0.686035156->5.15234375 c0:y=1.02977133,a=1.04394531->5.640625 c1:y=-6.43256903,a=-4.4296875->-33.15625 c2:y=5.37901592,a=3.3671875->27.390625
PROBE acc tid=8 net=(51,231,102) tile=20 origin=(29,133,0) g=4.421875 n=0.683105469->5.10546875 c0:y=1.01394796,a=1.25390625->5.73828125 c1:y=-6.17193508,a=-4.3046875->-31.59375 c2:y=5.13442469,a=3.03710938->25.734375
PROBE acc tid=8 net=(51,231,103) tile=20 origin=(29,133,0) g=4.37109375 n=0.678222656->5.05078125 c0:y=1.4599961,a=1.53808594->7.91796875 c1:y=-6.12664986,a=-4.23828125->-31.015625 c2:y=4.64939117,a=2.68945312->23.015625
PROBE acc tid=8 net=(51,232,100) tile=20 origin=(29,133,0) g=4.48046875 n=0.676757812->5.15625 c0:y=0.987538218,a=0.893066406->5.31640625 c1:y=-7.02743912,a=-4.88671875->-36.375 c2:y=6.01738214,a=3.97460938->30.9375
PROBE acc tid=8 net=(51,232,101) tile=20 origin=(29,133,0) g=4.4453125 n=0.674316406->5.12109375 c0:y=1.03324604,a=0.927734375->5.51953125 c1:y=-7.01750851,a=-4.8046875->-36 c2:y=5.96189785,a=3.85546875->30.359375
PROBE acc tid=8 net=(51,232,102) tile=20 origin=(29,133,0) g=4.40234375 n=0.670898438->5.07421875 c0:y=1.00113153,a=0.898925781->5.3046875 c1:y=-6.51346254,a=-4.44140625->-33.125 c2:y=5.48918581,a=3.52539062->27.6875
PROBE acc tid=8 net=(51,232,103) tile=20 origin=(29,133,0) g=4.35546875 n=0.666015625->5.0234375 c0:y=1.00915074,a=1.14160156->5.53515625 c1:y=-6.1215086,a=-4.23046875->-30.890625 c2:y=5.08688021,a=3.07226562->25.234375
PROBE acc tid=8 net=(52,229,100) tile=20 origin=(29,133,0) g=5.23828125 n=0.565917969->5.8046875 c0:y=4.40523338,a=2.70117188->25.78125 c1:y=-5.69554186,a=-3.34570312->-33.1875 c2:y=1.31676149,a=0.659179688->7.55859375
PROBE acc tid=8 net=(52,229,101) tile=20 origin=(29,133,0) g=5.1953125 n=0.563964844->5.7578125 c0:y=4.65900755,a=2.78515625->26.984375 c1:y=-5.6806035,a=-3.29296875->-32.8125 c2:y=1.05053043,a=0.523925781->5.98046875
PROBE acc tid=8 net=(52,229,102) tile=20 origin=(29,133,0) g=5.1484375 n=0.561035156->5.7109375 c0:y=4.68680954,a=2.76953125->26.90625 c1:y=-5.62009048,a=-3.19726562->-32.125 c2:y=0.962827444,a=0.443359375->5.40234375
PROBE acc tid=8 net=(52,229,103) tile=20 origin=(29,133,0) g=5.08984375 n=0.557617188->5.6484375 c0:y=4.60661459,a=2.72070312->26.171875 c1:y=-5.4159646,a=-3.09375->-30.65625 c2:y=0.837489426,a=0.384277344->4.6484375
PROBE acc tid=8 net=(52,230,100) tile=20 origin=(29,133,0) g=5.234375 n=0.552246094->5.78515625 c0:y=3.98763728,a=2.45507812->23.328125 c1:y=-5.60466719,a=-3.203125->-32.53125 c2:y=1.64540148,a=0.763671875->9.375
PROBE acc tid=8 net=(52,230,101) tile=20 origin=(29,133,0) g=5.19140625 n=0.550292969->5.7421875 c0:y=4.50477839,a=2.70703125->26.09375 c1:y=-5.68900442,a=-3.1953125->-32.71875 c2:y=1.21802092,a=0.506835938->6.828125
PROBE acc tid=8 net=(52,230,102) tile=20 origin=(29,133,0) g=5.14453125 n=0.547851562->5.69140625 c0:y=4.79826832,a=2.82421875->27.515625 c1:y=-5.71197319,a=-3.16210938->-32.5625 c2:y=0.950291991,a=0.356445312->5.24609375
PROBE acc tid=8 net=(52,230,103) tile=20 origin=(29,133,0) g=5.0859375 n=0.544433594->5.62890625 c0:y=4.80222034,a=2.76757812->27.1875 c1:y=-5.65013123,a=-3.0546875->-31.796875 c2:y=0.883943915,a=0.306152344->4.80078125
PROBE acc tid=8 net=(52,231,100) tile=20 origin=(29,133,0) g=5.21875 n=0.540039062->5.7578125 c0:y=2.89213061,a=1.72460938->16.8125 c1:y=-5.45829535,a=-2.92773438->-31.40625 c2:y=2.5867331,a=1.21289062->14.7109375
PROBE acc tid=8 net=(52,231,101) tile=20 origin=(29,133,0) g=5.1796875 n=0.537597656->5.71875 c0:y=3.41492605,a=2.140625->19.828125 c1:y=-5.38184357,a=-2.91601562->-30.796875 c2:y=1.99738693,a=0.791992188->11.140625
PROBE acc tid=8 net=(52,231,102) tile=20 origin=(29,133,0) g=5.12890625 n=0.534667969->5.6640625 c0:y=4.10534859,a=2.48242188->23.53125 c1:y=-5.50962019,a=-2.98242188->-31.234375 c2:y=1.43967843,a=0.515625->7.8984375
PROBE acc tid=8 net=(52,231,103) tile=20 origin=(29,133,0) g=5.0703125 n=0.531738281->5.6015625 c0:y=4.46747589,a=2.59179688->25.25 c1:y=-5.5884304,a=-3->-31.328125 c2:y=1.1558286,a=0.425048828->6.28515625
PROBE acc tid=8 net=(52,232,100) tile=20 origin=(29,133,0) g=5.1953125 n=0.526855469->5.72265625 c0:y=2.04229212,a=1.16894531->11.78125 c1:y=-5.55054283,a=-2.87890625->-31.71875 c2:y=3.51069117,a=1.70800781->19.953125
PROBE acc tid=8 net=(52,232,101) tile=20 origin=(29,133,0) g=5.15625 n=0.524414062->5.6796875 c0:y=2.58611536,a=1.52832031->14.859375 c1:y=-5.46380472,a=-2.76953125->-30.9375 c2:y=2.89327931,a=1.24511719->16.15625
PROBE acc tid=8 net=(52,232,102) tile=20 origin=(29,133,0) g=5.109375 n=0.522460938->5.6328125 c0:y=2.96405864,a=1.84179688->16.984375 c1:y=-5.37858534,a=-2.80664062->-30.28125 c2:y=2.43725801,a=0.9765625->13.4296875
PROBE acc tid=8 net=(52,232,103) tile=20 origin=(29,133,0) g=5.05078125 n=0.519042969->5.5703125 c0:y=3.46848822,a=2.1171875->19.640625 c1:y=-5.56117868,a=-2.95117188->-31.046875 c2:y=2.11566448,a=0.845214844->11.53125
PROBE acc tid=8 net=(50,229,100) tile=21 origin=(29,133,67) g=0.123901367 n=4.73828125->4.86328125 c0:y=1.83943117,a=11.5->11.7265625 c1:y=-5.61535311,a=-26.09375->-26.796875 c2:y=3.77164173,a=14.59375->15.0625
PROBE acc tid=8 net=(50,229,101) tile=21 origin=(29,133,67) g=0.138183594 n=4.70703125->4.84375 c0:y=2.15092683,a=14.328125->14.625 c1:y=-5.51516819,a=-26.34375->-27.109375 c2:y=3.36819744,a=12.0625->12.53125
PROBE acc tid=8 net=(50,229,102) tile=21 origin=(29,133,67) g=0.153686523 n=4.6640625->4.81640625 c0:y=2.43132925,a=17.1875->17.5625 c1:y=-5.44578505,a=-26.578125->-27.421875 c2:y=3.02475643,a=9.453125->9.921875
PROBE acc tid=8 net=(50,229,103) tile=21 origin=(29,133,67) g=0.170776367 n=4.6171875->4.7890625 c0:y=2.91943622,a=18.328125->18.828125 c1:y=-5.51078653,a=-26.421875->-27.359375 c2:y=2.60584116,a=8.1640625->8.609375
PROBE acc tid=8 net=(50,230,100) tile=21 origin=(29,133,67) g=0.123840332 n=4.72265625->4.84765625 c0:y=0.926999331,a=5.12890625->5.2421875 c1:y=-5.44198704,a=-24.96875->-25.640625 c2:y=4.49656916,a=19.734375->20.296875
PROBE acc tid=8 net=(50,230,101) tile=21 origin=(29,133,67) g=0.138061523 n=4.69140625->4.828125 c0:y=1.21345544,a=7.1015625->7.26953125 c1:y=-5.325562,a=-24.765625->-25.5 c2:y=4.098598,a=17.578125->18.140625
PROBE acc tid=8 net=(50,230,102) tile=21 origin=(29,133,67) g=0.153564453 n=4.65234375->4.8046875 c0:y=1.55053997,a=9.0625->9.296875 c1:y=-5.33479452,a=-24.59375->-25.40625 c2:y=3.7757566,a=15.4921875->16.078125
PROBE acc tid=8 net=(50,230,103) tile=21 origin=(29,133,67) g=0.170532227 n=4.6015625->4.7734375 c0:y=1.85057724,a=10.8125->11.125 c1:y=-5.3547883,a=-25->-25.90625 c2:y=3.50136352,a=14.171875->14.765625
PROBE acc tid=8 net=(50,231,100) tile=21 origin=(29,133,67) g=0.123474121 n=4.703125->4.828125 c0:y=0.692739487,a=3.90429688->3.99023438 c1:y=-5.53786659,a=-26.265625->-26.953125 c2:y=4.82676029,a=22.25->22.84375
PROBE acc tid=8 net=(50,231,101) tile=21 origin=(29,133,67) g=0.137695312 n=4.671875->4.80859375 c0:y=0.704482555,a=4.140625->4.23828125 c1:y=-5.30371952,a=-25.34375->-26.078125 c2:y=4.58009529,a=21.09375->21.71875
PROBE acc tid=8 net=(50,231,102) tile=21 origin=(29,133,67) g=0.153198242 n=4.62890625->4.78125 c0:y=0.760986567,a=4.5703125->4.6875 c1:y=-5.28612852,a=-24.640625->-25.453125 c2:y=4.50439835,a=19.96875->20.65625
PROBE acc tid=8 net=(50,231,103) tile=21 origin=(29,133,67) g=0.170166016 n=4.58203125->4.75390625 c0:y=1.13936257,a=5.5703125->5.765625 c1:y=-5.42570305,a=-24.921875->-25.84375 c2:y=4.2701683,a=19.25->19.984375
PROBE acc tid=8 net=(50,232,100) tile=21 origin=(29,133,67) g=0.12298584 n=4.67578125->4.796875 c0:y=0.632930279,a=3.31640625->3.39453125 c1:y=-5.78907108,a=-27.765625->-28.484375 c2:y=5.1409421,a=24.359375->24.984375
PROBE acc tid=8 net=(50,232,101) tile=21 origin=(29,133,67) g=0.137084961 n=4.640625->4.77734375 c0:y=0.653362274,a=3.671875->3.76171875 c1:y=-5.56759453,a=-26.953125->-27.71875 c2:y=4.89771366,a=23.1875->23.859375
PROBE acc tid=8 net=(50,232,102) tile=21 origin=(29,133,67) g=0.15246582 n=4.6015625->4.75390625 c0:y=0.720782042,a=3.96679688->4.078125 c1:y=-5.571455,a=-25.953125->-26.796875 c2:y=4.83172464,a=21.890625->22.625
PROBE acc tid=8 net=(50,232,103) tile=21 origin=(29,133,67) g=0.169433594 n=4.5546875->4.72265625 c0:y=0.782820225,a=4.375->4.5078125 c1:y=-5.55971718,a=-25.78125->-26.71875 c2:y=4.75590229,a=21.296875->22.109375
PROBE acc tid=8 net=(51,229,100) tile=21 origin=(29,133,67) g=0.145996094 n=5.23046875->5.375 c0:y=2.27393913,a=16.5->16.828125 c1:y=-5.50222635,a=-29.875->-30.671875 c2:y=3.23420095,a=13.421875->13.890625
PROBE acc tid=8 net=(51,229,101) tile=21 origin=(29,133,67) g=0.162719727 n=5.19140625->5.35546875 c0:y=2.29525113,a=17.546875->17.921875 c1:y=-5.44636774,a=-29.8125->-30.703125 c2:y=3.15856695,a=12.328125->12.84375
PROBE acc tid=8 net=(51,229,102) tile=21 origin=(29,133,67) g=0.181152344 n=5.14453125->5.32421875 c0:y=2.52678061,a=18.1875->18.640625 c1:y=-5.62257862,a=-29.90625->-30.921875 c2:y=3.10162687,a=11.765625->12.328125
PROBE acc tid=8 net=(51,229,103) tile=21 origin=(29,133,67) g=0.201171875 n=5.08984375->5.2890625 c0:y=2.97532392,a=19.171875->19.765625 c1:y=-5.78282547,a=-30.109375->-31.265625 c2:y=2.81375527,a=10.96875->11.53125
PROBE acc tid=8 net=(51,230,100) tile=21 origin=(29,133,67) g=0.145874023 n=5.2109375->5.35546875 c0:y=1.52596462,a=9.40625->9.625 c1:y=-5.76217079,a=-30.171875->-31.015625 c2:y=4.2266531,a=20.703125->21.3125
PROBE acc tid=8 net=(51,230,101) tile=21 origin=(29,133,67) g=0.162597656 n=5.17578125->5.33984375 c0:y=1.59821641,a=9.8359375->10.09375 c1:y=-5.76460314,a=-30.03125->-30.96875 c2:y=4.15932369,a=20.140625->20.8125
PROBE acc tid=8 net=(51,230,102) tile=21 origin=(29,133,67) g=0.180908203 n=5.12890625->5.30859375 c0:y=1.79431999,a=10.765625->11.09375 c1:y=-5.83265591,a=-29.625->-30.6875 c2:y=4.03361654,a=18.828125->19.5625
PROBE acc tid=8 net=(51,230,103) tile=21 origin=(29,133,67) g=0.200927734 n=5.07421875->5.2734375 c0:y=1.98186672,a=12.9375->13.3359375 c1:y=-5.80447197,a=-30->-31.171875 c2:y=3.82121348,a=17.046875->17.8125
PROBE acc tid=8 net=(51,231,100) tile=21 origin=(29,133,67) g=0.145507812 n=5.1875->5.33203125 c0:y=0.882055283,a=5.3828125->5.51171875 c1:y=-6.32825804,a=-33.15625->-34.0625 c2:y=5.42501879,a=27.640625->28.4375
PROBE acc tid=8 net=(51,231,101) tile=21 origin=(29,133,67) g=0.162231445 n=5.15234375->5.31640625 c0:y=0.94659853,a=5.640625->5.79296875 c1:y=-6.32889748,a=-33.15625->-34.1875 c2:y=5.36273909,a=27.390625->28.265625
PROBE acc tid=8 net=(51,231,102) tile=21 origin=(29,133,67) g=0.180419922 n=5.10546875->5.28515625 c0:y=1.11624873,a=5.73828125->5.94140625 c1:y=-6.2797513,a=-31.59375->-32.71875 c2:y=5.14575768,a=25.734375->26.65625
PROBE acc tid=8 net=(51,231,103) tile=21 origin=(29,133,67) g=0.200439453 n=5.05078125->5.25 c0:y=1.47916186,a=7.91796875->8.2109375 c1:y=-6.22820902,a=-31.015625->-32.25 c2:y=4.73660374,a=23.015625->23.96875
PROBE acc tid=8 net=(51,232,100) tile=21 origin=(29,133,67) g=0.144897461 n=5.15625->5.30078125 c0:y=0.916481376,a=5.31640625->5.44921875 c1:y=-6.96593857,a=-36.375->-37.375 c2:y=6.02950859,a=30.9375->31.8125
PROBE acc tid=8 net=(51,232,101) tile=21 origin=(29,133,67) g=0.161499023 n=5.12109375->5.28125 c0:y=0.973753095,a=5.51953125->5.67578125 c1:y=-6.89390707,a=-36->-37.125 c2:y=5.90144444,a=30.359375->31.3125
PROBE acc tid=8 net=(51,232,102) tile=21 origin=(29,133,67) g=0.1796875 n=5.07421875->5.25390625 c0:y=0.93690145,a=5.3046875->5.47265625 c1:y=-6.55960464,a=-33.125->-34.3125 c2:y=5.60253191,a=27.6875->28.6875
PROBE acc tid=8 net=(51,232,103) tile=21 origin=(29,133,67) g=0.199584961 n=5.0234375->5.22265625 c0:y=0.93473959,a=5.53515625->5.72265625 c1:y=-6.19147587,a=-30.890625->-32.125 c2:y=5.2350235,a=25.234375->26.28125
PROBE acc tid=8 net=(52,229,100) tile=21 origin=(29,133,67) g=0.169433594 n=5.8046875->5.97265625 c0:y=3.51488042,a=25.78125->26.375 c1:y=-5.50533962,a=-33.1875->-34.125 c2:y=2.01272535,a=7.55859375->7.8984375
PROBE acc tid=8 net=(52,229,101) tile=21 origin=(29,133,67) g=0.188842773 n=5.7578125->5.9453125 c0:y=3.91871285,a=26.984375->27.71875 c1:y=-5.57254219,a=-32.8125->-33.875 c2:y=1.67962885,a=5.98046875->6.296875
PROBE acc tid=8 net=(52,229,102) tile=21 origin=(29,133,67) g=0.210083008 n=5.7109375->5.921875 c0:y=4.10398436,a=26.90625->27.765625 c1:y=-5.64109659,a=-32.125->-33.3125 c2:y=1.56428599,a=5.40234375->5.73046875
PROBE acc tid=8 net=(52,229,103) tile=21 origin=(29,133,67) g=0.233398438 n=5.6484375->5.8828125 c0:y=4.21394825,a=26.171875->27.15625 c1:y=-5.61956024,a=-30.65625->-31.96875 c2:y=1.43370605,a=4.6484375->4.984375
PROBE acc tid=8 net=(52,230,100) tile=21 origin=(29,133,67) g=0.169189453 n=5.78515625->5.953125 c0:y=2.79051733,a=23.328125->23.796875 c1:y=-5.2607522,a=-32.53125->-33.40625 c2:y=2.49146366,a=9.375->9.796875
PROBE acc tid=8 net=(52,230,101) tile=21 origin=(29,133,67) g=0.188598633 n=5.7421875->5.9296875 c0:y=3.38272357,a=26.09375->26.734375 c1:y=-5.38748693,a=-32.71875->-33.75 c2:y=2.03238463,a=6.828125->7.2109375
PROBE acc tid=8 net=(52,230,102) tile=21 origin=(29,133,67) g=0.209838867 n=5.69140625->5.90234375 c0:y=3.87431264,a=27.515625->28.328125 c1:y=-5.55827093,a=-32.5625->-33.71875 c2:y=1.71516562,a=5.24609375->5.60546875
PROBE acc tid=8 net=(52,230,103) tile=21 origin=(29,133,67) g=0.233154297 n=5.62890625->5.86328125 c0:y=4.18774128,a=27.1875->28.15625 c1:y=-5.6341958,a=-31.796875->-33.125 c2:y=1.47979379,a=4.80078125->5.14453125
PROBE acc tid=8 net=(52,231,100) tile=21 origin=(29,133,67) g=0.168823242 n=5.7578125->5.92578125 c0:y=2.40716314,a=16.8125->17.21875 c1:y=-5.57017326,a=-31.40625->-32.34375 c2:y=3.17675328,a=14.7109375->15.25
PROBE acc tid=8 net=(52,231,101) tile=21 origin=(29,133,67) g=0.188110352 n=5.71875->5.90625 c0:y=2.7328546,a=19.828125->20.34375 c1:y=-5.4043417,a=-30.796875->-31.8125 c2:y=2.69546247,a=11.140625->11.6484375
PROBE acc tid=8 net=(52,231,102) tile=21 origin=(29,133,67) g=0.209350586 n=5.6640625->5.875 c0:y=3.13298678,a=23.53125->24.1875 c1:y=-5.38273144,a=-31.234375->-32.375 c2:y=2.27915621,a=7.8984375->8.375
PROBE acc tid=8 net=(52,231,103) tile=21 origin=(29,133,67) g=0.232543945 n=5.6015625->5.8359375 c0:y=3.78668332,a=25.25->26.125 c1:y=-5.52415037,a=-31.328125->-32.625 c2:y=1.76955175,a=6.28515625->6.6953125
PROBE acc tid=8 net=(52,232,100) tile=21 origin=(29,133,67) g=0.16809082 n=5.72265625->5.890625 c0:y=1.86045492,a=11.78125->12.09375 c1:y=-5.74609184,a=-31.71875->-32.6875 c2:y=3.88751316,a=19.953125->20.609375
PROBE acc tid=8 net=(52,232,101) tile=21 origin=(29,133,67) g=0.18737793 n=5.6796875->5.8671875 c0:y=2.2760427,a=14.859375->15.2890625 c1:y=-5.60829592,a=-30.9375->-31.984375 c2:y=3.34569383,a=16.15625->16.78125
PROBE acc tid=8 net=(52,232,102) tile=21 origin=(29,133,67) g=0.208496094 n=5.6328125->5.83984375 c0:y=2.59784174,a=16.984375->17.53125 c1:y=-5.55777264,a=-30.28125->-31.4375 c2:y=2.9780829,a=13.4296875->14.046875
PROBE acc tid=8 net=(52,232,103) tile=21 origin=(29,133,67) g=0.231567383 n=5.5703125->5.80078125 c0:y=2.87660217,a=19.640625->20.3125 c1:y=-5.48258066,a=-31.046875->-32.3125 c2:y=2.62712598,a=11.53125->12.140625
PROBE final tid=8 net=(50,229,100) n=4.86328125 c0=2.41210938 c1=-5.51171875 c2=3.09765625
PROBE final tid=8 net=(50,229,101) n=4.84375 c0=3.01953125 c1=-5.59765625 c2=2.58789062
PROBE final tid=8 net=(50,229,102) n=4.81640625 c0=3.64648438 c1=-5.6953125 c2=2.06054688
PROBE final tid=8 net=(50,229,103) n=4.7890625 c0=3.93164062 c1=-5.7109375 c2=1.79785156
PROBE final tid=8 net=(50,230,100) n=4.84765625 c0=1.08105469 c1=-5.2890625 c2=4.1875
PROBE final tid=8 net=(50,230,101) n=4.828125 c0=1.50585938 c1=-5.28125 c2=3.7578125
PROBE final tid=8 net=(50,230,102) n=4.8046875 c0=1.93457031 c1=-5.2890625 c2=3.34570312
PROBE final tid=8 net=(50,230,103) n=4.7734375 c0=2.33007812 c1=-5.42578125 c2=3.09375
PROBE final tid=8 net=(50,231,100) n=4.828125 c0=0.826660156 c1=-5.58203125 c2=4.73046875
PROBE final tid=8 net=(50,231,101) n=4.80859375 c0=0.881347656 c1=-5.421875 c2=4.515625
PROBE final tid=8 net=(50,231,102) n=4.78125 c0=0.98046875 c1=-5.32421875 c2=4.3203125
PROBE final tid=8 net=(50,231,103) n=4.75390625 c0=1.21289062 c1=-5.4375 c2=4.203125
PROBE final tid=8 net=(50,232,100) n=4.796875 c0=0.707519531 c1=-5.9375 c2=5.20703125
PROBE final tid=8 net=(50,232,101) n=4.77734375 c0=0.787597656 c1=-5.80078125 c2=4.99609375
PROBE final tid=8 net=(50,232,102) n=4.75390625 c0=0.857910156 c1=-5.63671875 c2=4.7578125
PROBE final tid=8 net=(50,232,103) n=4.72265625 c0=0.954589844 c1=-5.65625 c2=4.6796875
PROBE final tid=8 net=(51,229,100) n=5.375 c0=3.13085938 c1=-5.70703125 c2=2.58398438
PROBE final tid=8 net=(51,229,101) n=5.35546875 c0=3.34570312 c1=-5.734375 c2=2.3984375
PROBE final tid=8 net=(51,229,102) n=5.32421875 c0=3.50195312 c1=-5.80859375 c2=2.31640625
PROBE final tid=8 net=(51,229,103) n=5.2890625 c0=3.73632812 c1=-5.91015625 c2=2.1796875
PROBE final tid=8 net=(51,230,100) n=5.35546875 c0=1.796875 c1=-5.79296875 c2=3.98046875
PROBE final tid=8 net=(51,230,101) n=5.33984375 c0=1.890625 c1=-5.80078125 c2=3.8984375
PROBE final tid=8 net=(51,230,102) n=5.30859375 c0=2.08984375 c1=-5.78125 c2=3.68554688
PROBE final tid=8 net=(51,230,103) n=5.2734375 c0=2.52929688 c1=-5.91015625 c2=3.37695312
PROBE final tid=8 net=(51,231,100) n=5.33203125 c0=1.03417969 c1=-6.38671875 c2=5.33203125
PROBE final tid=8 net=(51,231,101) n=5.31640625 c0=1.08984375 c1=-6.4296875 c2=5.31640625
PROBE final tid=8 net=(51,231,102) n=5.28515625 c0=1.12402344 c1=-6.19140625 c2=5.04296875
PROBE final tid=8 net=(51,231,103) n=5.25 c0=1.56445312 c1=-6.14453125 c2=4.56640625
PROBE final tid=8 net=(51,232,100) n=5.30078125 c0=1.02832031 c1=-7.05078125 c2=6
PROBE final tid=8 net=(51,232,101) n=5.28125 c0=1.07421875 c1=-7.03125 c2=5.9296875
PROBE final tid=8 net=(51,232,102) n=5.25390625 c0=1.04199219 c1=-6.53125 c2=5.4609375
PROBE final tid=8 net=(51,232,103) n=5.22265625 c0=1.09570312 c1=-6.15234375 c2=5.03125
PROBE final tid=8 net=(52,229,100) n=5.97265625 c0=4.4140625 c1=-5.71484375 c2=1.32226562
PROBE final tid=8 net=(52,229,101) n=5.9453125 c0=4.6640625 c1=-5.69921875 c2=1.05957031
PROBE final tid=8 net=(52,229,102) n=5.921875 c0=4.6875 c1=-5.625 c2=0.967773438
PROBE final tid=8 net=(52,229,103) n=5.8828125 c0=4.6171875 c1=-5.43359375 c2=0.847167969
PROBE final tid=8 net=(52,230,100) n=5.953125 c0=3.99804688 c1=-5.61328125 c2=1.64550781
PROBE final tid=8 net=(52,230,101) n=5.9296875 c0=4.5078125 c1=-5.69140625 c2=1.21582031
PROBE final tid=8 net=(52,230,102) n=5.90234375 c0=4.80078125 c1=-5.7109375 c2=0.949707031
PROBE final tid=8 net=(52,230,103) n=5.86328125 c0=4.80078125 c1=-5.6484375 c2=0.877441406
PROBE final tid=8 net=(52,231,100) n=5.92578125 c0=2.90625 c1=-5.45703125 c2=2.57421875
PROBE final tid=8 net=(52,231,101) n=5.90625 c0=3.4453125 c1=-5.38671875 c2=1.97265625
PROBE final tid=8 net=(52,231,102) n=5.875 c0=4.1171875 c1=-5.51171875 c2=1.42578125
PROBE final tid=8 net=(52,231,103) n=5.8359375 c0=4.4765625 c1=-5.58984375 c2=1.14746094
PROBE final tid=8 net=(52,232,100) n=5.890625 c0=2.05273438 c1=-5.55078125 c2=3.49804688
PROBE final tid=8 net=(52,232,101) n=5.8671875 c0=2.60546875 c1=-5.453125 c2=2.859375
PROBE final tid=8 net=(52,232,102) n=5.83984375 c0=3.00195312 c1=-5.3828125 c2=2.40625
PROBE final tid=8 net=(52,232,103) n=5.80078125 c0=3.50195312 c1=-5.5703125 c2=2.09375
PROBE crop tid=8 crop=(111,261,115) resampled=1 c0=2.90820312 c1=-5.80859375 c2=2.91015625
COMPARE C:/Users/user/Desktop/TSC++Project/paper_jiim/paper_benchmarks/data/browser_lits_v11/lits_v11_chrome_wasm_p1/lits_129__liver_vessels_all.u8: differing voxels 0 of 88604672
